/opt/st/stm32cubeide_1.11.2/plugins/com.st.stm32cube.ide.mcu.externaltools.gnu-tools-for-stm32.10.3-2021.10.linux64_1.0.100.202210260954/tools/arm-none-eabi/include/c++/10.3.1/arm-none-eabi/thumb/v7e-m+fp/hard/bits/gthr-default.h:229:1:int __gthread_key_delete(__gthread_key_t)	16	static
../Core/ControllingLib/src/../inc/././Eigen/src/Core/util/Memory.h:67:13:void Eigen::internal::throw_std_bad_alloc()	16	static
../Core/ControllingLib/src/../inc/././Eigen/src/Core/util/Memory.h:100:32:void* Eigen::internal::handmade_aligned_malloc(std::size_t, std::size_t)	24	static
../Core/ControllingLib/src/../inc/././Eigen/src/Core/util/Memory.h:114:31:void Eigen::internal::handmade_aligned_free(void*)	16	static
../Core/ControllingLib/src/../inc/././Eigen/src/Core/util/Memory.h:167:31:void Eigen::internal::check_that_malloc_is_allowed()	4	static
../Core/ControllingLib/src/../inc/././Eigen/src/Core/util/Memory.h:174:32:void* Eigen::internal::aligned_malloc(std::size_t)	24	static
../Core/ControllingLib/src/../inc/././Eigen/src/Core/util/Memory.h:198:31:void Eigen::internal::aligned_free(void*)	16	static
../Core/ControllingLib/src/../inc/././Eigen/src/Core/util/IndexedViewHelper.h:137:16:Eigen::internal::all_t::all_t()	16	static
../Core/ControllingLib/src/../inc/././Eigen/src/Core/PlainObjectBase.h:98:7:Eigen::PlainObjectBase<Eigen::Matrix<double, -1, 1> >::~PlainObjectBase()	16	static
../Core/ControllingLib/src/../inc/././Eigen/src/Core/Matrix.h:178:7:Eigen::Matrix<double, -1, 1>::~Matrix()	16	static
../Core/ControllingLib/src/closed_loop.cpp:12:4:DT::Integrator::Integrator(DT::AproximationType, double)	192	static
../Core/ControllingLib/src/closed_loop.cpp:44:4:DT::Integrator::~Integrator()	16	static
../Core/ControllingLib/src/closed_loop.cpp:48:4:DT::Derivator::Derivator(DT::AproximationType, double, double)	208	static
../Core/ControllingLib/src/closed_loop.cpp:80:4:DT::Derivator::~Derivator()	16	static
/opt/st/stm32cubeide_1.11.2/plugins/com.st.stm32cube.ide.mcu.externaltools.gnu-tools-for-stm32.10.3-2021.10.linux64_1.0.100.202210260954/tools/arm-none-eabi/include/c++/10.3.1/bits/unique_ptr.h:212:24:std::__uniq_ptr_data<_Tp, _Dp, <anonymous>, <anonymous> >& std::__uniq_ptr_data<_Tp, _Dp, <anonymous>, <anonymous> >::operator=(std::__uniq_ptr_data<_Tp, _Dp, <anonymous>, <anonymous> >&&) [with _Tp = DT::Integrator; _Dp = std::default_delete<DT::Integrator>; bool <anonymous> = true; bool <anonymous> = true]	16	static
/opt/st/stm32cubeide_1.11.2/plugins/com.st.stm32cube.ide.mcu.externaltools.gnu-tools-for-stm32.10.3-2021.10.linux64_1.0.100.202210260954/tools/arm-none-eabi/include/c++/10.3.1/bits/unique_ptr.h:371:19:std::unique_ptr<_Tp, _Dp>& std::unique_ptr<_Tp, _Dp>::operator=(std::unique_ptr<_Tp, _Dp>&&) [with _Tp = DT::Integrator; _Dp = std::default_delete<DT::Integrator>]	16	static
/opt/st/stm32cubeide_1.11.2/plugins/com.st.stm32cube.ide.mcu.externaltools.gnu-tools-for-stm32.10.3-2021.10.linux64_1.0.100.202210260954/tools/arm-none-eabi/include/c++/10.3.1/bits/unique_ptr.h:212:24:std::__uniq_ptr_data<_Tp, _Dp, <anonymous>, <anonymous> >& std::__uniq_ptr_data<_Tp, _Dp, <anonymous>, <anonymous> >::operator=(std::__uniq_ptr_data<_Tp, _Dp, <anonymous>, <anonymous> >&&) [with _Tp = DT::Derivator; _Dp = std::default_delete<DT::Derivator>; bool <anonymous> = true; bool <anonymous> = true]	16	static
/opt/st/stm32cubeide_1.11.2/plugins/com.st.stm32cube.ide.mcu.externaltools.gnu-tools-for-stm32.10.3-2021.10.linux64_1.0.100.202210260954/tools/arm-none-eabi/include/c++/10.3.1/bits/unique_ptr.h:371:19:std::unique_ptr<_Tp, _Dp>& std::unique_ptr<_Tp, _Dp>::operator=(std::unique_ptr<_Tp, _Dp>&&) [with _Tp = DT::Derivator; _Dp = std::default_delete<DT::Derivator>]	16	static
../Core/ControllingLib/src/closed_loop.cpp:87:5:DT::PIDRegulator::PIDRegulator(DT::AproximationType, double, double, double, double, double, double, double, double)	88	static
../Core/ControllingLib/src/closed_loop.cpp:95:5:DT::PIDRegulator::~PIDRegulator()	16	static
../Core/ControllingLib/src/closed_loop.cpp:99:12:double DT::PIDRegulator::step(double)	88	static
/opt/st/stm32cubeide_1.11.2/plugins/com.st.stm32cube.ide.mcu.externaltools.gnu-tools-for-stm32.10.3-2021.10.linux64_1.0.100.202210260954/tools/arm-none-eabi/include/c++/10.3.1/bits/unique_ptr.h:212:24:std::__uniq_ptr_data<_Tp, _Dp, <anonymous>, <anonymous> >& std::__uniq_ptr_data<_Tp, _Dp, <anonymous>, <anonymous> >::operator=(std::__uniq_ptr_data<_Tp, _Dp, <anonymous>, <anonymous> >&&) [with _Tp = DT::PIDRegulator; _Dp = std::default_delete<DT::PIDRegulator>; bool <anonymous> = true; bool <anonymous> = true]	16	static
/opt/st/stm32cubeide_1.11.2/plugins/com.st.stm32cube.ide.mcu.externaltools.gnu-tools-for-stm32.10.3-2021.10.linux64_1.0.100.202210260954/tools/arm-none-eabi/include/c++/10.3.1/bits/unique_ptr.h:371:19:std::unique_ptr<_Tp, _Dp>& std::unique_ptr<_Tp, _Dp>::operator=(std::unique_ptr<_Tp, _Dp>&&) [with _Tp = DT::PIDRegulator; _Dp = std::default_delete<DT::PIDRegulator>]	16	static
../Core/ControllingLib/src/closed_loop.cpp:124:5:DT::ClosedLoopSystem_PID::ClosedLoopSystem_PID(DT::TransferFunction*, DT::AproximationType, double, double, double, double, double, double, double, double)	128	static
../Core/ControllingLib/src/closed_loop.cpp:132:5:DT::ClosedLoopSystem_PID::~ClosedLoopSystem_PID()	16	static
../Core/ControllingLib/src/closed_loop.cpp:137:28:DT::ClosedLoopStepResponse DT::ClosedLoopSystem_PID::step(double)	104	static
../Core/ControllingLib/src/closed_loop.cpp:150:5:DT::ClosedLoopSystem_PIV::ClosedLoopSystem_PIV(DT::TransferFunction*, DT::AproximationType, double, double, double, double, double, double, double)	88	static
../Core/ControllingLib/src/closed_loop.cpp:160:5:DT::ClosedLoopSystem_PIV::~ClosedLoopSystem_PIV()	16	static
../Core/ControllingLib/src/closed_loop.cpp:165:28:DT::ClosedLoopStepResponse DT::ClosedLoopSystem_PIV::step(double)	160	static
../Core/ControllingLib/src/../inc/././Eigen/src/Core/util/Macros.h:1073:69:void Eigen::internal::ignore_unused_variable(const T&) [with T = void*]	16	static
../Core/ControllingLib/src/../inc/././Eigen/src/Core/util/SymbolicIndex.h:219:3:Eigen::symbolic::SymbolExpr<tag>::SymbolExpr() [with tag = Eigen::internal::symbolic_last_tag]	16	static
../Core/ControllingLib/src/../inc/././Eigen/src/Core/util/IntegralConstant.h:56:3:Eigen::internal::FixedInt<N>::FixedInt() [with int N = 1]	16	static
../Core/ControllingLib/src/../inc/././Eigen/src/Core/util/IntegralConstant.h:82:12:Eigen::internal::FixedInt<N> Eigen::internal::FixedInt<N>::operator()() const [with int N = 1]	16	static
../Core/ControllingLib/src/../inc/././Eigen/src/Core/util/SymbolicIndex.h:117:55:Eigen::symbolic::AddExpr<Derived, Eigen::symbolic::ValueExpr<Eigen::internal::FixedInt<M> > > Eigen::symbolic::BaseExpr<Derived>::operator+(Eigen::internal::FixedInt<M>) const [with int N = 1; Derived = Eigen::symbolic::SymbolExpr<Eigen::internal::symbolic_last_tag>]	32	static
../Core/ControllingLib/src/../inc/././Eigen/src/Core/DenseStorage.h:621:23:Eigen::DenseStorage<T, -1, -1, _Cols, _Options>::~DenseStorage() [with T = double; int _Cols = 1; int _Options = 0]	16	static
../Core/ControllingLib/src/../inc/././Eigen/src/Core/Matrix.h:321:34:Eigen::Matrix<_Scalar, _Rows, _Cols, _Options, _MaxRows, _MaxCols>::Matrix(const std::initializer_list<std::initializer_list<typename Eigen::internal::traits<Eigen::Matrix<_Scalar, _Rows, _Cols, _Options, _MaxRows, _MaxCols> >::Scalar> >&) [with _Scalar = double; int _Rows = -1; int _Cols = 1; int _Options = 0; int _MaxRows = -1; int _MaxCols = 1]	16	static
/opt/st/stm32cubeide_1.11.2/plugins/com.st.stm32cube.ide.mcu.externaltools.gnu-tools-for-stm32.10.3-2021.10.linux64_1.0.100.202210260954/tools/arm-none-eabi/include/c++/10.3.1/tuple:959:2:constexpr std::tuple<_T1, _T2>::tuple() [with bool _Dummy = true; typename std::enable_if<std::_TupleConstraints<_Dummy, _T1, _T2>::__is_implicitly_default_constructible(), bool>::type <anonymous> = true; _T1 = DT::Integrator*; _T2 = std::default_delete<DT::Integrator>]	16	static
/opt/st/stm32cubeide_1.11.2/plugins/com.st.stm32cube.ide.mcu.externaltools.gnu-tools-for-stm32.10.3-2021.10.linux64_1.0.100.202210260954/tools/arm-none-eabi/include/c++/10.3.1/bits/unique_ptr.h:154:7:constexpr std::__uniq_ptr_impl<_Tp, _Dp>::__uniq_ptr_impl() [with _Tp = DT::Integrator; _Dp = std::default_delete<DT::Integrator>]	16	static
/opt/st/stm32cubeide_1.11.2/plugins/com.st.stm32cube.ide.mcu.externaltools.gnu-tools-for-stm32.10.3-2021.10.linux64_1.0.100.202210260954/tools/arm-none-eabi/include/c++/10.3.1/bits/unique_ptr.h:210:40:constexpr std::__uniq_ptr_data<DT::Integrator, std::default_delete<DT::Integrator>, true, true>::__uniq_ptr_data() [inherited from std::__uniq_ptr_impl<DT::Integrator, std::default_delete<DT::Integrator> >]	16	static
/opt/st/stm32cubeide_1.11.2/plugins/com.st.stm32cube.ide.mcu.externaltools.gnu-tools-for-stm32.10.3-2021.10.linux64_1.0.100.202210260954/tools/arm-none-eabi/include/c++/10.3.1/bits/unique_ptr.h:269:12:constexpr std::unique_ptr<_Tp, _Dp>::unique_ptr() [with _Del = std::default_delete<DT::Integrator>; <template-parameter-2-2> = void; _Tp = DT::Integrator; _Dp = std::default_delete<DT::Integrator>]	16	static
/opt/st/stm32cubeide_1.11.2/plugins/com.st.stm32cube.ide.mcu.externaltools.gnu-tools-for-stm32.10.3-2021.10.linux64_1.0.100.202210260954/tools/arm-none-eabi/include/c++/10.3.1/bits/unique_ptr.h:355:7:std::unique_ptr<_Tp, _Dp>::~unique_ptr() [with _Tp = DT::Integrator; _Dp = std::default_delete<DT::Integrator>]	32	static
/opt/st/stm32cubeide_1.11.2/plugins/com.st.stm32cube.ide.mcu.externaltools.gnu-tools-for-stm32.10.3-2021.10.linux64_1.0.100.202210260954/tools/arm-none-eabi/include/c++/10.3.1/tuple:959:2:constexpr std::tuple<_T1, _T2>::tuple() [with bool _Dummy = true; typename std::enable_if<std::_TupleConstraints<_Dummy, _T1, _T2>::__is_implicitly_default_constructible(), bool>::type <anonymous> = true; _T1 = DT::Derivator*; _T2 = std::default_delete<DT::Derivator>]	16	static
/opt/st/stm32cubeide_1.11.2/plugins/com.st.stm32cube.ide.mcu.externaltools.gnu-tools-for-stm32.10.3-2021.10.linux64_1.0.100.202210260954/tools/arm-none-eabi/include/c++/10.3.1/bits/unique_ptr.h:154:7:constexpr std::__uniq_ptr_impl<_Tp, _Dp>::__uniq_ptr_impl() [with _Tp = DT::Derivator; _Dp = std::default_delete<DT::Derivator>]	16	static
/opt/st/stm32cubeide_1.11.2/plugins/com.st.stm32cube.ide.mcu.externaltools.gnu-tools-for-stm32.10.3-2021.10.linux64_1.0.100.202210260954/tools/arm-none-eabi/include/c++/10.3.1/bits/unique_ptr.h:210:40:constexpr std::__uniq_ptr_data<DT::Derivator, std::default_delete<DT::Derivator>, true, true>::__uniq_ptr_data() [inherited from std::__uniq_ptr_impl<DT::Derivator, std::default_delete<DT::Derivator> >]	16	static
/opt/st/stm32cubeide_1.11.2/plugins/com.st.stm32cube.ide.mcu.externaltools.gnu-tools-for-stm32.10.3-2021.10.linux64_1.0.100.202210260954/tools/arm-none-eabi/include/c++/10.3.1/bits/unique_ptr.h:269:12:constexpr std::unique_ptr<_Tp, _Dp>::unique_ptr() [with _Del = std::default_delete<DT::Derivator>; <template-parameter-2-2> = void; _Tp = DT::Derivator; _Dp = std::default_delete<DT::Derivator>]	16	static
/opt/st/stm32cubeide_1.11.2/plugins/com.st.stm32cube.ide.mcu.externaltools.gnu-tools-for-stm32.10.3-2021.10.linux64_1.0.100.202210260954/tools/arm-none-eabi/include/c++/10.3.1/bits/unique_ptr.h:355:7:std::unique_ptr<_Tp, _Dp>::~unique_ptr() [with _Tp = DT::Derivator; _Dp = std::default_delete<DT::Derivator>]	32	static
/opt/st/stm32cubeide_1.11.2/plugins/com.st.stm32cube.ide.mcu.externaltools.gnu-tools-for-stm32.10.3-2021.10.linux64_1.0.100.202210260954/tools/arm-none-eabi/include/c++/10.3.1/bits/unique_ptr.h:961:5:) [with _Tp = DT::Integrator; _Args = {DT::AproximationType&, double&}]	40	static
/opt/st/stm32cubeide_1.11.2/plugins/com.st.stm32cube.ide.mcu.externaltools.gnu-tools-for-stm32.10.3-2021.10.linux64_1.0.100.202210260954/tools/arm-none-eabi/include/c++/10.3.1/bits/unique_ptr.h:165:24:std::__uniq_ptr_impl<_Tp, _Dp>& std::__uniq_ptr_impl<_Tp, _Dp>::operator=(std::__uniq_ptr_impl<_Tp, _Dp>&&) [with _Tp = DT::Integrator; _Dp = std::default_delete<DT::Integrator>]	16	static
/opt/st/stm32cubeide_1.11.2/plugins/com.st.stm32cube.ide.mcu.externaltools.gnu-tools-for-stm32.10.3-2021.10.linux64_1.0.100.202210260954/tools/arm-none-eabi/include/c++/10.3.1/bits/unique_ptr.h:961:5:) [with _Tp = DT::Derivator; _Args = {DT::AproximationType&, double&, double&}]	48	static
/opt/st/stm32cubeide_1.11.2/plugins/com.st.stm32cube.ide.mcu.externaltools.gnu-tools-for-stm32.10.3-2021.10.linux64_1.0.100.202210260954/tools/arm-none-eabi/include/c++/10.3.1/bits/unique_ptr.h:165:24:std::__uniq_ptr_impl<_Tp, _Dp>& std::__uniq_ptr_impl<_Tp, _Dp>::operator=(std::__uniq_ptr_impl<_Tp, _Dp>&&) [with _Tp = DT::Derivator; _Dp = std::default_delete<DT::Derivator>]	16	static
/opt/st/stm32cubeide_1.11.2/plugins/com.st.stm32cube.ide.mcu.externaltools.gnu-tools-for-stm32.10.3-2021.10.linux64_1.0.100.202210260954/tools/arm-none-eabi/include/c++/10.3.1/bits/unique_ptr.h:413:7:std::unique_ptr<_Tp, _Dp>::pointer std::unique_ptr<_Tp, _Dp>::operator->() const [with _Tp = DT::Integrator; _Dp = std::default_delete<DT::Integrator>]	16	static
/opt/st/stm32cubeide_1.11.2/plugins/com.st.stm32cube.ide.mcu.externaltools.gnu-tools-for-stm32.10.3-2021.10.linux64_1.0.100.202210260954/tools/arm-none-eabi/include/c++/10.3.1/bits/unique_ptr.h:413:7:std::unique_ptr<_Tp, _Dp>::pointer std::unique_ptr<_Tp, _Dp>::operator->() const [with _Tp = DT::Derivator; _Dp = std::default_delete<DT::Derivator>]	16	static
/opt/st/stm32cubeide_1.11.2/plugins/com.st.stm32cube.ide.mcu.externaltools.gnu-tools-for-stm32.10.3-2021.10.linux64_1.0.100.202210260954/tools/arm-none-eabi/include/c++/10.3.1/tuple:959:2:constexpr std::tuple<_T1, _T2>::tuple() [with bool _Dummy = true; typename std::enable_if<std::_TupleConstraints<_Dummy, _T1, _T2>::__is_implicitly_default_constructible(), bool>::type <anonymous> = true; _T1 = DT::PIDRegulator*; _T2 = std::default_delete<DT::PIDRegulator>]	16	static
/opt/st/stm32cubeide_1.11.2/plugins/com.st.stm32cube.ide.mcu.externaltools.gnu-tools-for-stm32.10.3-2021.10.linux64_1.0.100.202210260954/tools/arm-none-eabi/include/c++/10.3.1/bits/unique_ptr.h:154:7:constexpr std::__uniq_ptr_impl<_Tp, _Dp>::__uniq_ptr_impl() [with _Tp = DT::PIDRegulator; _Dp = std::default_delete<DT::PIDRegulator>]	16	static
/opt/st/stm32cubeide_1.11.2/plugins/com.st.stm32cube.ide.mcu.externaltools.gnu-tools-for-stm32.10.3-2021.10.linux64_1.0.100.202210260954/tools/arm-none-eabi/include/c++/10.3.1/bits/unique_ptr.h:210:40:constexpr std::__uniq_ptr_data<DT::PIDRegulator, std::default_delete<DT::PIDRegulator>, true, true>::__uniq_ptr_data() [inherited from std::__uniq_ptr_impl<DT::PIDRegulator, std::default_delete<DT::PIDRegulator> >]	16	static
/opt/st/stm32cubeide_1.11.2/plugins/com.st.stm32cube.ide.mcu.externaltools.gnu-tools-for-stm32.10.3-2021.10.linux64_1.0.100.202210260954/tools/arm-none-eabi/include/c++/10.3.1/bits/unique_ptr.h:269:12:constexpr std::unique_ptr<_Tp, _Dp>::unique_ptr() [with _Del = std::default_delete<DT::PIDRegulator>; <template-parameter-2-2> = void; _Tp = DT::PIDRegulator; _Dp = std::default_delete<DT::PIDRegulator>]	16	static
/opt/st/stm32cubeide_1.11.2/plugins/com.st.stm32cube.ide.mcu.externaltools.gnu-tools-for-stm32.10.3-2021.10.linux64_1.0.100.202210260954/tools/arm-none-eabi/include/c++/10.3.1/bits/unique_ptr.h:355:7:std::unique_ptr<_Tp, _Dp>::~unique_ptr() [with _Tp = DT::PIDRegulator; _Dp = std::default_delete<DT::PIDRegulator>]	32	static
/opt/st/stm32cubeide_1.11.2/plugins/com.st.stm32cube.ide.mcu.externaltools.gnu-tools-for-stm32.10.3-2021.10.linux64_1.0.100.202210260954/tools/arm-none-eabi/include/c++/10.3.1/bits/unique_ptr.h:961:5:) [with _Tp = DT::PIDRegulator; _Args = {DT::AproximationType&, double&, double&, double&, double&, double&, double&, double&, double&}]	96	static
/opt/st/stm32cubeide_1.11.2/plugins/com.st.stm32cube.ide.mcu.externaltools.gnu-tools-for-stm32.10.3-2021.10.linux64_1.0.100.202210260954/tools/arm-none-eabi/include/c++/10.3.1/bits/unique_ptr.h:165:24:std::__uniq_ptr_impl<_Tp, _Dp>& std::__uniq_ptr_impl<_Tp, _Dp>::operator=(std::__uniq_ptr_impl<_Tp, _Dp>&&) [with _Tp = DT::PIDRegulator; _Dp = std::default_delete<DT::PIDRegulator>]	16	static
/opt/st/stm32cubeide_1.11.2/plugins/com.st.stm32cube.ide.mcu.externaltools.gnu-tools-for-stm32.10.3-2021.10.linux64_1.0.100.202210260954/tools/arm-none-eabi/include/c++/10.3.1/bits/unique_ptr.h:413:7:std::unique_ptr<_Tp, _Dp>::pointer std::unique_ptr<_Tp, _Dp>::operator->() const [with _Tp = DT::PIDRegulator; _Dp = std::default_delete<DT::PIDRegulator>]	16	static
../Core/ControllingLib/src/../inc/././Eigen/src/Core/util/SymbolicIndex.h:80:18:const Derived& Eigen::symbolic::BaseExpr<Derived>::derived() const [with Derived = Eigen::symbolic::SymbolExpr<Eigen::internal::symbolic_last_tag>]	16	static
../Core/ControllingLib/src/../inc/././Eigen/src/Core/util/SymbolicIndex.h:66:3:Eigen::symbolic::ValueExpr<Eigen::internal::FixedInt<N> >::ValueExpr() [with int N = 1]	16	static
../Core/ControllingLib/src/../inc/././Eigen/src/Core/util/SymbolicIndex.h:254:3:Eigen::symbolic::AddExpr<Arg1, Arg2>::AddExpr(const Arg0&, const Arg1&) [with Arg0 = Eigen::symbolic::SymbolExpr<Eigen::internal::symbolic_last_tag>; Arg1 = Eigen::symbolic::ValueExpr<Eigen::internal::FixedInt<1> >]	24	static
../Core/ControllingLib/src/../inc/././Eigen/src/Core/MatrixBase.h:485:5:Eigen::MatrixBase<Derived>::MatrixBase() [with Derived = Eigen::Matrix<double, -1, 1>]	16	static
../Core/ControllingLib/src/../inc/././Eigen/src/Core/PlainObjectBase.h:968:37:static void Eigen::PlainObjectBase<Derived>::_check_template_params() [with Derived = Eigen::Matrix<double, -1, 1>]	4	static
../Core/ControllingLib/src/../inc/././Eigen/src/Core/util/Memory.h:442:64:void Eigen::internal::conditional_aligned_delete_auto(T*, std::size_t) [with T = double; bool Align = true]	16	static
/opt/st/stm32cubeide_1.11.2/plugins/com.st.stm32cube.ide.mcu.externaltools.gnu-tools-for-stm32.10.3-2021.10.linux64_1.0.100.202210260954/tools/arm-none-eabi/include/c++/10.3.1/initializer_list:75:7:constexpr const _E* std::initializer_list<_E>::begin() const [with _E = std::initializer_list<double>]	16	static
/opt/st/stm32cubeide_1.11.2/plugins/com.st.stm32cube.ide.mcu.externaltools.gnu-tools-for-stm32.10.3-2021.10.linux64_1.0.100.202210260954/tools/arm-none-eabi/include/c++/10.3.1/initializer_list:79:7:constexpr const _E* std::initializer_list<_E>::end() const [with _E = std::initializer_list<double>]	24	static
/opt/st/stm32cubeide_1.11.2/plugins/com.st.stm32cube.ide.mcu.externaltools.gnu-tools-for-stm32.10.3-2021.10.linux64_1.0.100.202210260954/tools/arm-none-eabi/include/c++/10.3.1/initializer_list:71:7:constexpr std::initializer_list<_E>::size_type std::initializer_list<_E>::size() const [with _E = std::initializer_list<double>]	16	static
../Core/ControllingLib/src/../inc/././Eigen/src/Core/PlainObjectBase.h:552:34:Eigen::PlainObjectBase<Derived>::PlainObjectBase(const std::initializer_list<std::initializer_list<typename Eigen::internal::traits<T>::Scalar> >&) [with Derived = Eigen::Matrix<double, -1, 1>]	72	static
/opt/st/stm32cubeide_1.11.2/plugins/com.st.stm32cube.ide.mcu.externaltools.gnu-tools-for-stm32.10.3-2021.10.linux64_1.0.100.202210260954/tools/arm-none-eabi/include/c++/10.3.1/tuple:212:17:>::_Tuple_impl() [with unsigned int _Idx = 0; _Head = DT::Integrator*; _Tail = {std::default_delete<DT::Integrator>}]	16	static
/opt/st/stm32cubeide_1.11.2/plugins/com.st.stm32cube.ide.mcu.externaltools.gnu-tools-for-stm32.10.3-2021.10.linux64_1.0.100.202210260954/tools/arm-none-eabi/include/c++/10.3.1/bits/unique_ptr.h:172:18:std::__uniq_ptr_impl<_Tp, _Dp>::pointer& std::__uniq_ptr_impl<_Tp, _Dp>::_M_ptr() [with _Tp = DT::Integrator; _Dp = std::default_delete<DT::Integrator>]	16	static
/opt/st/stm32cubeide_1.11.2/plugins/com.st.stm32cube.ide.mcu.externaltools.gnu-tools-for-stm32.10.3-2021.10.linux64_1.0.100.202210260954/tools/arm-none-eabi/include/c++/10.3.1/bits/unique_ptr.h:426:7:std::unique_ptr<_Tp, _Dp>::deleter_type& std::unique_ptr<_Tp, _Dp>::get_deleter() [with _Tp = DT::Integrator; _Dp = std::default_delete<DT::Integrator>]	16	static
/opt/st/stm32cubeide_1.11.2/plugins/com.st.stm32cube.ide.mcu.externaltools.gnu-tools-for-stm32.10.3-2021.10.linux64_1.0.100.202210260954/tools/arm-none-eabi/include/c++/10.3.1/bits/move.h:101:5:constexpr typename std::remove_reference<_Tp>::type&& std::move(_Tp&&) [with _Tp = DT::Integrator*&]	16	static
/opt/st/stm32cubeide_1.11.2/plugins/com.st.stm32cube.ide.mcu.externaltools.gnu-tools-for-stm32.10.3-2021.10.linux64_1.0.100.202210260954/tools/arm-none-eabi/include/c++/10.3.1/bits/unique_ptr.h:79:7:void std::default_delete<_Tp>::operator()(_Tp*) const [with _Tp = DT::Integrator]	24	static
/opt/st/stm32cubeide_1.11.2/plugins/com.st.stm32cube.ide.mcu.externaltools.gnu-tools-for-stm32.10.3-2021.10.linux64_1.0.100.202210260954/tools/arm-none-eabi/include/c++/10.3.1/tuple:212:17:>::_Tuple_impl() [with unsigned int _Idx = 0; _Head = DT::Derivator*; _Tail = {std::default_delete<DT::Derivator>}]	16	static
/opt/st/stm32cubeide_1.11.2/plugins/com.st.stm32cube.ide.mcu.externaltools.gnu-tools-for-stm32.10.3-2021.10.linux64_1.0.100.202210260954/tools/arm-none-eabi/include/c++/10.3.1/bits/unique_ptr.h:172:18:std::__uniq_ptr_impl<_Tp, _Dp>::pointer& std::__uniq_ptr_impl<_Tp, _Dp>::_M_ptr() [with _Tp = DT::Derivator; _Dp = std::default_delete<DT::Derivator>]	16	static
/opt/st/stm32cubeide_1.11.2/plugins/com.st.stm32cube.ide.mcu.externaltools.gnu-tools-for-stm32.10.3-2021.10.linux64_1.0.100.202210260954/tools/arm-none-eabi/include/c++/10.3.1/bits/unique_ptr.h:426:7:std::unique_ptr<_Tp, _Dp>::deleter_type& std::unique_ptr<_Tp, _Dp>::get_deleter() [with _Tp = DT::Derivator; _Dp = std::default_delete<DT::Derivator>]	16	static
/opt/st/stm32cubeide_1.11.2/plugins/com.st.stm32cube.ide.mcu.externaltools.gnu-tools-for-stm32.10.3-2021.10.linux64_1.0.100.202210260954/tools/arm-none-eabi/include/c++/10.3.1/bits/move.h:101:5:constexpr typename std::remove_reference<_Tp>::type&& std::move(_Tp&&) [with _Tp = DT::Derivator*&]	16	static
/opt/st/stm32cubeide_1.11.2/plugins/com.st.stm32cube.ide.mcu.externaltools.gnu-tools-for-stm32.10.3-2021.10.linux64_1.0.100.202210260954/tools/arm-none-eabi/include/c++/10.3.1/bits/unique_ptr.h:79:7:void std::default_delete<_Tp>::operator()(_Tp*) const [with _Tp = DT::Derivator]	24	static
/opt/st/stm32cubeide_1.11.2/plugins/com.st.stm32cube.ide.mcu.externaltools.gnu-tools-for-stm32.10.3-2021.10.linux64_1.0.100.202210260954/tools/arm-none-eabi/include/c++/10.3.1/bits/move.h:76:5:constexpr _Tp&& std::forward(typename std::remove_reference<_Tp>::type&) [with _Tp = DT::AproximationType&]	16	static
/opt/st/stm32cubeide_1.11.2/plugins/com.st.stm32cube.ide.mcu.externaltools.gnu-tools-for-stm32.10.3-2021.10.linux64_1.0.100.202210260954/tools/arm-none-eabi/include/c++/10.3.1/bits/move.h:76:5:constexpr _Tp&& std::forward(typename std::remove_reference<_Tp>::type&) [with _Tp = double&]	16	static
/opt/st/stm32cubeide_1.11.2/plugins/com.st.stm32cube.ide.mcu.externaltools.gnu-tools-for-stm32.10.3-2021.10.linux64_1.0.100.202210260954/tools/arm-none-eabi/include/c++/10.3.1/bits/unique_ptr.h:210:40:std::__uniq_ptr_data<DT::Integrator, std::default_delete<DT::Integrator>, true, true>::__uniq_ptr_data(std::__uniq_ptr_impl<DT::Integrator, std::default_delete<DT::Integrator> >::pointer) [inherited from std::__uniq_ptr_impl<DT::Integrator, std::default_delete<DT::Integrator> >]	16	static
/opt/st/stm32cubeide_1.11.2/plugins/com.st.stm32cube.ide.mcu.externaltools.gnu-tools-for-stm32.10.3-2021.10.linux64_1.0.100.202210260954/tools/arm-none-eabi/include/c++/10.3.1/bits/unique_ptr.h:281:2:std::unique_ptr<_Tp, _Dp>::unique_ptr(std::unique_ptr<_Tp, _Dp>::pointer) [with _Del = std::default_delete<DT::Integrator>; <template-parameter-2-2> = void; _Tp = DT::Integrator; _Dp = std::default_delete<DT::Integrator>]	16	static
/opt/st/stm32cubeide_1.11.2/plugins/com.st.stm32cube.ide.mcu.externaltools.gnu-tools-for-stm32.10.3-2021.10.linux64_1.0.100.202210260954/tools/arm-none-eabi/include/c++/10.3.1/bits/unique_ptr.h:177:12:void std::__uniq_ptr_impl<_Tp, _Dp>::reset(std::__uniq_ptr_impl<_Tp, _Dp>::pointer) [with _Tp = DT::Integrator; _Dp = std::default_delete<DT::Integrator>]	32	static
/opt/st/stm32cubeide_1.11.2/plugins/com.st.stm32cube.ide.mcu.externaltools.gnu-tools-for-stm32.10.3-2021.10.linux64_1.0.100.202210260954/tools/arm-none-eabi/include/c++/10.3.1/bits/unique_ptr.h:185:15:std::__uniq_ptr_impl<_Tp, _Dp>::pointer std::__uniq_ptr_impl<_Tp, _Dp>::release() [with _Tp = DT::Integrator; _Dp = std::default_delete<DT::Integrator>]	24	static
/opt/st/stm32cubeide_1.11.2/plugins/com.st.stm32cube.ide.mcu.externaltools.gnu-tools-for-stm32.10.3-2021.10.linux64_1.0.100.202210260954/tools/arm-none-eabi/include/c++/10.3.1/bits/unique_ptr.h:174:18:_Dp& std::__uniq_ptr_impl<_Tp, _Dp>::_M_deleter() [with _Tp = DT::Integrator; _Dp = std::default_delete<DT::Integrator>]	16	static
/opt/st/stm32cubeide_1.11.2/plugins/com.st.stm32cube.ide.mcu.externaltools.gnu-tools-for-stm32.10.3-2021.10.linux64_1.0.100.202210260954/tools/arm-none-eabi/include/c++/10.3.1/bits/move.h:76:5:constexpr _Tp&& std::forward(typename std::remove_reference<_Tp>::type&) [with _Tp = std::default_delete<DT::Integrator>]	16	static
/opt/st/stm32cubeide_1.11.2/plugins/com.st.stm32cube.ide.mcu.externaltools.gnu-tools-for-stm32.10.3-2021.10.linux64_1.0.100.202210260954/tools/arm-none-eabi/include/c++/10.3.1/bits/unique_ptr.h:210:40:std::__uniq_ptr_data<DT::Derivator, std::default_delete<DT::Derivator>, true, true>::__uniq_ptr_data(std::__uniq_ptr_impl<DT::Derivator, std::default_delete<DT::Derivator> >::pointer) [inherited from std::__uniq_ptr_impl<DT::Derivator, std::default_delete<DT::Derivator> >]	16	static
/opt/st/stm32cubeide_1.11.2/plugins/com.st.stm32cube.ide.mcu.externaltools.gnu-tools-for-stm32.10.3-2021.10.linux64_1.0.100.202210260954/tools/arm-none-eabi/include/c++/10.3.1/bits/unique_ptr.h:281:2:std::unique_ptr<_Tp, _Dp>::unique_ptr(std::unique_ptr<_Tp, _Dp>::pointer) [with _Del = std::default_delete<DT::Derivator>; <template-parameter-2-2> = void; _Tp = DT::Derivator; _Dp = std::default_delete<DT::Derivator>]	16	static
/opt/st/stm32cubeide_1.11.2/plugins/com.st.stm32cube.ide.mcu.externaltools.gnu-tools-for-stm32.10.3-2021.10.linux64_1.0.100.202210260954/tools/arm-none-eabi/include/c++/10.3.1/bits/unique_ptr.h:177:12:void std::__uniq_ptr_impl<_Tp, _Dp>::reset(std::__uniq_ptr_impl<_Tp, _Dp>::pointer) [with _Tp = DT::Derivator; _Dp = std::default_delete<DT::Derivator>]	32	static
/opt/st/stm32cubeide_1.11.2/plugins/com.st.stm32cube.ide.mcu.externaltools.gnu-tools-for-stm32.10.3-2021.10.linux64_1.0.100.202210260954/tools/arm-none-eabi/include/c++/10.3.1/bits/unique_ptr.h:185:15:std::__uniq_ptr_impl<_Tp, _Dp>::pointer std::__uniq_ptr_impl<_Tp, _Dp>::release() [with _Tp = DT::Derivator; _Dp = std::default_delete<DT::Derivator>]	24	static
/opt/st/stm32cubeide_1.11.2/plugins/com.st.stm32cube.ide.mcu.externaltools.gnu-tools-for-stm32.10.3-2021.10.linux64_1.0.100.202210260954/tools/arm-none-eabi/include/c++/10.3.1/bits/unique_ptr.h:174:18:_Dp& std::__uniq_ptr_impl<_Tp, _Dp>::_M_deleter() [with _Tp = DT::Derivator; _Dp = std::default_delete<DT::Derivator>]	16	static
/opt/st/stm32cubeide_1.11.2/plugins/com.st.stm32cube.ide.mcu.externaltools.gnu-tools-for-stm32.10.3-2021.10.linux64_1.0.100.202210260954/tools/arm-none-eabi/include/c++/10.3.1/bits/move.h:76:5:constexpr _Tp&& std::forward(typename std::remove_reference<_Tp>::type&) [with _Tp = std::default_delete<DT::Derivator>]	16	static
/opt/st/stm32cubeide_1.11.2/plugins/com.st.stm32cube.ide.mcu.externaltools.gnu-tools-for-stm32.10.3-2021.10.linux64_1.0.100.202210260954/tools/arm-none-eabi/include/c++/10.3.1/bits/unique_ptr.h:421:7:std::unique_ptr<_Tp, _Dp>::pointer std::unique_ptr<_Tp, _Dp>::get() const [with _Tp = DT::Integrator; _Dp = std::default_delete<DT::Integrator>]	16	static
/opt/st/stm32cubeide_1.11.2/plugins/com.st.stm32cube.ide.mcu.externaltools.gnu-tools-for-stm32.10.3-2021.10.linux64_1.0.100.202210260954/tools/arm-none-eabi/include/c++/10.3.1/bits/unique_ptr.h:421:7:std::unique_ptr<_Tp, _Dp>::pointer std::unique_ptr<_Tp, _Dp>::get() const [with _Tp = DT::Derivator; _Dp = std::default_delete<DT::Derivator>]	16	static
/opt/st/stm32cubeide_1.11.2/plugins/com.st.stm32cube.ide.mcu.externaltools.gnu-tools-for-stm32.10.3-2021.10.linux64_1.0.100.202210260954/tools/arm-none-eabi/include/c++/10.3.1/tuple:212:17:>::_Tuple_impl() [with unsigned int _Idx = 0; _Head = DT::PIDRegulator*; _Tail = {std::default_delete<DT::PIDRegulator>}]	16	static
/opt/st/stm32cubeide_1.11.2/plugins/com.st.stm32cube.ide.mcu.externaltools.gnu-tools-for-stm32.10.3-2021.10.linux64_1.0.100.202210260954/tools/arm-none-eabi/include/c++/10.3.1/bits/unique_ptr.h:172:18:std::__uniq_ptr_impl<_Tp, _Dp>::pointer& std::__uniq_ptr_impl<_Tp, _Dp>::_M_ptr() [with _Tp = DT::PIDRegulator; _Dp = std::default_delete<DT::PIDRegulator>]	16	static
/opt/st/stm32cubeide_1.11.2/plugins/com.st.stm32cube.ide.mcu.externaltools.gnu-tools-for-stm32.10.3-2021.10.linux64_1.0.100.202210260954/tools/arm-none-eabi/include/c++/10.3.1/bits/unique_ptr.h:426:7:std::unique_ptr<_Tp, _Dp>::deleter_type& std::unique_ptr<_Tp, _Dp>::get_deleter() [with _Tp = DT::PIDRegulator; _Dp = std::default_delete<DT::PIDRegulator>]	16	static
/opt/st/stm32cubeide_1.11.2/plugins/com.st.stm32cube.ide.mcu.externaltools.gnu-tools-for-stm32.10.3-2021.10.linux64_1.0.100.202210260954/tools/arm-none-eabi/include/c++/10.3.1/bits/move.h:101:5:constexpr typename std::remove_reference<_Tp>::type&& std::move(_Tp&&) [with _Tp = DT::PIDRegulator*&]	16	static
/opt/st/stm32cubeide_1.11.2/plugins/com.st.stm32cube.ide.mcu.externaltools.gnu-tools-for-stm32.10.3-2021.10.linux64_1.0.100.202210260954/tools/arm-none-eabi/include/c++/10.3.1/bits/unique_ptr.h:79:7:void std::default_delete<_Tp>::operator()(_Tp*) const [with _Tp = DT::PIDRegulator]	24	static
/opt/st/stm32cubeide_1.11.2/plugins/com.st.stm32cube.ide.mcu.externaltools.gnu-tools-for-stm32.10.3-2021.10.linux64_1.0.100.202210260954/tools/arm-none-eabi/include/c++/10.3.1/bits/unique_ptr.h:210:40:std::__uniq_ptr_data<DT::PIDRegulator, std::default_delete<DT::PIDRegulator>, true, true>::__uniq_ptr_data(std::__uniq_ptr_impl<DT::PIDRegulator, std::default_delete<DT::PIDRegulator> >::pointer) [inherited from std::__uniq_ptr_impl<DT::PIDRegulator, std::default_delete<DT::PIDRegulator> >]	16	static
/opt/st/stm32cubeide_1.11.2/plugins/com.st.stm32cube.ide.mcu.externaltools.gnu-tools-for-stm32.10.3-2021.10.linux64_1.0.100.202210260954/tools/arm-none-eabi/include/c++/10.3.1/bits/unique_ptr.h:281:2:std::unique_ptr<_Tp, _Dp>::unique_ptr(std::unique_ptr<_Tp, _Dp>::pointer) [with _Del = std::default_delete<DT::PIDRegulator>; <template-parameter-2-2> = void; _Tp = DT::PIDRegulator; _Dp = std::default_delete<DT::PIDRegulator>]	16	static
/opt/st/stm32cubeide_1.11.2/plugins/com.st.stm32cube.ide.mcu.externaltools.gnu-tools-for-stm32.10.3-2021.10.linux64_1.0.100.202210260954/tools/arm-none-eabi/include/c++/10.3.1/bits/unique_ptr.h:177:12:void std::__uniq_ptr_impl<_Tp, _Dp>::reset(std::__uniq_ptr_impl<_Tp, _Dp>::pointer) [with _Tp = DT::PIDRegulator; _Dp = std::default_delete<DT::PIDRegulator>]	32	static
/opt/st/stm32cubeide_1.11.2/plugins/com.st.stm32cube.ide.mcu.externaltools.gnu-tools-for-stm32.10.3-2021.10.linux64_1.0.100.202210260954/tools/arm-none-eabi/include/c++/10.3.1/bits/unique_ptr.h:185:15:std::__uniq_ptr_impl<_Tp, _Dp>::pointer std::__uniq_ptr_impl<_Tp, _Dp>::release() [with _Tp = DT::PIDRegulator; _Dp = std::default_delete<DT::PIDRegulator>]	24	static
/opt/st/stm32cubeide_1.11.2/plugins/com.st.stm32cube.ide.mcu.externaltools.gnu-tools-for-stm32.10.3-2021.10.linux64_1.0.100.202210260954/tools/arm-none-eabi/include/c++/10.3.1/bits/unique_ptr.h:174:18:_Dp& std::__uniq_ptr_impl<_Tp, _Dp>::_M_deleter() [with _Tp = DT::PIDRegulator; _Dp = std::default_delete<DT::PIDRegulator>]	16	static
/opt/st/stm32cubeide_1.11.2/plugins/com.st.stm32cube.ide.mcu.externaltools.gnu-tools-for-stm32.10.3-2021.10.linux64_1.0.100.202210260954/tools/arm-none-eabi/include/c++/10.3.1/bits/move.h:76:5:constexpr _Tp&& std::forward(typename std::remove_reference<_Tp>::type&) [with _Tp = std::default_delete<DT::PIDRegulator>]	16	static
/opt/st/stm32cubeide_1.11.2/plugins/com.st.stm32cube.ide.mcu.externaltools.gnu-tools-for-stm32.10.3-2021.10.linux64_1.0.100.202210260954/tools/arm-none-eabi/include/c++/10.3.1/bits/unique_ptr.h:421:7:std::unique_ptr<_Tp, _Dp>::pointer std::unique_ptr<_Tp, _Dp>::get() const [with _Tp = DT::PIDRegulator; _Dp = std::default_delete<DT::PIDRegulator>]	16	static
../Core/ControllingLib/src/../inc/././Eigen/src/Core/DenseBase.h:681:23:Eigen::DenseBase<Derived>::DenseBase() [with Derived = Eigen::Matrix<double, -1, 1>]	16	static
../Core/ControllingLib/src/../inc/././Eigen/src/Core/DenseStorage.h:580:23:Eigen::DenseStorage<T, -1, -1, _Cols, _Options>::DenseStorage() [with T = double; int _Cols = 1; int _Options = 0]	16	static
../Core/ControllingLib/src/../inc/././Eigen/src/Core/util/Memory.h:257:52:void Eigen::internal::conditional_aligned_free(void*) [with bool Align = true]	16	static
../Core/ControllingLib/src/../inc/././Eigen/src/Core/DenseStorage.h:626:29:Eigen::Index Eigen::DenseStorage<T, -1, -1, _Cols, _Options>::rows() const [with T = double; int _Cols = 1; int _Options = 0]	16	static
/opt/st/stm32cubeide_1.11.2/plugins/com.st.stm32cube.ide.mcu.externaltools.gnu-tools-for-stm32.10.3-2021.10.linux64_1.0.100.202210260954/tools/arm-none-eabi/include/c++/10.3.1/initializer_list:71:7:constexpr std::initializer_list<_E>::size_type std::initializer_list<_E>::size() const [with _E = double]	16	static
../Core/ControllingLib/src/../inc/././Eigen/src/Core/PlainObjectBase.h:271:30:void Eigen::PlainObjectBase<Derived>::resize(Eigen::Index, Eigen::Index) [with Derived = Eigen::Matrix<double, -1, 1>]	40	static
/opt/st/stm32cubeide_1.11.2/plugins/com.st.stm32cube.ide.mcu.externaltools.gnu-tools-for-stm32.10.3-2021.10.linux64_1.0.100.202210260954/tools/arm-none-eabi/include/c++/10.3.1/initializer_list:75:7:constexpr const _E* std::initializer_list<_E>::begin() const [with _E = double]	16	static
/opt/st/stm32cubeide_1.11.2/plugins/com.st.stm32cube.ide.mcu.externaltools.gnu-tools-for-stm32.10.3-2021.10.linux64_1.0.100.202210260954/tools/arm-none-eabi/include/c++/10.3.1/initializer_list:79:7:constexpr const _E* std::initializer_list<_E>::end() const [with _E = double]	24	static
../Core/ControllingLib/src/../inc/././Eigen/src/Core/DenseStorage.h:647:26:T* Eigen::DenseStorage<T, -1, -1, _Cols, _Options>::data() [with T = double; int _Cols = 1; int _Options = 0]	16	static
/opt/st/stm32cubeide_1.11.2/plugins/com.st.stm32cube.ide.mcu.externaltools.gnu-tools-for-stm32.10.3-2021.10.linux64_1.0.100.202210260954/tools/arm-none-eabi/include/c++/10.3.1/bits/stl_algobase.h:560:5:_OI std::copy(_II, _II, _OI) [with _II = const double*; _OI = double*]	32	static
../Core/ControllingLib/src/../inc/././Eigen/src/Core/PlainObjectBase.h:175:33:Eigen::PlainObjectBase<Derived>::Scalar& Eigen::PlainObjectBase<Derived>::coeffRef(Eigen::Index, Eigen::Index) [with Derived = Eigen::Matrix<double, -1, 1>]	32	static
/opt/st/stm32cubeide_1.11.2/plugins/com.st.stm32cube.ide.mcu.externaltools.gnu-tools-for-stm32.10.3-2021.10.linux64_1.0.100.202210260954/tools/arm-none-eabi/include/c++/10.3.1/tuple:354:17:constexpr std::_Tuple_impl<_Idx, _Head>::_Tuple_impl() [with unsigned int _Idx = 1; _Head = std::default_delete<DT::Integrator>]	16	static
/opt/st/stm32cubeide_1.11.2/plugins/com.st.stm32cube.ide.mcu.externaltools.gnu-tools-for-stm32.10.3-2021.10.linux64_1.0.100.202210260954/tools/arm-none-eabi/include/c++/10.3.1/tuple:126:17:constexpr std::_Head_base<_Idx, _Head, false>::_Head_base() [with unsigned int _Idx = 0; _Head = DT::Integrator*]	16	static
/opt/st/stm32cubeide_1.11.2/plugins/com.st.stm32cube.ide.mcu.externaltools.gnu-tools-for-stm32.10.3-2021.10.linux64_1.0.100.202210260954/tools/arm-none-eabi/include/c++/10.3.1/tuple:1298:5:>&) [with unsigned int __i = 0; _Elements = {DT::Integrator*, std::default_delete<DT::Integrator>}]	16	static
/opt/st/stm32cubeide_1.11.2/plugins/com.st.stm32cube.ide.mcu.externaltools.gnu-tools-for-stm32.10.3-2021.10.linux64_1.0.100.202210260954/tools/arm-none-eabi/include/c++/10.3.1/tuple:354:17:constexpr std::_Tuple_impl<_Idx, _Head>::_Tuple_impl() [with unsigned int _Idx = 1; _Head = std::default_delete<DT::Derivator>]	16	static
/opt/st/stm32cubeide_1.11.2/plugins/com.st.stm32cube.ide.mcu.externaltools.gnu-tools-for-stm32.10.3-2021.10.linux64_1.0.100.202210260954/tools/arm-none-eabi/include/c++/10.3.1/tuple:126:17:constexpr std::_Head_base<_Idx, _Head, false>::_Head_base() [with unsigned int _Idx = 0; _Head = DT::Derivator*]	16	static
/opt/st/stm32cubeide_1.11.2/plugins/com.st.stm32cube.ide.mcu.externaltools.gnu-tools-for-stm32.10.3-2021.10.linux64_1.0.100.202210260954/tools/arm-none-eabi/include/c++/10.3.1/tuple:1298:5:>&) [with unsigned int __i = 0; _Elements = {DT::Derivator*, std::default_delete<DT::Derivator>}]	16	static
/opt/st/stm32cubeide_1.11.2/plugins/com.st.stm32cube.ide.mcu.externaltools.gnu-tools-for-stm32.10.3-2021.10.linux64_1.0.100.202210260954/tools/arm-none-eabi/include/c++/10.3.1/bits/unique_ptr.h:155:7:std::__uniq_ptr_impl<_Tp, _Dp>::__uniq_ptr_impl(std::__uniq_ptr_impl<_Tp, _Dp>::pointer) [with _Tp = DT::Integrator; _Dp = std::default_delete<DT::Integrator>]	24	static
/opt/st/stm32cubeide_1.11.2/plugins/com.st.stm32cube.ide.mcu.externaltools.gnu-tools-for-stm32.10.3-2021.10.linux64_1.0.100.202210260954/tools/arm-none-eabi/include/c++/10.3.1/tuple:1298:5:>&) [with unsigned int __i = 1; _Elements = {DT::Integrator*, std::default_delete<DT::Integrator>}]	16	static
/opt/st/stm32cubeide_1.11.2/plugins/com.st.stm32cube.ide.mcu.externaltools.gnu-tools-for-stm32.10.3-2021.10.linux64_1.0.100.202210260954/tools/arm-none-eabi/include/c++/10.3.1/bits/unique_ptr.h:155:7:std::__uniq_ptr_impl<_Tp, _Dp>::__uniq_ptr_impl(std::__uniq_ptr_impl<_Tp, _Dp>::pointer) [with _Tp = DT::Derivator; _Dp = std::default_delete<DT::Derivator>]	24	static
/opt/st/stm32cubeide_1.11.2/plugins/com.st.stm32cube.ide.mcu.externaltools.gnu-tools-for-stm32.10.3-2021.10.linux64_1.0.100.202210260954/tools/arm-none-eabi/include/c++/10.3.1/tuple:1298:5:>&) [with unsigned int __i = 1; _Elements = {DT::Derivator*, std::default_delete<DT::Derivator>}]	16	static
/opt/st/stm32cubeide_1.11.2/plugins/com.st.stm32cube.ide.mcu.externaltools.gnu-tools-for-stm32.10.3-2021.10.linux64_1.0.100.202210260954/tools/arm-none-eabi/include/c++/10.3.1/bits/unique_ptr.h:173:18:std::__uniq_ptr_impl<_Tp, _Dp>::pointer std::__uniq_ptr_impl<_Tp, _Dp>::_M_ptr() const [with _Tp = DT::Integrator; _Dp = std::default_delete<DT::Integrator>]	16	static
/opt/st/stm32cubeide_1.11.2/plugins/com.st.stm32cube.ide.mcu.externaltools.gnu-tools-for-stm32.10.3-2021.10.linux64_1.0.100.202210260954/tools/arm-none-eabi/include/c++/10.3.1/bits/unique_ptr.h:173:18:std::__uniq_ptr_impl<_Tp, _Dp>::pointer std::__uniq_ptr_impl<_Tp, _Dp>::_M_ptr() const [with _Tp = DT::Derivator; _Dp = std::default_delete<DT::Derivator>]	16	static
/opt/st/stm32cubeide_1.11.2/plugins/com.st.stm32cube.ide.mcu.externaltools.gnu-tools-for-stm32.10.3-2021.10.linux64_1.0.100.202210260954/tools/arm-none-eabi/include/c++/10.3.1/tuple:354:17:constexpr std::_Tuple_impl<_Idx, _Head>::_Tuple_impl() [with unsigned int _Idx = 1; _Head = std::default_delete<DT::PIDRegulator>]	16	static
/opt/st/stm32cubeide_1.11.2/plugins/com.st.stm32cube.ide.mcu.externaltools.gnu-tools-for-stm32.10.3-2021.10.linux64_1.0.100.202210260954/tools/arm-none-eabi/include/c++/10.3.1/tuple:126:17:constexpr std::_Head_base<_Idx, _Head, false>::_Head_base() [with unsigned int _Idx = 0; _Head = DT::PIDRegulator*]	16	static
/opt/st/stm32cubeide_1.11.2/plugins/com.st.stm32cube.ide.mcu.externaltools.gnu-tools-for-stm32.10.3-2021.10.linux64_1.0.100.202210260954/tools/arm-none-eabi/include/c++/10.3.1/tuple:1298:5:>&) [with unsigned int __i = 0; _Elements = {DT::PIDRegulator*, std::default_delete<DT::PIDRegulator>}]	16	static
/opt/st/stm32cubeide_1.11.2/plugins/com.st.stm32cube.ide.mcu.externaltools.gnu-tools-for-stm32.10.3-2021.10.linux64_1.0.100.202210260954/tools/arm-none-eabi/include/c++/10.3.1/bits/unique_ptr.h:155:7:std::__uniq_ptr_impl<_Tp, _Dp>::__uniq_ptr_impl(std::__uniq_ptr_impl<_Tp, _Dp>::pointer) [with _Tp = DT::PIDRegulator; _Dp = std::default_delete<DT::PIDRegulator>]	24	static
/opt/st/stm32cubeide_1.11.2/plugins/com.st.stm32cube.ide.mcu.externaltools.gnu-tools-for-stm32.10.3-2021.10.linux64_1.0.100.202210260954/tools/arm-none-eabi/include/c++/10.3.1/tuple:1298:5:>&) [with unsigned int __i = 1; _Elements = {DT::PIDRegulator*, std::default_delete<DT::PIDRegulator>}]	16	static
/opt/st/stm32cubeide_1.11.2/plugins/com.st.stm32cube.ide.mcu.externaltools.gnu-tools-for-stm32.10.3-2021.10.linux64_1.0.100.202210260954/tools/arm-none-eabi/include/c++/10.3.1/bits/unique_ptr.h:173:18:std::__uniq_ptr_impl<_Tp, _Dp>::pointer std::__uniq_ptr_impl<_Tp, _Dp>::_M_ptr() const [with _Tp = DT::PIDRegulator; _Dp = std::default_delete<DT::PIDRegulator>]	16	static
../Core/ControllingLib/src/../inc/././Eigen/src/Core/util/Memory.h:399:62:T* Eigen::internal::conditional_aligned_new_auto(std::size_t) [with T = double; bool Align = true]	24	static
../Core/ControllingLib/src/../inc/././Eigen/src/Core/DenseStorage.h:633:48:void Eigen::DenseStorage<T, -1, -1, _Cols, _Options>::resize(Eigen::Index, Eigen::Index, Eigen::Index) [with T = double; int _Cols = 1; int _Options = 0]	24	static
/opt/st/stm32cubeide_1.11.2/plugins/com.st.stm32cube.ide.mcu.externaltools.gnu-tools-for-stm32.10.3-2021.10.linux64_1.0.100.202210260954/tools/arm-none-eabi/include/c++/10.3.1/bits/cpp_type_traits.h:544:5:_Iterator std::__miter_base(_Iterator) [with _Iterator = const double*]	16	static
/opt/st/stm32cubeide_1.11.2/plugins/com.st.stm32cube.ide.mcu.externaltools.gnu-tools-for-stm32.10.3-2021.10.linux64_1.0.100.202210260954/tools/arm-none-eabi/include/c++/10.3.1/bits/stl_algobase.h:511:5:_OI std::__copy_move_a(_II, _II, _OI) [with bool _IsMove = false; _II = const double*; _OI = double*]	32	static
/opt/st/stm32cubeide_1.11.2/plugins/com.st.stm32cube.ide.mcu.externaltools.gnu-tools-for-stm32.10.3-2021.10.linux64_1.0.100.202210260954/tools/arm-none-eabi/include/c++/10.3.1/tuple:80:17:constexpr std::_Head_base<_Idx, _Head, true>::_Head_base() [with unsigned int _Idx = 1; _Head = std::default_delete<DT::Integrator>]	16	static
/opt/st/stm32cubeide_1.11.2/plugins/com.st.stm32cube.ide.mcu.externaltools.gnu-tools-for-stm32.10.3-2021.10.linux64_1.0.100.202210260954/tools/arm-none-eabi/include/c++/10.3.1/tuple:1287:5:>&) [with unsigned int __i = 0; _Head = DT::Integrator*; _Tail = {std::default_delete<DT::Integrator>}]	16	static
/opt/st/stm32cubeide_1.11.2/plugins/com.st.stm32cube.ide.mcu.externaltools.gnu-tools-for-stm32.10.3-2021.10.linux64_1.0.100.202210260954/tools/arm-none-eabi/include/c++/10.3.1/tuple:80:17:constexpr std::_Head_base<_Idx, _Head, true>::_Head_base() [with unsigned int _Idx = 1; _Head = std::default_delete<DT::Derivator>]	16	static
/opt/st/stm32cubeide_1.11.2/plugins/com.st.stm32cube.ide.mcu.externaltools.gnu-tools-for-stm32.10.3-2021.10.linux64_1.0.100.202210260954/tools/arm-none-eabi/include/c++/10.3.1/tuple:1287:5:>&) [with unsigned int __i = 0; _Head = DT::Derivator*; _Tail = {std::default_delete<DT::Derivator>}]	16	static
/opt/st/stm32cubeide_1.11.2/plugins/com.st.stm32cube.ide.mcu.externaltools.gnu-tools-for-stm32.10.3-2021.10.linux64_1.0.100.202210260954/tools/arm-none-eabi/include/c++/10.3.1/tuple:1287:5:>&) [with unsigned int __i = 1; _Head = std::default_delete<DT::Integrator>; _Tail = {}]	16	static
/opt/st/stm32cubeide_1.11.2/plugins/com.st.stm32cube.ide.mcu.externaltools.gnu-tools-for-stm32.10.3-2021.10.linux64_1.0.100.202210260954/tools/arm-none-eabi/include/c++/10.3.1/tuple:1287:5:>&) [with unsigned int __i = 1; _Head = std::default_delete<DT::Derivator>; _Tail = {}]	16	static
/opt/st/stm32cubeide_1.11.2/plugins/com.st.stm32cube.ide.mcu.externaltools.gnu-tools-for-stm32.10.3-2021.10.linux64_1.0.100.202210260954/tools/arm-none-eabi/include/c++/10.3.1/tuple:1304:5:>&) [with unsigned int __i = 0; _Elements = {DT::Integrator*, std::default_delete<DT::Integrator>}]	16	static
/opt/st/stm32cubeide_1.11.2/plugins/com.st.stm32cube.ide.mcu.externaltools.gnu-tools-for-stm32.10.3-2021.10.linux64_1.0.100.202210260954/tools/arm-none-eabi/include/c++/10.3.1/tuple:1304:5:>&) [with unsigned int __i = 0; _Elements = {DT::Derivator*, std::default_delete<DT::Derivator>}]	16	static
/opt/st/stm32cubeide_1.11.2/plugins/com.st.stm32cube.ide.mcu.externaltools.gnu-tools-for-stm32.10.3-2021.10.linux64_1.0.100.202210260954/tools/arm-none-eabi/include/c++/10.3.1/tuple:80:17:constexpr std::_Head_base<_Idx, _Head, true>::_Head_base() [with unsigned int _Idx = 1; _Head = std::default_delete<DT::PIDRegulator>]	16	static
/opt/st/stm32cubeide_1.11.2/plugins/com.st.stm32cube.ide.mcu.externaltools.gnu-tools-for-stm32.10.3-2021.10.linux64_1.0.100.202210260954/tools/arm-none-eabi/include/c++/10.3.1/tuple:1287:5:>&) [with unsigned int __i = 0; _Head = DT::PIDRegulator*; _Tail = {std::default_delete<DT::PIDRegulator>}]	16	static
/opt/st/stm32cubeide_1.11.2/plugins/com.st.stm32cube.ide.mcu.externaltools.gnu-tools-for-stm32.10.3-2021.10.linux64_1.0.100.202210260954/tools/arm-none-eabi/include/c++/10.3.1/tuple:1287:5:>&) [with unsigned int __i = 1; _Head = std::default_delete<DT::PIDRegulator>; _Tail = {}]	16	static
/opt/st/stm32cubeide_1.11.2/plugins/com.st.stm32cube.ide.mcu.externaltools.gnu-tools-for-stm32.10.3-2021.10.linux64_1.0.100.202210260954/tools/arm-none-eabi/include/c++/10.3.1/tuple:1304:5:>&) [with unsigned int __i = 0; _Elements = {DT::PIDRegulator*, std::default_delete<DT::PIDRegulator>}]	16	static
../Core/ControllingLib/src/../inc/././Eigen/src/Core/util/Memory.h:239:53:void* Eigen::internal::conditional_aligned_malloc(std::size_t) [with bool Align = true]	16	static
/opt/st/stm32cubeide_1.11.2/plugins/com.st.stm32cube.ide.mcu.externaltools.gnu-tools-for-stm32.10.3-2021.10.linux64_1.0.100.202210260954/tools/arm-none-eabi/include/c++/10.3.1/bits/stl_algobase.h:313:5:_Iterator std::__niter_base(_Iterator) [with _Iterator = const double*]	16	static
/opt/st/stm32cubeide_1.11.2/plugins/com.st.stm32cube.ide.mcu.externaltools.gnu-tools-for-stm32.10.3-2021.10.linux64_1.0.100.202210260954/tools/arm-none-eabi/include/c++/10.3.1/bits/stl_algobase.h:313:5:_Iterator std::__niter_base(_Iterator) [with _Iterator = double*]	16	static
/opt/st/stm32cubeide_1.11.2/plugins/com.st.stm32cube.ide.mcu.externaltools.gnu-tools-for-stm32.10.3-2021.10.linux64_1.0.100.202210260954/tools/arm-none-eabi/include/c++/10.3.1/bits/stl_algobase.h:505:5:_OI std::__copy_move_a1(_II, _II, _OI) [with bool _IsMove = false; _II = const double*; _OI = double*]	24	static
/opt/st/stm32cubeide_1.11.2/plugins/com.st.stm32cube.ide.mcu.externaltools.gnu-tools-for-stm32.10.3-2021.10.linux64_1.0.100.202210260954/tools/arm-none-eabi/include/c++/10.3.1/bits/stl_algobase.h:330:5:_Iterator std::__niter_wrap(const _Iterator&, _Iterator) [with _Iterator = double*]	16	static
/opt/st/stm32cubeide_1.11.2/plugins/com.st.stm32cube.ide.mcu.externaltools.gnu-tools-for-stm32.10.3-2021.10.linux64_1.0.100.202210260954/tools/arm-none-eabi/include/c++/10.3.1/tuple:201:7:>&) [with unsigned int _Idx = 0; _Head = DT::Integrator*; _Tail = {std::default_delete<DT::Integrator>}]	16	static
/opt/st/stm32cubeide_1.11.2/plugins/com.st.stm32cube.ide.mcu.externaltools.gnu-tools-for-stm32.10.3-2021.10.linux64_1.0.100.202210260954/tools/arm-none-eabi/include/c++/10.3.1/tuple:201:7:>&) [with unsigned int _Idx = 0; _Head = DT::Derivator*; _Tail = {std::default_delete<DT::Derivator>}]	16	static
/opt/st/stm32cubeide_1.11.2/plugins/com.st.stm32cube.ide.mcu.externaltools.gnu-tools-for-stm32.10.3-2021.10.linux64_1.0.100.202210260954/tools/arm-none-eabi/include/c++/10.3.1/tuple:349:7:static constexpr _Head& std::_Tuple_impl<_Idx, _Head>::_M_head(std::_Tuple_impl<_Idx, _Head>&) [with unsigned int _Idx = 1; _Head = std::default_delete<DT::Integrator>]	16	static
/opt/st/stm32cubeide_1.11.2/plugins/com.st.stm32cube.ide.mcu.externaltools.gnu-tools-for-stm32.10.3-2021.10.linux64_1.0.100.202210260954/tools/arm-none-eabi/include/c++/10.3.1/tuple:349:7:static constexpr _Head& std::_Tuple_impl<_Idx, _Head>::_M_head(std::_Tuple_impl<_Idx, _Head>&) [with unsigned int _Idx = 1; _Head = std::default_delete<DT::Derivator>]	16	static
/opt/st/stm32cubeide_1.11.2/plugins/com.st.stm32cube.ide.mcu.externaltools.gnu-tools-for-stm32.10.3-2021.10.linux64_1.0.100.202210260954/tools/arm-none-eabi/include/c++/10.3.1/tuple:1292:5:>&) [with unsigned int __i = 0; _Head = DT::Integrator*; _Tail = {std::default_delete<DT::Integrator>}]	16	static
/opt/st/stm32cubeide_1.11.2/plugins/com.st.stm32cube.ide.mcu.externaltools.gnu-tools-for-stm32.10.3-2021.10.linux64_1.0.100.202210260954/tools/arm-none-eabi/include/c++/10.3.1/tuple:1292:5:>&) [with unsigned int __i = 0; _Head = DT::Derivator*; _Tail = {std::default_delete<DT::Derivator>}]	16	static
/opt/st/stm32cubeide_1.11.2/plugins/com.st.stm32cube.ide.mcu.externaltools.gnu-tools-for-stm32.10.3-2021.10.linux64_1.0.100.202210260954/tools/arm-none-eabi/include/c++/10.3.1/tuple:201:7:>&) [with unsigned int _Idx = 0; _Head = DT::PIDRegulator*; _Tail = {std::default_delete<DT::PIDRegulator>}]	16	static
/opt/st/stm32cubeide_1.11.2/plugins/com.st.stm32cube.ide.mcu.externaltools.gnu-tools-for-stm32.10.3-2021.10.linux64_1.0.100.202210260954/tools/arm-none-eabi/include/c++/10.3.1/tuple:349:7:static constexpr _Head& std::_Tuple_impl<_Idx, _Head>::_M_head(std::_Tuple_impl<_Idx, _Head>&) [with unsigned int _Idx = 1; _Head = std::default_delete<DT::PIDRegulator>]	16	static
/opt/st/stm32cubeide_1.11.2/plugins/com.st.stm32cube.ide.mcu.externaltools.gnu-tools-for-stm32.10.3-2021.10.linux64_1.0.100.202210260954/tools/arm-none-eabi/include/c++/10.3.1/tuple:1292:5:>&) [with unsigned int __i = 0; _Head = DT::PIDRegulator*; _Tail = {std::default_delete<DT::PIDRegulator>}]	16	static
/opt/st/stm32cubeide_1.11.2/plugins/com.st.stm32cube.ide.mcu.externaltools.gnu-tools-for-stm32.10.3-2021.10.linux64_1.0.100.202210260954/tools/arm-none-eabi/include/c++/10.3.1/bits/stl_algobase.h:463:5:_OI std::__copy_move_a2(_II, _II, _OI) [with bool _IsMove = false; _II = const double*; _OI = double*]	24	static
/opt/st/stm32cubeide_1.11.2/plugins/com.st.stm32cube.ide.mcu.externaltools.gnu-tools-for-stm32.10.3-2021.10.linux64_1.0.100.202210260954/tools/arm-none-eabi/include/c++/10.3.1/tuple:166:7:static constexpr _Head& std::_Head_base<_Idx, _Head, false>::_M_head(std::_Head_base<_Idx, _Head, false>&) [with unsigned int _Idx = 0; _Head = DT::Integrator*]	16	static
/opt/st/stm32cubeide_1.11.2/plugins/com.st.stm32cube.ide.mcu.externaltools.gnu-tools-for-stm32.10.3-2021.10.linux64_1.0.100.202210260954/tools/arm-none-eabi/include/c++/10.3.1/tuple:166:7:static constexpr _Head& std::_Head_base<_Idx, _Head, false>::_M_head(std::_Head_base<_Idx, _Head, false>&) [with unsigned int _Idx = 0; _Head = DT::Derivator*]	16	static
/opt/st/stm32cubeide_1.11.2/plugins/com.st.stm32cube.ide.mcu.externaltools.gnu-tools-for-stm32.10.3-2021.10.linux64_1.0.100.202210260954/tools/arm-none-eabi/include/c++/10.3.1/tuple:117:7:static constexpr _Head& std::_Head_base<_Idx, _Head, true>::_M_head(std::_Head_base<_Idx, _Head, true>&) [with unsigned int _Idx = 1; _Head = std::default_delete<DT::Integrator>]	16	static
/opt/st/stm32cubeide_1.11.2/plugins/com.st.stm32cube.ide.mcu.externaltools.gnu-tools-for-stm32.10.3-2021.10.linux64_1.0.100.202210260954/tools/arm-none-eabi/include/c++/10.3.1/tuple:117:7:static constexpr _Head& std::_Head_base<_Idx, _Head, true>::_M_head(std::_Head_base<_Idx, _Head, true>&) [with unsigned int _Idx = 1; _Head = std::default_delete<DT::Derivator>]	16	static
/opt/st/stm32cubeide_1.11.2/plugins/com.st.stm32cube.ide.mcu.externaltools.gnu-tools-for-stm32.10.3-2021.10.linux64_1.0.100.202210260954/tools/arm-none-eabi/include/c++/10.3.1/tuple:204:7:>&) [with unsigned int _Idx = 0; _Head = DT::Integrator*; _Tail = {std::default_delete<DT::Integrator>}]	16	static
/opt/st/stm32cubeide_1.11.2/plugins/com.st.stm32cube.ide.mcu.externaltools.gnu-tools-for-stm32.10.3-2021.10.linux64_1.0.100.202210260954/tools/arm-none-eabi/include/c++/10.3.1/tuple:204:7:>&) [with unsigned int _Idx = 0; _Head = DT::Derivator*; _Tail = {std::default_delete<DT::Derivator>}]	16	static
/opt/st/stm32cubeide_1.11.2/plugins/com.st.stm32cube.ide.mcu.externaltools.gnu-tools-for-stm32.10.3-2021.10.linux64_1.0.100.202210260954/tools/arm-none-eabi/include/c++/10.3.1/tuple:166:7:static constexpr _Head& std::_Head_base<_Idx, _Head, false>::_M_head(std::_Head_base<_Idx, _Head, false>&) [with unsigned int _Idx = 0; _Head = DT::PIDRegulator*]	16	static
/opt/st/stm32cubeide_1.11.2/plugins/com.st.stm32cube.ide.mcu.externaltools.gnu-tools-for-stm32.10.3-2021.10.linux64_1.0.100.202210260954/tools/arm-none-eabi/include/c++/10.3.1/tuple:117:7:static constexpr _Head& std::_Head_base<_Idx, _Head, true>::_M_head(std::_Head_base<_Idx, _Head, true>&) [with unsigned int _Idx = 1; _Head = std::default_delete<DT::PIDRegulator>]	16	static
/opt/st/stm32cubeide_1.11.2/plugins/com.st.stm32cube.ide.mcu.externaltools.gnu-tools-for-stm32.10.3-2021.10.linux64_1.0.100.202210260954/tools/arm-none-eabi/include/c++/10.3.1/tuple:204:7:>&) [with unsigned int _Idx = 0; _Head = DT::PIDRegulator*; _Tail = {std::default_delete<DT::PIDRegulator>}]	16	static
/opt/st/stm32cubeide_1.11.2/plugins/com.st.stm32cube.ide.mcu.externaltools.gnu-tools-for-stm32.10.3-2021.10.linux64_1.0.100.202210260954/tools/arm-none-eabi/include/c++/10.3.1/bits/stl_algobase.h:415:2:static _Tp* std::__copy_move<_IsMove, true, std::random_access_iterator_tag>::__copy_m(const _Tp*, const _Tp*, _Tp*) [with _Tp = double; bool _IsMove = false]	32	static
/opt/st/stm32cubeide_1.11.2/plugins/com.st.stm32cube.ide.mcu.externaltools.gnu-tools-for-stm32.10.3-2021.10.linux64_1.0.100.202210260954/tools/arm-none-eabi/include/c++/10.3.1/tuple:169:7:static constexpr const _Head& std::_Head_base<_Idx, _Head, false>::_M_head(const std::_Head_base<_Idx, _Head, false>&) [with unsigned int _Idx = 0; _Head = DT::Integrator*]	16	static
/opt/st/stm32cubeide_1.11.2/plugins/com.st.stm32cube.ide.mcu.externaltools.gnu-tools-for-stm32.10.3-2021.10.linux64_1.0.100.202210260954/tools/arm-none-eabi/include/c++/10.3.1/tuple:169:7:static constexpr const _Head& std::_Head_base<_Idx, _Head, false>::_M_head(const std::_Head_base<_Idx, _Head, false>&) [with unsigned int _Idx = 0; _Head = DT::Derivator*]	16	static
/opt/st/stm32cubeide_1.11.2/plugins/com.st.stm32cube.ide.mcu.externaltools.gnu-tools-for-stm32.10.3-2021.10.linux64_1.0.100.202210260954/tools/arm-none-eabi/include/c++/10.3.1/tuple:169:7:static constexpr const _Head& std::_Head_base<_Idx, _Head, false>::_M_head(const std::_Head_base<_Idx, _Head, false>&) [with unsigned int _Idx = 0; _Head = DT::PIDRegulator*]	16	static
../Core/ControllingLib/src/closed_loop.cpp:190:1:void __static_initialization_and_destruction_0(int, int)	24	static
../Core/ControllingLib/src/closed_loop.cpp:190:1:cpp)	8	static
../Core/ControllingLib/src/closed_loop.cpp:190:1:cpp)	8	static
