../Core/ControllingLib/src/closed_loop.cpp:25:5:DT::Integrator::~Integrator()	8	static
../Core/ControllingLib/src/closed_loop.cpp:49:5:DT::Derivator::~Derivator()	8	static
../Core/ControllingLib/src/closed_loop.cpp:68:5:DT::PIDRegulator::~PIDRegulator()	16	static
../Core/ControllingLib/src/closed_loop.cpp:72:27:DT::RegulatorResponse DT::PIDRegulator::step(double, double)	72	static
../Core/ControllingLib/src/closed_loop.cpp:105:5:DT::PIVRegulator::~PIVRegulator()	16	static
../Core/ControllingLib/src/closed_loop.cpp:109:27:DT::RegulatorResponse DT::PIVRegulator::step(double, double, double)	72	static
../Core/ControllingLib/src/closed_loop.cpp:146:5:DT::ClosedLoopSystem_PID::~ClosedLoopSystem_PID()	16	static
../Core/ControllingLib/src/closed_loop.cpp:151:32:DT::ClosedLoopStepResponse DT::ClosedLoopSystem_PID::step(double)	80	static
../Core/ControllingLib/src/closed_loop.cpp:171:5:DT::ClosedLoopSystem_PIV::~ClosedLoopSystem_PIV()	16	static
../Core/ControllingLib/src/closed_loop.cpp:176:32:DT::ClosedLoopStepResponse DT::ClosedLoopSystem_PIV::step(double)	88	static
../Core/ControllingLib/src/../inc/./Eigen/src/Core/PlainObjectBase.h:552:34:Eigen::PlainObjectBase<Derived>::PlainObjectBase(const std::initializer_list<std::initializer_list<typename Eigen::internal::traits<T>::Scalar> >&) [with Derived = Eigen::Matrix<double, -1, 1>]	24	static
../Core/ControllingLib/src/closed_loop.cpp:8:5:DT::Integrator::Integrator(DT::AproximationType, double)	184	static
../Core/ControllingLib/src/closed_loop.cpp:98:5:DT::PIVRegulator::PIVRegulator(DT::AproximationType, double, double, double, double, double, double, double)	40	static
../Core/ControllingLib/src/closed_loop.cpp:162:5:DT::ClosedLoopSystem_PIV::ClosedLoopSystem_PIV(DT::TransferFunction*, DT::AproximationType, double, double, double, double, double, double, double)	88	static
../Core/ControllingLib/src/closed_loop.cpp:32:5:DT::Derivator::Derivator(DT::AproximationType, double, double)	192	static
../Core/ControllingLib/src/closed_loop.cpp:60:5:DT::PIDRegulator::PIDRegulator(DT::AproximationType, double, double, double, double, double, double, double, double)	48	static
../Core/ControllingLib/src/closed_loop.cpp:138:5:DT::ClosedLoopSystem_PID::ClosedLoopSystem_PID(DT::TransferFunction*, DT::AproximationType, double, double, double, double, double, double, double, double)	96	static
