../Core/ControllingLib/src/identification.cpp:7:5:DT::IdentificationMethod::IdentificationMethod(uint)	40	static
../Core/ControllingLib/src/identification.cpp:13:5:DT::IdentificationMethod::~IdentificationMethod()	8	static
../Core/ControllingLib/src/identification.cpp:34:5:DT::Identificator::~Identificator()	16	static
../Core/ControllingLib/src/identification.cpp:44:10:void DT::Identificator::shift_vector_h(double, double)	40	static
../Core/ControllingLib/src/identification.cpp:56:5:DT::LeastSquareMethod::LeastSquareMethod(uint)	88	static
../Core/ControllingLib/src/identification.cpp:70:5:DT::LeastSquareMethod::~LeastSquareMethod()	8	static
../Core/ControllingLib/src/identification.cpp:18:5:DT::Identificator::Identificator(DT::IdentificationMethodType, uint, uint)	48	static
/opt/st/stm32cubeide_1.11.2/plugins/com.st.stm32cube.ide.mcu.externaltools.gnu-tools-for-stm32.10.3-2021.10.linux64_1.0.100.202210260954/tools/arm-none-eabi/include/c++/10.3.1/bits/basic_string.tcc:206:7:void std::__cxx11::basic_string<_CharT, _Traits, _Alloc>::_M_construct(_InIterator, _InIterator, std::forward_iterator_tag) [with _FwdIterator = const char*; _CharT = char; _Traits = std::char_traits<char>; _Alloc = std::allocator<char>]	24	static
/opt/st/stm32cubeide_1.11.2/plugins/com.st.stm32cube.ide.mcu.externaltools.gnu-tools-for-stm32.10.3-2021.10.linux64_1.0.100.202210260954/tools/arm-none-eabi/include/c++/10.3.1/bits/basic_string.h:533:7:std::__cxx11::basic_string<_CharT, _Traits, _Alloc>::basic_string(const _CharT*, const _Alloc&) [with <template-parameter-2-1> = std::allocator<char>; _CharT = char; _Traits = std::char_traits<char>; _Alloc = std::allocator<char>]	16	static
/opt/st/stm32cubeide_1.11.2/plugins/com.st.stm32cube.ide.mcu.externaltools.gnu-tools-for-stm32.10.3-2021.10.linux64_1.0.100.202210260954/tools/arm-none-eabi/include/c++/10.3.1/bits/basic_string.tcc:206:7:void std::__cxx11::basic_string<_CharT, _Traits, _Alloc>::_M_construct(_InIterator, _InIterator, std::forward_iterator_tag) [with _FwdIterator = char*; _CharT = char; _Traits = std::char_traits<char>; _Alloc = std::allocator<char>]	24	static
../Core/ControllingLib/src/identification.cpp:84:1:void __static_initialization_and_destruction_0(int, int)	200	static
../Core/ControllingLib/src/../inc/./Eigen/src/Core/util/Memory.h:515:45:void Eigen::internal::smart_copy(const T*, const T*, T*) [with T = double]	8	static
../Core/ControllingLib/src/identification.cpp:38:10:void DT::Identificator::update_coeficients(double, double)	48	static
../Core/ControllingLib/src/../inc/./Eigen/src/Core/Dot.h:72:1:typename Eigen::ScalarBinaryOpTraits<typename Eigen::internal::traits<T>::Scalar, typename Eigen::internal::traits<OtherDerived>::Scalar>::ReturnType Eigen::MatrixBase<Derived>::dot(const Eigen::MatrixBase<OtherDerived>&) const [with OtherDerived = Eigen::Block<const Eigen::Matrix<double, -1, 1>, -1, 1, true>; Derived = Eigen::Block<const Eigen::Matrix<double, -1, -1>, 1, -1, false>]	144	static
../Core/ControllingLib/src/../inc/./Eigen/src/Core/products/GeneralMatrixVector.h:108:42:static void Eigen::internal::general_matrix_vector_product<Index, LhsScalar, LhsMapper, 0, ConjugateLhs, RhsScalar, RhsMapper, ConjugateRhs, Version>::run(Index, Index, const LhsMapper&, const RhsMapper&, Eigen::internal::general_matrix_vector_product<Index, LhsScalar, LhsMapper, 0, ConjugateLhs, RhsScalar, RhsMapper, ConjugateRhs, Version>::ResScalar*, Index, RhsScalar) [with Index = int; LhsScalar = double; LhsMapper = Eigen::internal::const_blas_data_mapper<double, int, 0>; bool ConjugateLhs = false; RhsScalar = double; RhsMapper = Eigen::internal::const_blas_data_mapper<double, int, 1>; bool ConjugateRhs = false; int Version = 0]	176	static
../Core/ControllingLib/src/../inc/./Eigen/src/Core/AssignEvaluator.h:848:6:void Eigen::internal::call_assignment(Dst&, const Src&, const Func&, typename Eigen::internal::enable_if<Eigen::internal::evaluator_assume_aliasing<Src>::value, void*>::type) [with Dst = Eigen::Matrix<double, -1, 1>; Src = Eigen::Product<Eigen::Matrix<double, -1, -1>, Eigen::Matrix<double, -1, 1>, 0>; Func = Eigen::internal::assign_op<double, double>]	160	static
../Core/ControllingLib/src/../inc/./Eigen/src/Core/AssignEvaluator.h:343:53:static void Eigen::internal::dense_assignment_loop<Kernel, 0, 0>::run(Kernel&) [with Kernel = Eigen::internal::restricted_packet_dense_assignment_kernel<Eigen::internal::evaluator<Eigen::Matrix<double, -1, -1> >, Eigen::internal::evaluator<Eigen::Product<Eigen::Product<Eigen::CwiseBinaryOp<Eigen::internal::scalar_product_op<double, double>, const Eigen::CwiseNullaryOp<Eigen::internal::scalar_constant_op<double>, const Eigen::Matrix<double, -1, 1> >, const Eigen::Matrix<double, -1, 1> >, Eigen::Transpose<Eigen::Matrix<double, -1, 1> >, 0>, Eigen::Matrix<double, -1, -1>, 1> >, Eigen::internal::sub_assign_op<double, double> >]	216	static
../Core/ControllingLib/src/../inc/./Eigen/src/Core/products/GeneralMatrixVector.h:327:42:static void Eigen::internal::general_matrix_vector_product<Index, LhsScalar, LhsMapper, 1, ConjugateLhs, RhsScalar, RhsMapper, ConjugateRhs, Version>::run(Index, Index, const LhsMapper&, const RhsMapper&, Eigen::internal::general_matrix_vector_product<Index, LhsScalar, LhsMapper, 1, ConjugateLhs, RhsScalar, RhsMapper, ConjugateRhs, Version>::ResScalar*, Index, Eigen::internal::general_matrix_vector_product<Index, LhsScalar, LhsMapper, 1, ConjugateLhs, RhsScalar, RhsMapper, ConjugateRhs, Version>::ResScalar) [with Index = int; LhsScalar = double; LhsMapper = Eigen::internal::const_blas_data_mapper<double, int, 1>; bool ConjugateLhs = false; RhsScalar = double; RhsMapper = Eigen::internal::const_blas_data_mapper<double, int, 0>; bool ConjugateRhs = false; int Version = 0]	144	static
../Core/ControllingLib/src/../inc/./Eigen/src/Core/GeneralProduct.h:307:15:static void Eigen::internal::gemv_dense_selector<2, 1, true>::run(const Lhs&, const Rhs&, Dest&, const typename Dest::Scalar&) [with Lhs = Eigen::Transpose<const Eigen::Matrix<double, -1, -1> >; Rhs = Eigen::Transpose<const Eigen::Matrix<double, 1, -1> >; Dest = Eigen::Transpose<Eigen::Block<Eigen::Matrix<double, -1, -1>, 1, -1, false> >]	128	dynamic
../Core/ControllingLib/src/../inc/./Eigen/src/Core/util/Meta.h:779:3:T Eigen::numext::div_ceil(const T&, const T&) [with T = int]	0	static
../Core/ControllingLib/src/../inc/./Eigen/src/Core/products/GeneralBlockPanelKernel.h:124:6:void Eigen::internal::evaluateProductBlockingSizesHeuristic(Index&, Index&, Index&, Index) [with LhsScalar = double; RhsScalar = double; int KcFactor = 1; Index = int]	96	static
../Core/ControllingLib/src/../inc/./Eigen/src/Core/products/GeneralBlockPanelKernel.h:339:6:void Eigen::internal::computeProductBlockingSizes(Index&, Index&, Index&, Index) [with LhsScalar = double; RhsScalar = double; int KcFactor = 1; Index = int]	8	static
../Core/ControllingLib/src/../inc/./Eigen/src/Core/products/GeneralBlockPanelKernel.h:2096:24:void Eigen::internal::gemm_pack_lhs<Scalar, Index, DataMapper, Pack1, Pack2, Packet, 0, Conjugate, PanelMode>::operator()(Scalar*, const DataMapper&, Index, Index, Index, Index) [with Scalar = double; Index = int; DataMapper = Eigen::internal::const_blas_data_mapper<double, int, 0>; int Pack1 = 1; int Pack2 = 1; Packet = double; bool Conjugate = false; bool PanelMode = false]	24	static,ignoring_inline_asm
../Core/ControllingLib/src/../inc/./Eigen/src/Core/products/GeneralBlockPanelKernel.h:2386:24:void Eigen::internal::gemm_pack_rhs<Scalar, Index, DataMapper, nr, 0, Conjugate, PanelMode>::operator()(Scalar*, const DataMapper&, Index, Index, Index, Index) [with Scalar = double; Index = int; DataMapper = Eigen::internal::const_blas_data_mapper<double, int, 0>; int nr = 4; bool Conjugate = false; bool PanelMode = false]	40	static,ignoring_inline_asm
../Core/ControllingLib/src/../inc/./Eigen/src/Core/products/GeneralBlockPanelKernel.h:1210:28:void Eigen::internal::lhs_process_one_packet<nr, LhsProgress, RhsProgress, LhsScalar, RhsScalar, ResScalar, AccPacket, LhsPacket, RhsPacket, ResPacket, GEBPTraits, LinearMapper, DataMapper>::operator()(const DataMapper&, const LhsScalar*, const RhsScalar*, ResScalar, Eigen::Index, Eigen::Index, Eigen::Index, Eigen::Index, Eigen::Index, Eigen::Index, int, Eigen::Index, Eigen::Index, Eigen::Index, Eigen::Index, Eigen::Index) [with int nr = 4; int LhsProgress = 1; int RhsProgress = 1; LhsScalar = double; RhsScalar = double; ResScalar = double; AccPacket = double; LhsPacket = double; RhsPacket = double; ResPacket = double; GEBPTraits = Eigen::internal::gebp_traits<double, double, false, false, 0, 0>; LinearMapper = Eigen::internal::BlasLinearMapper<double, int, 0, 1>; DataMapper = Eigen::internal::blas_data_mapper<double, int, 0, 0, 1>]	192	static,ignoring_inline_asm
../Core/ControllingLib/src/../inc/./Eigen/src/Core/products/GeneralBlockPanelKernel.h:1404:6:void Eigen::internal::gebp_kernel<LhsScalar, RhsScalar, Index, DataMapper, mr, nr, ConjugateLhs, ConjugateRhs>::operator()(const DataMapper&, const LhsScalar*, const RhsScalar*, Index, Index, Index, Eigen::internal::gebp_kernel<LhsScalar, RhsScalar, Index, DataMapper, mr, nr, ConjugateLhs, ConjugateRhs>::ResScalar, Index, Index, Index, Index) [with LhsScalar = double; RhsScalar = double; Index = int; DataMapper = Eigen::internal::blas_data_mapper<double, int, 0, 0, 1>; int mr = 1; int nr = 4; bool ConjugateLhs = false; bool ConjugateRhs = false]	80	static
../Core/ControllingLib/src/../inc/./Eigen/src/Core/products/GeneralMatrixMatrix.h:61:13:static void Eigen::internal::general_matrix_matrix_product<Index, LhsScalar, LhsStorageOrder, ConjugateLhs, RhsScalar, RhsStorageOrder, ConjugateRhs, 0, ResInnerStride>::run(Index, Index, Index, const LhsScalar*, Index, const RhsScalar*, Index, Eigen::internal::general_matrix_matrix_product<Index, LhsScalar, LhsStorageOrder, ConjugateLhs, RhsScalar, RhsStorageOrder, ConjugateRhs, 0, ResInnerStride>::ResScalar*, Index, Index, Eigen::internal::general_matrix_matrix_product<Index, LhsScalar, LhsStorageOrder, ConjugateLhs, RhsScalar, RhsStorageOrder, ConjugateRhs, 0, ResInnerStride>::ResScalar, Eigen::internal::level3_blocking<LhsScalar, RhsScalar>&, Eigen::internal::GemmParallelInfo<Index>*) [with Index = int; LhsScalar = double; int LhsStorageOrder = 0; bool ConjugateLhs = false; RhsScalar = double; int RhsStorageOrder = 0; bool ConjugateRhs = false; int ResInnerStride = 1]	240	dynamic
../Core/ControllingLib/src/../inc/./Eigen/src/Core/products/Parallelizer.h:100:6:void Eigen::internal::parallelize_gemm(const Functor&, Index, Index, Index, bool) [with bool Condition = true; Functor = Eigen::internal::gemm_functor<double, int, Eigen::internal::general_matrix_matrix_product<int, double, 0, false, double, 0, false, 0, 1>, Eigen::Matrix<double, -1, -1>, Eigen::Matrix<double, -1, -1>, Eigen::Matrix<double, -1, -1>, Eigen::internal::gemm_blocking_space<0, double, double, -1, -1, -1, 1, false> >; Index = int]	64	static
../Core/ControllingLib/src/../inc/./Eigen/src/Core/util/Memory.h:666:3:Eigen::internal::local_nested_eval_wrapper<Xpr, NbEvaluations, true>::local_nested_eval_wrapper(const Xpr&, Eigen::internal::local_nested_eval_wrapper<Xpr, NbEvaluations, true>::Scalar*) [with Xpr = Eigen::CwiseBinaryOp<Eigen::internal::scalar_product_op<double, double>, const Eigen::CwiseNullaryOp<Eigen::internal::scalar_constant_op<double>, const Eigen::Matrix<double, -1, 1> >, const Eigen::Matrix<double, -1, 1> >; int NbEvaluations = -1]	96	static
../Core/ControllingLib/src/../inc/./Eigen/src/Core/ProductEvaluators.h:272:24:void Eigen::internal::outer_product_selector_run(Dst&, const Lhs&, const Rhs&, const Func&, const Eigen::internal::false_type&) [with Dst = Eigen::Matrix<double, -1, -1>; Lhs = Eigen::CwiseBinaryOp<Eigen::internal::scalar_product_op<double, double>, const Eigen::CwiseNullaryOp<Eigen::internal::scalar_constant_op<double>, const Eigen::Matrix<double, -1, 1> >, const Eigen::Matrix<double, -1, 1> >; Rhs = Eigen::Transpose<Eigen::Matrix<double, -1, 1> >; Func = Eigen::internal::generic_product_impl<Eigen::CwiseBinaryOp<Eigen::internal::scalar_product_op<double, double>, const Eigen::CwiseNullaryOp<Eigen::internal::scalar_constant_op<double>, const Eigen::Matrix<double, -1, 1> >, const Eigen::Matrix<double, -1, 1> >, Eigen::Transpose<Eigen::Matrix<double, -1, 1> >, Eigen::DenseShape, Eigen::DenseShape, 5>::set]	256	dynamic
../Core/ControllingLib/src/../inc/./Eigen/src/Core/Dot.h:72:1:typename Eigen::ScalarBinaryOpTraits<typename Eigen::internal::traits<T>::Scalar, typename Eigen::internal::traits<OtherDerived>::Scalar>::ReturnType Eigen::MatrixBase<Derived>::dot(const Eigen::MatrixBase<OtherDerived>&) const [with OtherDerived = Eigen::Block<const Eigen::Matrix<double, -1, -1>, -1, 1, true>; Derived = Eigen::Block<const Eigen::Block<const Eigen::Product<Eigen::CwiseBinaryOp<Eigen::internal::scalar_product_op<double, double>, const Eigen::CwiseNullaryOp<Eigen::internal::scalar_constant_op<double>, const Eigen::Matrix<double, -1, 1> >, const Eigen::Matrix<double, -1, 1> >, Eigen::Transpose<Eigen::Matrix<double, -1, 1> >, 0>, 1, -1, false>, 1, -1, true>]	288	static
../Core/ControllingLib/src/../inc/./Eigen/src/Core/ProductEvaluators.h:376:53:static void Eigen::internal::generic_product_impl<Lhs, Rhs, Eigen::DenseShape, Eigen::DenseShape, 7>::scaleAndAddTo(Dest&, const Lhs&, const Rhs&, const Scalar&) [with Dest = Eigen::Block<Eigen::Matrix<double, -1, -1>, 1, -1, false>; Lhs = const Eigen::Block<const Eigen::Product<Eigen::CwiseBinaryOp<Eigen::internal::scalar_product_op<double, double>, const Eigen::CwiseNullaryOp<Eigen::internal::scalar_constant_op<double>, const Eigen::Matrix<double, -1, 1> >, const Eigen::Matrix<double, -1, 1> >, Eigen::Transpose<Eigen::Matrix<double, -1, 1> >, 0>, 1, -1, false>; Rhs = Eigen::Matrix<double, -1, -1>]	192	static
../Core/ControllingLib/src/../inc/./Eigen/src/Core/Dot.h:72:1:typename Eigen::ScalarBinaryOpTraits<typename Eigen::internal::traits<T>::Scalar, typename Eigen::internal::traits<OtherDerived>::Scalar>::ReturnType Eigen::MatrixBase<Derived>::dot(const Eigen::MatrixBase<OtherDerived>&) const [with OtherDerived = Eigen::Block<const Eigen::Block<const Eigen::Matrix<double, -1, -1>, -1, 1, true>, -1, 1, true>; Derived = Eigen::Block<const Eigen::Product<Eigen::CwiseBinaryOp<Eigen::internal::scalar_product_op<double, double>, const Eigen::CwiseNullaryOp<Eigen::internal::scalar_constant_op<double>, const Eigen::Matrix<double, -1, 1> >, const Eigen::Matrix<double, -1, 1> >, Eigen::Transpose<Eigen::Matrix<double, -1, 1> >, 0>, 1, -1, false>]	264	static
../Core/ControllingLib/src/../inc/./Eigen/src/Core/ProductEvaluators.h:376:53:static void Eigen::internal::generic_product_impl<Lhs, Rhs, Eigen::DenseShape, Eigen::DenseShape, 7>::scaleAndAddTo(Dest&, const Lhs&, const Rhs&, const Scalar&) [with Dest = Eigen::Block<Eigen::Matrix<double, -1, -1>, -1, 1, true>; Lhs = Eigen::Product<Eigen::CwiseBinaryOp<Eigen::internal::scalar_product_op<double, double>, const Eigen::CwiseNullaryOp<Eigen::internal::scalar_constant_op<double>, const Eigen::Matrix<double, -1, 1> >, const Eigen::Matrix<double, -1, 1> >, Eigen::Transpose<Eigen::Matrix<double, -1, 1> >, 0>; Rhs = const Eigen::Block<const Eigen::Matrix<double, -1, -1>, -1, 1, true>]	216	static
../Core/ControllingLib/src/../inc/./Eigen/src/Core/products/GeneralMatrixMatrix.h:468:15:static void Eigen::internal::generic_product_impl<Lhs, Rhs, Eigen::DenseShape, Eigen::DenseShape, 8>::scaleAndAddTo(Dest&, const Lhs&, const Rhs&, const Scalar&) [with Dest = Eigen::Matrix<double, -1, -1>; Lhs = Eigen::Product<Eigen::CwiseBinaryOp<Eigen::internal::scalar_product_op<double, double>, const Eigen::CwiseNullaryOp<Eigen::internal::scalar_constant_op<double>, const Eigen::Matrix<double, -1, 1> >, const Eigen::Matrix<double, -1, 1> >, Eigen::Transpose<Eigen::Matrix<double, -1, 1> >, 0>; Rhs = Eigen::Matrix<double, -1, -1>]	216	static
../Core/ControllingLib/src/identification.cpp:74:10:virtual void DT::LeastSquareMethod::update(Eigen::VectorXd, double)	552	static
../Core/ControllingLib/src/identification.cpp:84:1:cpp)	8	static
../Core/ControllingLib/src/identification.cpp:84:1:cpp)	8	static
