../Core/ControllingLib/src/../inc/./Eigen/src/Core/products/GeneralBlockPanelKernel.h:1194:28:void Eigen::internal::lhs_process_one_packet<nr, LhsProgress, RhsProgress, LhsScalar, RhsScalar, ResScalar, AccPacket, LhsPacket, RhsPacket, ResPacket, GEBPTraits, LinearMapper, DataMapper>::peeled_kc_onestep(Eigen::Index, const LhsScalar*, const RhsScalar*, GEBPTraits, LhsPacket*, Eigen::internal::lhs_process_one_packet<nr, LhsProgress, RhsProgress, LhsScalar, RhsScalar, ResScalar, AccPacket, LhsPacket, RhsPacket, ResPacket, GEBPTraits, LinearMapper, DataMapper>::RhsPacketx4*, RhsPacket*, AccPacket*, AccPacket*, AccPacket*, AccPacket*) [with int nr = 4; int LhsProgress = 1; int RhsProgress = 1; LhsScalar = double; RhsScalar = double; ResScalar = double; AccPacket = double; LhsPacket = double; RhsPacket = double; ResPacket = double; GEBPTraits = Eigen::internal::gebp_traits<double, double, false, false, 0, 0>; LinearMapper = Eigen::internal::BlasLinearMapper<double, int, 0, 1>; DataMapper = Eigen::internal::blas_data_mapper<double, int, 0, 0, 1>]	32	static,ignoring_inline_asm
../Core/ControllingLib/src/../inc/./Eigen/src/Core/products/GeneralBlockPanelKernel.h:2386:24:void Eigen::internal::gemm_pack_rhs<Scalar, Index, DataMapper, nr, 0, Conjugate, PanelMode>::operator()(Scalar*, const DataMapper&, Index, Index, Index, Index) [with Scalar = double; Index = int; DataMapper = Eigen::internal::const_blas_data_mapper<double, int, 0>; int nr = 4; bool Conjugate = false; bool PanelMode = false]	48	static,ignoring_inline_asm
../Core/ControllingLib/src/../inc/./Eigen/src/Core/products/GeneralBlockPanelKernel.h:2096:24:void Eigen::internal::gemm_pack_lhs<Scalar, Index, DataMapper, Pack1, Pack2, Packet, 0, Conjugate, PanelMode>::operator()(Scalar*, const DataMapper&, Index, Index, Index, Index) [with Scalar = double; Index = int; DataMapper = Eigen::internal::const_blas_data_mapper<double, int, 0>; int Pack1 = 1; int Pack2 = 1; Packet = double; bool Conjugate = false; bool PanelMode = false]	32	static,ignoring_inline_asm
../Core/ControllingLib/src/../inc/./Eigen/src/Core/products/GeneralMatrixVector.h:108:42:static void Eigen::internal::general_matrix_vector_product<Index, LhsScalar, LhsMapper, 0, ConjugateLhs, RhsScalar, RhsMapper, ConjugateRhs, Version>::run(Index, Index, const LhsMapper&, const RhsMapper&, Eigen::internal::general_matrix_vector_product<Index, LhsScalar, LhsMapper, 0, ConjugateLhs, RhsScalar, RhsMapper, ConjugateRhs, Version>::ResScalar*, Index, RhsScalar) [with Index = int; LhsScalar = double; LhsMapper = Eigen::internal::const_blas_data_mapper<double, int, 0>; bool ConjugateLhs = false; RhsScalar = double; RhsMapper = Eigen::internal::const_blas_data_mapper<double, int, 1>; bool ConjugateRhs = false; int Version = 0]	248	static
/opt/st/stm32cubeide_1.11.2/plugins/com.st.stm32cube.ide.mcu.externaltools.gnu-tools-for-stm32.10.3-2021.10.linux64_1.0.100.202210260954/tools/arm-none-eabi/include/c++/10.3.1/sstream:741:7:std::__cxx11::basic_stringstream<_CharT, _Traits, _Alloc>::basic_stringstream() [with _CharT = char; _Traits = std::char_traits<char>; _Alloc = std::allocator<char>]	32	static
/opt/st/stm32cubeide_1.11.2/plugins/com.st.stm32cube.ide.mcu.externaltools.gnu-tools-for-stm32.10.3-2021.10.linux64_1.0.100.202210260954/tools/arm-none-eabi/include/c++/10.3.1/bits/basic_string.h:456:7:std::__cxx11::basic_string<_CharT, _Traits, _Alloc>::basic_string(const std::__cxx11::basic_string<_CharT, _Traits, _Alloc>&) [with _CharT = char; _Traits = std::char_traits<char>; _Alloc = std::allocator<char>]	24	static
../Core/ControllingLib/src/../inc/./Eigen/src/Core/products/GeneralBlockPanelKernel.h:1404:6:void Eigen::internal::gebp_kernel<LhsScalar, RhsScalar, Index, DataMapper, mr, nr, ConjugateLhs, ConjugateRhs>::operator()(const DataMapper&, const LhsScalar*, const RhsScalar*, Index, Index, Index, Eigen::internal::gebp_kernel<LhsScalar, RhsScalar, Index, DataMapper, mr, nr, ConjugateLhs, ConjugateRhs>::ResScalar, Index, Index, Index, Index) [with LhsScalar = double; RhsScalar = double; Index = int; DataMapper = Eigen::internal::blas_data_mapper<double, int, 0, 0, 1>; int mr = 1; int nr = 4; bool ConjugateLhs = false; bool ConjugateRhs = false]	280	static,ignoring_inline_asm
../Core/ControllingLib/src/../inc/./Eigen/src/Core/util/Memory.h:114:31:void Eigen::internal::handmade_aligned_free(void*)	0	static
../Core/ControllingLib/src/../inc/./Eigen/src/Core/util/Memory.h:174:32:void* Eigen::internal::aligned_malloc(std::size_t)	8	static
../Core/ControllingLib/src/identification.cpp:18:5:DT::IdentificationMethod::~IdentificationMethod()	8	static
/opt/st/stm32cubeide_1.11.2/plugins/com.st.stm32cube.ide.mcu.externaltools.gnu-tools-for-stm32.10.3-2021.10.linux64_1.0.100.202210260954/tools/arm-none-eabi/include/c++/10.3.1/bits/unique_ptr.h:386:2:typename std::enable_if<std::__and_<std::__and_<std::is_convertible<typename std::unique_ptr<_Up, _Ep>::pointer, typename std::__uniq_ptr_impl<_Tp, _Dp>::pointer>, std::__not_<std::is_array<_Up> > >, std::is_assignable<_T2&, _U2&&> >::value, std::unique_ptr<_Tp, _Dp>&>::type std::unique_ptr<_Tp, _Dp>::operator=(std::unique_ptr<_Up, _Ep>&&) [with _Up = DT::LeastSquareMethod; _Ep = std::default_delete<DT::LeastSquareMethod>; _Tp = DT::IdentificationMethod; _Dp = std::default_delete<DT::IdentificationMethod>]	8	static
../Core/ControllingLib/src/identification.cpp:40:5:DT::Identificator::~Identificator()	16	static
../Core/ControllingLib/src/../inc/./Eigen/src/Core/IO.h:51:8:Eigen::IOFormat::~IOFormat()	8	static
/opt/st/stm32cubeide_1.11.2/plugins/com.st.stm32cube.ide.mcu.externaltools.gnu-tools-for-stm32.10.3-2021.10.linux64_1.0.100.202210260954/tools/arm-none-eabi/include/c++/10.3.1/bits/basic_string.h:533:7:std::__cxx11::basic_string<_CharT, _Traits, _Alloc>::basic_string(const _CharT*, const _Alloc&) [with <template-parameter-2-1> = std::allocator<char>; _CharT = char; _Traits = std::char_traits<char>; _Alloc = std::allocator<char>]	24	static
../Core/ControllingLib/src/../inc/./Eigen/src/Core/CwiseNullaryOp.h:497:1:static const ConstantReturnType Eigen::DenseBase<Derived>::Zero(Eigen::Index) [with Derived = Eigen::Matrix<double, -1, 1>]	16	static
../Core/ControllingLib/src/../inc/./Eigen/src/Core/DenseCoeffsBase.h:406:5:Eigen::DenseCoeffsBase<Derived, 1>::Scalar& Eigen::DenseCoeffsBase<Derived, 1>::operator[](Eigen::Index) [with Derived = Eigen::Matrix<double, -1, 1>]	8	static
../Core/ControllingLib/src/identification.cpp:50:10:void DT::Identificator::shift_vector_h(double, double)	48	static
../Core/ControllingLib/src/../inc/./Eigen/src/Core/DenseStorage.h:465:23:Eigen::DenseStorage<T, -1, -1, -1, _Options>::~DenseStorage() [with T = double; int _Options = 0]	8	static
../Core/ControllingLib/src/identification.cpp:85:5:DT::LeastSquareMethod::~LeastSquareMethod()	8	static
/opt/st/stm32cubeide_1.11.2/plugins/com.st.stm32cube.ide.mcu.externaltools.gnu-tools-for-stm32.10.3-2021.10.linux64_1.0.100.202210260954/tools/arm-none-eabi/include/c++/10.3.1/bits/unique_ptr.h:355:7:std::unique_ptr<_Tp, _Dp>::~unique_ptr() [with _Tp = DT::LeastSquareMethod; _Dp = std::default_delete<DT::LeastSquareMethod>]	16	static
../Core/ControllingLib/src/../inc/./Eigen/src/Core/Product.h:135:41:Eigen::internal::dense_product_base<Lhs, Rhs, Option, 6>::operator const Scalar() const [with Lhs = Eigen::Transpose<Eigen::Matrix<double, -1, 1> >; Rhs = Eigen::Matrix<double, -1, 1>; int Option = 0]	48	static
../Core/ControllingLib/src/../inc/./Eigen/src/Core/../plugins/CommonCwiseBinaryOps.h:50:1:const Eigen::CwiseBinaryOp<Eigen::internal::scalar_product_op<typename Eigen::internal::promote_scalar_arg<typename Eigen::internal::traits<T>::Scalar, T, Eigen::internal::has_ReturnType<Eigen::ScalarBinaryOpTraits<T, typename Eigen::internal::traits<T>::Scalar, Eigen::internal::scalar_product_op<T, typename Eigen::internal::traits<T>::Scalar> > >::value>::type, typename Eigen::internal::traits<T>::Scalar>, const typename Eigen::internal::plain_constant_type<Derived, typename Eigen::internal::promote_scalar_arg<typename Eigen::internal::traits<T>::Scalar, T, Eigen::internal::has_ReturnType<Eigen::ScalarBinaryOpTraits<T, typename Eigen::internal::traits<T>::Scalar, Eigen::internal::scalar_product_op<T, typename Eigen::internal::traits<T>::Scalar> > >::value>::type>::type, const Derived> Eigen::operator*(const T&, const StorageBaseType&) [with T = double; Derived = Eigen::Matrix<double, -1, 1>]	16	static
../Core/ControllingLib/src/../inc/./Eigen/src/Core/IO.h:51:8:Eigen::IOFormat::IOFormat(const Eigen::IOFormat&)	16	static
../Core/ControllingLib/src/../inc/./Eigen/src/Core/Product.h:94:5:Eigen::Product<Lhs, Rhs, Option>::Product(const Lhs&, const Rhs&) [with _Lhs = Eigen::Transpose<Eigen::Matrix<double, -1, 1> >; _Rhs = Eigen::Matrix<double, -1, 1>; int Option = 0]	8	static
../Core/ControllingLib/src/../inc/./Eigen/src/Core/Product.h:71:7:Eigen::Product<Eigen::CwiseBinaryOp<Eigen::internal::scalar_product_op<double, double>, const Eigen::CwiseNullaryOp<Eigen::internal::scalar_constant_op<double>, const Eigen::Matrix<double, -1, 1> >, const Eigen::Matrix<double, -1, 1> >, Eigen::Transpose<Eigen::Matrix<double, -1, 1> >, 0>::Product(const Eigen::Product<Eigen::CwiseBinaryOp<Eigen::internal::scalar_product_op<double, double>, const Eigen::CwiseNullaryOp<Eigen::internal::scalar_constant_op<double>, const Eigen::Matrix<double, -1, 1> >, const Eigen::Matrix<double, -1, 1> >, Eigen::Transpose<Eigen::Matrix<double, -1, 1> >, 0>&)	12	static
../Core/ControllingLib/src/../inc/./Eigen/src/Core/IO.h:131:16:std::ostream& Eigen::internal::print_matrix(std::ostream&, const Derived&, const Eigen::IOFormat&) [with Derived = Eigen::Matrix<double, -1, -1>]	304	static
../Core/ControllingLib/src/../inc/./Eigen/src/Core/IO.h:131:16:std::ostream& Eigen::internal::print_matrix(std::ostream&, const Derived&, const Eigen::IOFormat&) [with Derived = Eigen::Matrix<double, 1, -1>]	296	static
../Core/ControllingLib/src/../inc/./Eigen/src/Core/util/Memory.h:399:62:T* Eigen::internal::conditional_aligned_new_auto(std::size_t) [with T = double; bool Align = true]	8	static
../Core/ControllingLib/src/identification.cpp:44:10:void DT::Identificator::update_coeficients(double, double)	40	static
../Core/ControllingLib/src/../inc/./Eigen/src/Core/PlainObjectBase.h:271:30:void Eigen::PlainObjectBase<Derived>::resize(Eigen::Index, Eigen::Index) [with Derived = Eigen::Matrix<double, -1, 1>]	16	static
../Core/ControllingLib/src/../inc/./Eigen/src/Core/AssignEvaluator.h:769:44:void Eigen::internal::call_dense_assignment_loop(DstXprType&, const SrcXprType&, const Functor&) [with DstXprType = Eigen::Matrix<double, -1, 1>; SrcXprType = Eigen::CwiseBinaryOp<Eigen::internal::scalar_sum_op<double, double>, const Eigen::Matrix<double, -1, 1>, const Eigen::CwiseBinaryOp<Eigen::internal::scalar_product_op<double, double>, const Eigen::CwiseNullaryOp<Eigen::internal::scalar_constant_op<double>, const Eigen::Matrix<double, -1, 1> >, const Eigen::Matrix<double, -1, 1> > >; Functor = Eigen::internal::assign_op<double, double>]	40	static
../Core/ControllingLib/src/../inc/./Eigen/src/Core/AssignEvaluator.h:834:6:void Eigen::internal::call_assignment(Dst&, const Src&) [with Dst = Eigen::Matrix<double, -1, 1>; Src = Eigen::CwiseNullaryOp<Eigen::internal::scalar_constant_op<double>, Eigen::Matrix<double, -1, 1> >]	16	static
../Core/ControllingLib/src/identification.cpp:12:5:DT::IdentificationMethod::IdentificationMethod(uint)	24	static
../Core/ControllingLib/src/../inc/./Eigen/src/Core/PlainObjectBase.h:271:30:void Eigen::PlainObjectBase<Derived>::resize(Eigen::Index, Eigen::Index) [with Derived = Eigen::Matrix<double, -1, -1>]	24	static
../Core/ControllingLib/src/../inc/./Eigen/src/Core/AssignEvaluator.h:769:44:void Eigen::internal::call_dense_assignment_loop(DstXprType&, const SrcXprType&, const Functor&) [with DstXprType = Eigen::Matrix<double, -1, -1>; SrcXprType = Eigen::Matrix<double, -1, -1>; Functor = Eigen::internal::assign_op<double, double>]	24	static
../Core/ControllingLib/src/../inc/./Eigen/src/Core/PlainObjectBase.h:271:30:void Eigen::PlainObjectBase<Derived>::resize(Eigen::Index, Eigen::Index) [with Derived = Eigen::Matrix<double, 1, -1>]	16	static
../Core/ControllingLib/src/../inc/./Eigen/src/Core/IO.h:104:27:std::ostream& Eigen::operator<<(std::ostream&, const Eigen::WithFormat<Eigen::Transpose<Eigen::Matrix<double, -1, 1> > >&)	40	static
../Core/ControllingLib/src/identification.cpp:62:5:DT::LeastSquareMethod::LeastSquareMethod(uint)	216	static
../Core/ControllingLib/src/identification.cpp:23:5:DT::Identificator::Identificator(DT::IdentificationMethodType, uint, uint)	40	static
../Core/ControllingLib/src/../inc/./Eigen/src/Core/Block.h:118:5:Eigen::Block<XprType, BlockRows, BlockCols, InnerPanel>::Block(XprType&, Eigen::Index) [with XprType = const Eigen::Matrix<double, -1, -1>; int BlockRows = 1; int BlockCols = -1; bool InnerPanel = false]	8	static
../Core/ControllingLib/src/../inc/./Eigen/src/Core/util/Memory.h:623:5:Eigen::internal::aligned_stack_memory_handler<T>::~aligned_stack_memory_handler() [with T = double]	8	static
../Core/ControllingLib/src/../inc/./Eigen/src/Core/products/GeneralMatrixMatrix.h:61:13:static void Eigen::internal::general_matrix_matrix_product<Index, LhsScalar, LhsStorageOrder, ConjugateLhs, RhsScalar, RhsStorageOrder, ConjugateRhs, 0, ResInnerStride>::run(Index, Index, Index, const LhsScalar*, Index, const RhsScalar*, Index, Eigen::internal::general_matrix_matrix_product<Index, LhsScalar, LhsStorageOrder, ConjugateLhs, RhsScalar, RhsStorageOrder, ConjugateRhs, 0, ResInnerStride>::ResScalar*, Index, Index, Eigen::internal::general_matrix_matrix_product<Index, LhsScalar, LhsStorageOrder, ConjugateLhs, RhsScalar, RhsStorageOrder, ConjugateRhs, 0, ResInnerStride>::ResScalar, Eigen::internal::level3_blocking<LhsScalar, RhsScalar>&, Eigen::internal::GemmParallelInfo<Index>*) [with Index = int; LhsScalar = double; int LhsStorageOrder = 0; bool ConjugateLhs = false; RhsScalar = double; int RhsStorageOrder = 0; bool ConjugateRhs = false; int ResInnerStride = 1]	192	dynamic
../Core/ControllingLib/src/../inc/./Eigen/src/Core/Block.h:118:5:Eigen::Block<XprType, BlockRows, BlockCols, InnerPanel>::Block(XprType&, Eigen::Index) [with XprType = Eigen::Matrix<double, -1, -1>; int BlockRows = -1; int BlockCols = 1; bool InnerPanel = true]	16	static
../Core/ControllingLib/src/../inc/./Eigen/src/Core/Block.h:118:5:Eigen::Block<XprType, BlockRows, BlockCols, InnerPanel>::Block(XprType&, Eigen::Index) [with XprType = const Eigen::Matrix<double, -1, -1>; int BlockRows = -1; int BlockCols = 1; bool InnerPanel = true]	16	static
../Core/ControllingLib/src/../inc/./Eigen/src/Core/Block.h:118:5:Eigen::Block<XprType, BlockRows, BlockCols, InnerPanel>::Block(XprType&, Eigen::Index) [with XprType = const Eigen::Product<Eigen::CwiseBinaryOp<Eigen::internal::scalar_product_op<double, double>, const Eigen::CwiseNullaryOp<Eigen::internal::scalar_constant_op<double>, const Eigen::Matrix<double, -1, 1> >, const Eigen::Matrix<double, -1, 1> >, Eigen::Transpose<Eigen::Matrix<double, -1, 1> >, 0>; int BlockRows = 1; int BlockCols = -1; bool InnerPanel = false]	16	static
../Core/ControllingLib/src/../inc/./Eigen/src/Core/products/GeneralMatrixVector.h:327:42:static void Eigen::internal::general_matrix_vector_product<Index, LhsScalar, LhsMapper, 1, ConjugateLhs, RhsScalar, RhsMapper, ConjugateRhs, Version>::run(Index, Index, const LhsMapper&, const RhsMapper&, Eigen::internal::general_matrix_vector_product<Index, LhsScalar, LhsMapper, 1, ConjugateLhs, RhsScalar, RhsMapper, ConjugateRhs, Version>::ResScalar*, Index, Eigen::internal::general_matrix_vector_product<Index, LhsScalar, LhsMapper, 1, ConjugateLhs, RhsScalar, RhsMapper, ConjugateRhs, Version>::ResScalar) [with Index = int; LhsScalar = double; LhsMapper = Eigen::internal::const_blas_data_mapper<double, int, 1>; bool ConjugateLhs = false; RhsScalar = double; RhsMapper = Eigen::internal::const_blas_data_mapper<double, int, 0>; bool ConjugateRhs = false; int Version = 0]	224	static
../Core/ControllingLib/src/../inc/./Eigen/src/Core/GeneralProduct.h:307:15:static void Eigen::internal::gemv_dense_selector<2, 1, true>::run(const Lhs&, const Rhs&, Dest&, const typename Dest::Scalar&) [with Lhs = Eigen::Transpose<const Eigen::Matrix<double, -1, -1> >; Rhs = Eigen::Transpose<const Eigen::Matrix<double, 1, -1> >; Dest = Eigen::Transpose<Eigen::Block<Eigen::Matrix<double, -1, -1>, 1, -1, false> >]	72	dynamic
../Core/ControllingLib/src/../inc/./Eigen/src/Core/Block.h:181:5:Eigen::internal::BlockImpl_dense<XprType, BlockRows, BlockCols, InnerPanel, HasDirectAccess>::BlockImpl_dense(const Eigen::internal::BlockImpl_dense<XprType, BlockRows, BlockCols, InnerPanel, HasDirectAccess>&) [with XprType = const Eigen::Product<Eigen::CwiseBinaryOp<Eigen::internal::scalar_product_op<double, double>, const Eigen::CwiseNullaryOp<Eigen::internal::scalar_constant_op<double>, const Eigen::Matrix<double, -1, 1> >, const Eigen::Matrix<double, -1, 1> >, Eigen::Transpose<Eigen::Matrix<double, -1, 1> >, 0>; int BlockRows = 1; int BlockCols = -1; bool InnerPanel = false; bool HasDirectAccess = false]	16	static
../Core/ControllingLib/src/../inc/./Eigen/src/Core/CoreEvaluators.h:767:19:Eigen::internal::binary_evaluator<Eigen::CwiseBinaryOp<BinaryOp, Lhs, Rhs>, Eigen::internal::IndexBased, Eigen::internal::IndexBased>::CoeffReturnType Eigen::internal::binary_evaluator<Eigen::CwiseBinaryOp<BinaryOp, Lhs, Rhs>, Eigen::internal::IndexBased, Eigen::internal::IndexBased>::coeff(Eigen::Index, Eigen::Index) const [with BinaryOp = Eigen::internal::scalar_conj_product_op<double, double>; Lhs = const Eigen::Transpose<const Eigen::Block<const Eigen::Matrix<double, -1, -1>, 1, -1, false> >; Rhs = const Eigen::Block<const Eigen::Matrix<double, -1, 1>, -1, 1, true>]	8	static
../Core/ControllingLib/src/../inc/./Eigen/src/Core/ProductEvaluators.h:348:53:static void Eigen::internal::generic_product_impl_base<Lhs, Rhs, Derived>::evalTo(Dst&, const Lhs&, const Rhs&) [with Dst = Eigen::Matrix<double, -1, 1>; Lhs = Eigen::Matrix<double, -1, -1>; Rhs = Eigen::Matrix<double, -1, 1>; Derived = Eigen::internal::generic_product_impl<Eigen::Matrix<double, -1, -1>, Eigen::Matrix<double, -1, 1>, Eigen::DenseShape, Eigen::DenseShape, 7>]	112	static
../Core/ControllingLib/src/../inc/./Eigen/src/Core/AssignEvaluator.h:834:6:void Eigen::internal::call_assignment(Dst&, const Src&) [with Dst = Eigen::Matrix<double, -1, 1>; Src = Eigen::Product<Eigen::Matrix<double, -1, -1>, Eigen::Matrix<double, -1, 1>, 0>]	24	static
../Core/ControllingLib/src/../inc/./Eigen/src/Core/CoreEvaluators.h:767:19:Eigen::internal::binary_evaluator<Eigen::CwiseBinaryOp<BinaryOp, Lhs, Rhs>, Eigen::internal::IndexBased, Eigen::internal::IndexBased>::CoeffReturnType Eigen::internal::binary_evaluator<Eigen::CwiseBinaryOp<BinaryOp, Lhs, Rhs>, Eigen::internal::IndexBased, Eigen::internal::IndexBased>::coeff(Eigen::Index, Eigen::Index) const [with BinaryOp = Eigen::internal::scalar_conj_product_op<double, double>; Lhs = const Eigen::Transpose<const Eigen::Block<const Eigen::Product<Eigen::CwiseBinaryOp<Eigen::internal::scalar_product_op<double, double>, const Eigen::CwiseNullaryOp<Eigen::internal::scalar_constant_op<double>, const Eigen::Matrix<double, -1, 1> >, const Eigen::Matrix<double, -1, 1> >, Eigen::Transpose<Eigen::Matrix<double, -1, 1> >, 0>, 1, -1, false> >; Rhs = const Eigen::Block<const Eigen::Block<const Eigen::Matrix<double, -1, -1>, -1, 1, true>, -1, 1, true>]	16	static
../Core/ControllingLib/src/../inc/./Eigen/src/Core/CoreEvaluators.h:767:19:Eigen::internal::binary_evaluator<Eigen::CwiseBinaryOp<BinaryOp, Lhs, Rhs>, Eigen::internal::IndexBased, Eigen::internal::IndexBased>::CoeffReturnType Eigen::internal::binary_evaluator<Eigen::CwiseBinaryOp<BinaryOp, Lhs, Rhs>, Eigen::internal::IndexBased, Eigen::internal::IndexBased>::coeff(Eigen::Index, Eigen::Index) const [with BinaryOp = Eigen::internal::scalar_conj_product_op<double, double>; Lhs = const Eigen::Transpose<const Eigen::Block<const Eigen::Block<const Eigen::Product<Eigen::CwiseBinaryOp<Eigen::internal::scalar_product_op<double, double>, const Eigen::CwiseNullaryOp<Eigen::internal::scalar_constant_op<double>, const Eigen::Matrix<double, -1, 1> >, const Eigen::Matrix<double, -1, 1> >, Eigen::Transpose<Eigen::Matrix<double, -1, 1> >, 0>, 1, -1, false>, 1, -1, true> >; Rhs = const Eigen::Block<const Eigen::Matrix<double, -1, -1>, -1, 1, true>]	16	static
../Core/ControllingLib/src/../inc/./Eigen/src/Core/CoreEvaluators.h:767:19:Eigen::internal::binary_evaluator<Eigen::CwiseBinaryOp<BinaryOp, Lhs, Rhs>, Eigen::internal::IndexBased, Eigen::internal::IndexBased>::CoeffReturnType Eigen::internal::binary_evaluator<Eigen::CwiseBinaryOp<BinaryOp, Lhs, Rhs>, Eigen::internal::IndexBased, Eigen::internal::IndexBased>::coeff(Eigen::Index, Eigen::Index) const [with BinaryOp = Eigen::internal::scalar_product_op<double, double>; Lhs = const Eigen::Transpose<const Eigen::Block<const Eigen::Matrix<double, -1, -1>, 1, -1, false> >; Rhs = const Eigen::Block<const Eigen::Matrix<double, -1, -1>, -1, 1, true>]	8	static
../Core/ControllingLib/src/../inc/./Eigen/src/Core/AssignEvaluator.h:343:53:static void Eigen::internal::dense_assignment_loop<Kernel, 0, 0>::run(Kernel&) [with Kernel = Eigen::internal::restricted_packet_dense_assignment_kernel<Eigen::internal::evaluator<Eigen::Matrix<double, -1, -1> >, Eigen::internal::evaluator<Eigen::Product<Eigen::Product<Eigen::CwiseBinaryOp<Eigen::internal::scalar_product_op<double, double>, const Eigen::CwiseNullaryOp<Eigen::internal::scalar_constant_op<double>, const Eigen::Matrix<double, -1, 1> >, const Eigen::Matrix<double, -1, 1> >, Eigen::Transpose<Eigen::Matrix<double, -1, 1> >, 0>, Eigen::Matrix<double, -1, -1>, 1> >, Eigen::internal::sub_assign_op<double, double> >]	144	static
../Core/ControllingLib/src/../inc/./Eigen/src/Core/AssignEvaluator.h:769:44:void Eigen::internal::call_dense_assignment_loop(DstXprType&, const SrcXprType&, const Functor&) [with DstXprType = Eigen::Map<Eigen::Matrix<double, -1, 1>, 16, Eigen::Stride<0, 0> >; SrcXprType = Eigen::CwiseBinaryOp<Eigen::internal::scalar_product_op<double, double>, const Eigen::CwiseNullaryOp<Eigen::internal::scalar_constant_op<double>, const Eigen::Matrix<double, -1, 1> >, const Eigen::Matrix<double, -1, 1> >; Functor = Eigen::internal::assign_op<double, double>]	32	static
../Core/ControllingLib/src/../inc/./Eigen/src/Core/ProductEvaluators.h:272:24:void Eigen::internal::outer_product_selector_run(Dst&, const Lhs&, const Rhs&, const Func&, const Eigen::internal::false_type&) [with Dst = Eigen::Matrix<double, -1, -1>; Lhs = Eigen::CwiseBinaryOp<Eigen::internal::scalar_product_op<double, double>, const Eigen::CwiseNullaryOp<Eigen::internal::scalar_constant_op<double>, const Eigen::Matrix<double, -1, 1> >, const Eigen::Matrix<double, -1, 1> >; Rhs = Eigen::Transpose<Eigen::Matrix<double, -1, 1> >; Func = Eigen::internal::generic_product_impl<Eigen::CwiseBinaryOp<Eigen::internal::scalar_product_op<double, double>, const Eigen::CwiseNullaryOp<Eigen::internal::scalar_constant_op<double>, const Eigen::Matrix<double, -1, 1> >, const Eigen::Matrix<double, -1, 1> >, Eigen::Transpose<Eigen::Matrix<double, -1, 1> >, Eigen::DenseShape, Eigen::DenseShape, 5>::set]	112	dynamic
../Core/ControllingLib/src/../inc/./Eigen/src/Core/CoreEvaluators.h:1105:12:Eigen::internal::unary_evaluator<Eigen::Block<ArgType, BlockRows, BlockCols, InnerPanel>, Eigen::internal::IndexBased>::unary_evaluator(const XprType&) [with ArgType = const Eigen::Product<Eigen::CwiseBinaryOp<Eigen::internal::scalar_product_op<double, double>, const Eigen::CwiseNullaryOp<Eigen::internal::scalar_constant_op<double>, const Eigen::Matrix<double, -1, 1> >, const Eigen::Matrix<double, -1, 1> >, Eigen::Transpose<Eigen::Matrix<double, -1, 1> >, 0>; int BlockRows = 1; int BlockCols = -1; bool InnerPanel = false]	24	static
../Core/ControllingLib/src/../inc/./Eigen/src/Core/AssignEvaluator.h:769:44:void Eigen::internal::call_dense_assignment_loop(DstXprType&, const SrcXprType&, const Functor&) [with DstXprType = Eigen::Matrix<double, 1, -1>; SrcXprType = Eigen::Block<const Eigen::Product<Eigen::CwiseBinaryOp<Eigen::internal::scalar_product_op<double, double>, const Eigen::CwiseNullaryOp<Eigen::internal::scalar_constant_op<double>, const Eigen::Matrix<double, -1, 1> >, const Eigen::Matrix<double, -1, 1> >, Eigen::Transpose<Eigen::Matrix<double, -1, 1> >, 0>, 1, -1, false>; Functor = Eigen::internal::assign_op<double, double>]	56	static
../Core/ControllingLib/src/../inc/./Eigen/src/Core/Dot.h:72:1:typename Eigen::ScalarBinaryOpTraits<typename Eigen::internal::traits<T>::Scalar, typename Eigen::internal::traits<OtherDerived>::Scalar>::ReturnType Eigen::MatrixBase<Derived>::dot(const Eigen::MatrixBase<OtherDerived>&) const [with OtherDerived = Eigen::Block<const Eigen::Block<const Eigen::Matrix<double, -1, -1>, -1, 1, true>, -1, 1, true>; Derived = Eigen::Block<const Eigen::Product<Eigen::CwiseBinaryOp<Eigen::internal::scalar_product_op<double, double>, const Eigen::CwiseNullaryOp<Eigen::internal::scalar_constant_op<double>, const Eigen::Matrix<double, -1, 1> >, const Eigen::Matrix<double, -1, 1> >, Eigen::Transpose<Eigen::Matrix<double, -1, 1> >, 0>, 1, -1, false>]	248	static
../Core/ControllingLib/src/../inc/./Eigen/src/Core/Dot.h:72:1:typename Eigen::ScalarBinaryOpTraits<typename Eigen::internal::traits<T>::Scalar, typename Eigen::internal::traits<OtherDerived>::Scalar>::ReturnType Eigen::MatrixBase<Derived>::dot(const Eigen::MatrixBase<OtherDerived>&) const [with OtherDerived = Eigen::Block<const Eigen::Matrix<double, -1, -1>, -1, 1, true>; Derived = Eigen::Block<const Eigen::Block<const Eigen::Product<Eigen::CwiseBinaryOp<Eigen::internal::scalar_product_op<double, double>, const Eigen::CwiseNullaryOp<Eigen::internal::scalar_constant_op<double>, const Eigen::Matrix<double, -1, 1> >, const Eigen::Matrix<double, -1, 1> >, Eigen::Transpose<Eigen::Matrix<double, -1, 1> >, 0>, 1, -1, false>, 1, -1, true>]	272	static
../Core/ControllingLib/src/../inc/./Eigen/src/Core/ProductEvaluators.h:141:8:static void Eigen::internal::Assignment<DstXprType, Eigen::Product<Lhs, Rhs, Options>, Eigen::internal::assign_op<Scalar, Scalar>, Eigen::internal::Dense2Dense, typename Eigen::internal::enable_if<((Options == Eigen::DefaultProduct) || (Options == Eigen::AliasFreeProduct))>::type>::run(DstXprType&, const SrcXprType&, const Eigen::internal::assign_op<Scalar, Scalar>&) [with DstXprType = Eigen::Matrix<double, -1, -1>; Lhs = Eigen::CwiseBinaryOp<Eigen::internal::scalar_product_op<double, double>, const Eigen::CwiseNullaryOp<Eigen::internal::scalar_constant_op<double>, const Eigen::Matrix<double, -1, 1> >, const Eigen::Matrix<double, -1, 1> >; Rhs = Eigen::Transpose<Eigen::Matrix<double, -1, 1> >; int Options = 0; Scalar = double]	16	static
../Core/ControllingLib/src/../inc/./Eigen/src/Core/ProductEvaluators.h:376:53:static void Eigen::internal::generic_product_impl<Lhs, Rhs, Eigen::DenseShape, Eigen::DenseShape, 7>::scaleAndAddTo(Dest&, const Lhs&, const Rhs&, const Scalar&) [with Dest = Eigen::Block<Eigen::Matrix<double, -1, -1>, -1, 1, true>; Lhs = Eigen::Product<Eigen::CwiseBinaryOp<Eigen::internal::scalar_product_op<double, double>, const Eigen::CwiseNullaryOp<Eigen::internal::scalar_constant_op<double>, const Eigen::Matrix<double, -1, 1> >, const Eigen::Matrix<double, -1, 1> >, Eigen::Transpose<Eigen::Matrix<double, -1, 1> >, 0>; Rhs = const Eigen::Block<const Eigen::Matrix<double, -1, -1>, -1, 1, true>]	160	static
../Core/ControllingLib/src/../inc/./Eigen/src/Core/products/GeneralMatrixMatrix.h:468:15:static void Eigen::internal::generic_product_impl<Lhs, Rhs, Eigen::DenseShape, Eigen::DenseShape, 8>::scaleAndAddTo(Dest&, const Lhs&, const Rhs&, const Scalar&) [with Dest = Eigen::Matrix<double, -1, -1>; Lhs = Eigen::Product<Eigen::CwiseBinaryOp<Eigen::internal::scalar_product_op<double, double>, const Eigen::CwiseNullaryOp<Eigen::internal::scalar_constant_op<double>, const Eigen::Matrix<double, -1, 1> >, const Eigen::Matrix<double, -1, 1> >, Eigen::Transpose<Eigen::Matrix<double, -1, 1> >, 0>; Rhs = Eigen::Matrix<double, -1, -1>]	256	static
../Core/ControllingLib/src/../inc/./Eigen/src/Core/AssignEvaluator.h:834:6:void Eigen::internal::call_assignment(Dst&, const Src&) [with Dst = Eigen::Matrix<double, -1, -1>; Src = Eigen::CwiseBinaryOp<Eigen::internal::scalar_difference_op<double, double>, const Eigen::Matrix<double, -1, -1>, const Eigen::Product<Eigen::Product<Eigen::CwiseBinaryOp<Eigen::internal::scalar_product_op<double, double>, const Eigen::CwiseNullaryOp<Eigen::internal::scalar_constant_op<double>, const Eigen::Matrix<double, -1, 1> >, const Eigen::Matrix<double, -1, 1> >, Eigen::Transpose<Eigen::Matrix<double, -1, 1> >, 0>, Eigen::Matrix<double, -1, -1>, 0> >]	152	static
../Core/ControllingLib/src/identification.cpp:89:10:virtual void DT::LeastSquareMethod::update(Eigen::VectorXd, double)	208	static
../Core/ControllingLib/src/identification.cpp:99:1:cpp)	192	static
../Core/ControllingLib/src/identification.cpp:99:1:cpp)	8	static
