/opt/st/stm32cubeide_1.11.2/plugins/com.st.stm32cube.ide.mcu.externaltools.gnu-tools-for-stm32.10.3-2021.10.linux64_1.0.100.202210260954/tools/arm-none-eabi/include/c++/10.3.1/bits/stl_algobase.h:949:3:constexpr int std::__size_to_integer(int)	16	static
/opt/st/stm32cubeide_1.11.2/plugins/com.st.stm32cube.ide.mcu.externaltools.gnu-tools-for-stm32.10.3-2021.10.linux64_1.0.100.202210260954/tools/arm-none-eabi/include/c++/10.3.1/new:174:33:void* operator new(std::size_t, void*)	16	static
/opt/st/stm32cubeide_1.11.2/plugins/com.st.stm32cube.ide.mcu.externaltools.gnu-tools-for-stm32.10.3-2021.10.linux64_1.0.100.202210260954/tools/arm-none-eabi/include/c++/10.3.1/arm-none-eabi/thumb/v7e-m+fp/hard/bits/gthr-default.h:229:1:int __gthread_key_delete(__gthread_key_t)	16	static
/opt/st/stm32cubeide_1.11.2/plugins/com.st.stm32cube.ide.mcu.externaltools.gnu-tools-for-stm32.10.3-2021.10.linux64_1.0.100.202210260954/tools/arm-none-eabi/include/c++/10.3.1/bits/char_traits.h:365:7:static constexpr std::size_t std::char_traits<char>::length(const char_type*)	24	static
/opt/st/stm32cubeide_1.11.2/plugins/com.st.stm32cube.ide.mcu.externaltools.gnu-tools-for-stm32.10.3-2021.10.linux64_1.0.100.202210260954/tools/arm-none-eabi/include/c++/10.3.1/bits/ios_base.h:728:5:std::streamsize std::ios_base::precision(std::streamsize)	24	static
/opt/st/stm32cubeide_1.11.2/plugins/com.st.stm32cube.ide.mcu.externaltools.gnu-tools-for-stm32.10.3-2021.10.linux64_1.0.100.202210260954/tools/arm-none-eabi/include/c++/10.3.1/bits/ios_base.h:742:5:std::streamsize std::ios_base::width() const	16	static
/opt/st/stm32cubeide_1.11.2/plugins/com.st.stm32cube.ide.mcu.externaltools.gnu-tools-for-stm32.10.3-2021.10.linux64_1.0.100.202210260954/tools/arm-none-eabi/include/c++/10.3.1/bits/ios_base.h:751:5:std::streamsize std::ios_base::width(std::streamsize)	24	static
/opt/st/stm32cubeide_1.11.2/plugins/com.st.stm32cube.ide.mcu.externaltools.gnu-tools-for-stm32.10.3-2021.10.linux64_1.0.100.202210260954/tools/arm-none-eabi/include/c++/10.3.1/bits/stl_algobase.h:230:5:constexpr const _Tp& std::min(const _Tp&, const _Tp&) [with _Tp = unsigned int]	16	static
../Core/ControllingLib/src/../inc/./Eigen/src/Core/util/Meta.h:427:21:Eigen::internal::noncopyable::noncopyable()	16	static
../Core/ControllingLib/src/../inc/./Eigen/src/Core/util/Meta.h:428:21:Eigen::internal::noncopyable::~noncopyable()	16	static
../Core/ControllingLib/src/../inc/./Eigen/src/Core/util/Memory.h:67:13:void Eigen::internal::throw_std_bad_alloc()	16	static
../Core/ControllingLib/src/../inc/./Eigen/src/Core/util/Memory.h:100:32:void* Eigen::internal::handmade_aligned_malloc(std::size_t, std::size_t)	24	static
../Core/ControllingLib/src/../inc/./Eigen/src/Core/util/Memory.h:114:31:void Eigen::internal::handmade_aligned_free(void*)	16	static
../Core/ControllingLib/src/../inc/./Eigen/src/Core/util/Memory.h:167:31:void Eigen::internal::check_that_malloc_is_allowed()	4	static
../Core/ControllingLib/src/../inc/./Eigen/src/Core/util/Memory.h:174:32:void* Eigen::internal::aligned_malloc(std::size_t)	24	static
../Core/ControllingLib/src/../inc/./Eigen/src/Core/util/Memory.h:198:31:void Eigen::internal::aligned_free(void*)	16	static
../Core/ControllingLib/src/../inc/./Eigen/src/Core/util/Memory.h:1106:13:void Eigen::internal::queryCacheSizes(int&, int&, int&)	24	static
../Core/ControllingLib/src/../inc/./Eigen/src/Core/util/IndexedViewHelper.h:137:16:Eigen::internal::all_t::all_t()	16	static
../Core/ControllingLib/src/../inc/./Eigen/src/Core/IO.h:54:3:Eigen::IOFormat::IOFormat(int, int, const string&, const string&, const string&, const string&, const string&, const string&, char)	40	static
../Core/ControllingLib/src/../inc/./Eigen/src/Core/products/GeneralBlockPanelKernel.h:29:23:std::ptrdiff_t Eigen::internal::manage_caching_sizes_helper(std::ptrdiff_t, std::ptrdiff_t)	16	static
../Core/ControllingLib/src/../inc/./Eigen/src/Core/products/GeneralBlockPanelKernel.h:72:3:Eigen::internal::CacheSizes::CacheSizes()	32	static
../Core/ControllingLib/src/../inc/./Eigen/src/Core/products/GeneralBlockPanelKernel.h:86:13:void Eigen::internal::manage_caching_sizes(Eigen::Action, std::ptrdiff_t*, std::ptrdiff_t*, std::ptrdiff_t*)	24	static
/opt/st/stm32cubeide_1.11.2/plugins/com.st.stm32cube.ide.mcu.externaltools.gnu-tools-for-stm32.10.3-2021.10.linux64_1.0.100.202210260954/tools/arm-none-eabi/include/c++/10.3.1/bits/stl_algobase.h:230:5:constexpr const _Tp& std::min(const _Tp&, const _Tp&) [with _Tp = int]	16	static
../Core/ControllingLib/src/../inc/./Eigen/src/Core/PlainObjectBase.h:98:7:Eigen::PlainObjectBase<Eigen::Matrix<double, -1, 1> >::~PlainObjectBase()	16	static
../Core/ControllingLib/src/../inc/./Eigen/src/Core/Matrix.h:178:7:Eigen::Matrix<double, -1, 1>::~Matrix()	16	static
../Core/ControllingLib/src/identification.cpp:12:5:DT::IdentificationMethod::IdentificationMethod(uint)	32	static
../Core/ControllingLib/src/identification.cpp:18:5:DT::IdentificationMethod::~IdentificationMethod()	16	static
/opt/st/stm32cubeide_1.11.2/plugins/com.st.stm32cube.ide.mcu.externaltools.gnu-tools-for-stm32.10.3-2021.10.linux64_1.0.100.202210260954/tools/arm-none-eabi/include/c++/10.3.1/bits/stl_vector.h:128:14:std::_Vector_base<Eigen::Matrix<double, -1, 1>, std::allocator<Eigen::Matrix<double, -1, 1> > >::_Vector_impl::~_Vector_impl()	16	static
/opt/st/stm32cubeide_1.11.2/plugins/com.st.stm32cube.ide.mcu.externaltools.gnu-tools-for-stm32.10.3-2021.10.linux64_1.0.100.202210260954/tools/arm-none-eabi/include/c++/10.3.1/bits/stl_vector.h:288:7:std::_Vector_base<_Tp, _Alloc>::_Vector_base() [with _Tp = Eigen::Matrix<double, -1, 1>; _Alloc = std::allocator<Eigen::Matrix<double, -1, 1> >]	16	static
/opt/st/stm32cubeide_1.11.2/plugins/com.st.stm32cube.ide.mcu.externaltools.gnu-tools-for-stm32.10.3-2021.10.linux64_1.0.100.202210260954/tools/arm-none-eabi/include/c++/10.3.1/bits/stl_vector.h:487:7:std::vector<_Tp, _Alloc>::vector() [with _Tp = Eigen::Matrix<double, -1, 1>; _Alloc = std::allocator<Eigen::Matrix<double, -1, 1> >]	16	static
../Core/ControllingLib/src/identification.cpp:23:5:DT::Identificator::Identificator(DT::IdentificationMethodType, uint, uint)	56	static
../Core/ControllingLib/src/identification.cpp:40:5:DT::Identificator::~Identificator()	16	static
../Core/ControllingLib/src/identification.cpp:44:10:void DT::Identificator::update_coeficients(double, double)	48	static
../Core/ControllingLib/src/identification.cpp:50:10:void DT::Identificator::shift_vector_h(double, double)	56	static
../Core/ControllingLib/src/../inc/./Eigen/src/Core/PlainObjectBase.h:98:7:Eigen::PlainObjectBase<Eigen::Matrix<double, -1, -1> >::~PlainObjectBase()	16	static
../Core/ControllingLib/src/../inc/./Eigen/src/Core/Matrix.h:178:7:Eigen::Matrix<double, -1, -1>::~Matrix()	16	static
../Core/ControllingLib/src/../inc/./Eigen/src/Core/IO.h:51:8:Eigen::IOFormat::~IOFormat()	16	static
../Core/ControllingLib/src/../inc/./Eigen/src/Core/IO.h:96:7:Eigen::WithFormat<Eigen::Matrix<double, -1, -1> >::~WithFormat()	16	static
../Core/ControllingLib/src/../inc/./Eigen/src/Core/IO.h:96:7:Eigen::WithFormat<Eigen::Transpose<Eigen::Matrix<double, -1, 1> > >::~WithFormat()	16	static
../Core/ControllingLib/src/identification.cpp:65:5:DT::LeastSquareMethod::LeastSquareMethod(uint)	432	static
../Core/ControllingLib/src/identification.cpp:88:5:DT::LeastSquareMethod::~LeastSquareMethod()	16	static
../Core/ControllingLib/src/identification.cpp:92:10:virtual void DT::LeastSquareMethod::update(Eigen::VectorXd, double)	904	static
/opt/st/stm32cubeide_1.11.2/plugins/com.st.stm32cube.ide.mcu.externaltools.gnu-tools-for-stm32.10.3-2021.10.linux64_1.0.100.202210260954/tools/arm-none-eabi/include/c++/10.3.1/bits/char_traits.h:106:7:static constexpr bool __gnu_cxx::char_traits<_CharT>::eq(const char_type&, const char_type&) [with _CharT = char]	16	static
/opt/st/stm32cubeide_1.11.2/plugins/com.st.stm32cube.ide.mcu.externaltools.gnu-tools-for-stm32.10.3-2021.10.linux64_1.0.100.202210260954/tools/arm-none-eabi/include/c++/10.3.1/bits/char_traits.h:167:5:static constexpr std::size_t __gnu_cxx::char_traits<_CharT>::length(const char_type*) [with _CharT = char]	24	static
/opt/st/stm32cubeide_1.11.2/plugins/com.st.stm32cube.ide.mcu.externaltools.gnu-tools-for-stm32.10.3-2021.10.linux64_1.0.100.202210260954/tools/arm-none-eabi/include/c++/10.3.1/bits/stl_algobase.h:254:5:constexpr const _Tp& std::max(const _Tp&, const _Tp&) [with _Tp = unsigned int]	16	static
/opt/st/stm32cubeide_1.11.2/plugins/com.st.stm32cube.ide.mcu.externaltools.gnu-tools-for-stm32.10.3-2021.10.linux64_1.0.100.202210260954/tools/arm-none-eabi/include/c++/10.3.1/bits/basic_string.h:533:7:std::__cxx11::basic_string<_CharT, _Traits, _Alloc>::basic_string(const _CharT*, const _Alloc&) [with <template-parameter-2-1> = std::allocator<char>; _CharT = char; _Traits = std::char_traits<char>; _Alloc = std::allocator<char>]	40	static
../Core/ControllingLib/src/../inc/./Eigen/src/Core/util/Macros.h:1073:69:void Eigen::internal::ignore_unused_variable(const T&) [with T = void*]	16	static
/opt/st/stm32cubeide_1.11.2/plugins/com.st.stm32cube.ide.mcu.externaltools.gnu-tools-for-stm32.10.3-2021.10.linux64_1.0.100.202210260954/tools/arm-none-eabi/include/c++/10.3.1/bits/stl_algobase.h:254:5:constexpr const _Tp& std::max(const _Tp&, const _Tp&) [with _Tp = int]	16	static
../Core/ControllingLib/src/../inc/./Eigen/src/Core/util/SymbolicIndex.h:219:3:Eigen::symbolic::SymbolExpr<tag>::SymbolExpr() [with tag = Eigen::internal::symbolic_last_tag]	16	static
../Core/ControllingLib/src/../inc/./Eigen/src/Core/util/IntegralConstant.h:56:3:Eigen::internal::FixedInt<N>::FixedInt() [with int N = 1]	16	static
../Core/ControllingLib/src/../inc/./Eigen/src/Core/util/IntegralConstant.h:82:12:Eigen::internal::FixedInt<N> Eigen::internal::FixedInt<N>::operator()() const [with int N = 1]	16	static
../Core/ControllingLib/src/../inc/./Eigen/src/Core/util/SymbolicIndex.h:117:55:Eigen::symbolic::AddExpr<Derived, Eigen::symbolic::ValueExpr<Eigen::internal::FixedInt<M> > > Eigen::symbolic::BaseExpr<Derived>::operator+(Eigen::internal::FixedInt<M>) const [with int N = 1; Derived = Eigen::symbolic::SymbolExpr<Eigen::internal::symbolic_last_tag>]	32	static
../Core/ControllingLib/src/../inc/./Eigen/src/Core/util/Macros.h:1073:69:void Eigen::internal::ignore_unused_variable(const T&) [with T = int]	16	static
../Core/ControllingLib/src/../inc/./Eigen/src/Core/Matrix.h:414:25:Eigen::Matrix<_Scalar, _Rows, _Cols, _Options, _MaxRows, _MaxCols>::Matrix(const Eigen::Matrix<_Scalar, _Rows, _Cols, _Options, _MaxRows, _MaxCols>&) [with _Scalar = double; int _Rows = -1; int _Cols = 1; int _Options = 0; int _MaxRows = -1; int _MaxCols = 1]	16	static
../Core/ControllingLib/src/../inc/./Eigen/src/Core/DenseStorage.h:621:23:Eigen::DenseStorage<T, -1, -1, _Cols, _Options>::~DenseStorage() [with T = double; int _Cols = 1; int _Options = 0]	16	static
/opt/st/stm32cubeide_1.11.2/plugins/com.st.stm32cube.ide.mcu.externaltools.gnu-tools-for-stm32.10.3-2021.10.linux64_1.0.100.202210260954/tools/arm-none-eabi/include/c++/10.3.1/bits/unique_ptr.h:413:7:std::unique_ptr<_Tp, _Dp>::pointer std::unique_ptr<_Tp, _Dp>::operator->() const [with _Tp = DT::IdentificationMethod; _Dp = std::default_delete<DT::IdentificationMethod>]	16	static
/opt/st/stm32cubeide_1.11.2/plugins/com.st.stm32cube.ide.mcu.externaltools.gnu-tools-for-stm32.10.3-2021.10.linux64_1.0.100.202210260954/tools/arm-none-eabi/include/c++/10.3.1/bits/stl_vector.h:678:7:std::vector<_Tp, _Alloc>::~vector() [with _Tp = Eigen::Matrix<double, -1, 1>; _Alloc = std::allocator<Eigen::Matrix<double, -1, 1> >]	24	static
../Core/ControllingLib/src/../inc/./Eigen/src/Core/Matrix.h:259:5:Eigen::Matrix<_Scalar, _Rows, _Cols, _Options, _MaxRows, _MaxCols>::Matrix() [with _Scalar = double; int _Rows = -1; int _Cols = 1; int _Options = 0; int _MaxRows = -1; int _MaxCols = 1]	16	static
../Core/ControllingLib/src/../inc/./Eigen/src/Core/CwiseNullaryOp.h:497:1:static const ConstantReturnType Eigen::DenseBase<Derived>::Zero(Eigen::Index) [with Derived = Eigen::Matrix<double, -1, 1>]	24	static
../Core/ControllingLib/src/../inc/./Eigen/src/Core/Matrix.h:223:33:Eigen::Matrix<_Scalar, _Rows, _Cols, _Options, _MaxRows, _MaxCols>& Eigen::Matrix<_Scalar, _Rows, _Cols, _Options, _MaxRows, _MaxCols>::operator=(const Eigen::DenseBase<OtherDerived>&) [with OtherDerived = Eigen::CwiseNullaryOp<Eigen::internal::scalar_constant_op<double>, Eigen::Matrix<double, -1, 1> >; _Scalar = double; int _Rows = -1; int _Cols = 1; int _Options = 0; int _MaxRows = -1; int _MaxCols = 1]	16	static
/opt/st/stm32cubeide_1.11.2/plugins/com.st.stm32cube.ide.mcu.externaltools.gnu-tools-for-stm32.10.3-2021.10.linux64_1.0.100.202210260954/tools/arm-none-eabi/include/c++/10.3.1/bits/stl_vector.h:131:2:std::_Vector_base<_Tp, _Alloc>::_Vector_impl::_Vector_impl() [with _Tp = Eigen::Matrix<double, -1, 1>; _Alloc = std::allocator<Eigen::Matrix<double, -1, 1> >]	16	static
/opt/st/stm32cubeide_1.11.2/plugins/com.st.stm32cube.ide.mcu.externaltools.gnu-tools-for-stm32.10.3-2021.10.linux64_1.0.100.202210260954/tools/arm-none-eabi/include/c++/10.3.1/bits/allocator.h:182:7:std::allocator< <template-parameter-1-1> >::~allocator() [with _Tp = Eigen::Matrix<double, -1, 1>]	16	static
/opt/st/stm32cubeide_1.11.2/plugins/com.st.stm32cube.ide.mcu.externaltools.gnu-tools-for-stm32.10.3-2021.10.linux64_1.0.100.202210260954/tools/arm-none-eabi/include/c++/10.3.1/bits/stl_vector.h:333:7:std::_Vector_base<_Tp, _Alloc>::~_Vector_base() [with _Tp = Eigen::Matrix<double, -1, 1>; _Alloc = std::allocator<Eigen::Matrix<double, -1, 1> >]	16	static
/opt/st/stm32cubeide_1.11.2/plugins/com.st.stm32cube.ide.mcu.externaltools.gnu-tools-for-stm32.10.3-2021.10.linux64_1.0.100.202210260954/tools/arm-none-eabi/include/c++/10.3.1/tuple:959:2:constexpr std::tuple<_T1, _T2>::tuple() [with bool _Dummy = true; typename std::enable_if<std::_TupleConstraints<_Dummy, _T1, _T2>::__is_implicitly_default_constructible(), bool>::type <anonymous> = true; _T1 = DT::IdentificationMethod*; _T2 = std::default_delete<DT::IdentificationMethod>]	16	static
/opt/st/stm32cubeide_1.11.2/plugins/com.st.stm32cube.ide.mcu.externaltools.gnu-tools-for-stm32.10.3-2021.10.linux64_1.0.100.202210260954/tools/arm-none-eabi/include/c++/10.3.1/bits/unique_ptr.h:154:7:constexpr std::__uniq_ptr_impl<_Tp, _Dp>::__uniq_ptr_impl() [with _Tp = DT::IdentificationMethod; _Dp = std::default_delete<DT::IdentificationMethod>]	16	static
/opt/st/stm32cubeide_1.11.2/plugins/com.st.stm32cube.ide.mcu.externaltools.gnu-tools-for-stm32.10.3-2021.10.linux64_1.0.100.202210260954/tools/arm-none-eabi/include/c++/10.3.1/bits/unique_ptr.h:210:40:constexpr std::__uniq_ptr_data<DT::IdentificationMethod, std::default_delete<DT::IdentificationMethod>, true, true>::__uniq_ptr_data() [inherited from std::__uniq_ptr_impl<DT::IdentificationMethod, std::default_delete<DT::IdentificationMethod> >]	16	static
/opt/st/stm32cubeide_1.11.2/plugins/com.st.stm32cube.ide.mcu.externaltools.gnu-tools-for-stm32.10.3-2021.10.linux64_1.0.100.202210260954/tools/arm-none-eabi/include/c++/10.3.1/bits/unique_ptr.h:269:12:constexpr std::unique_ptr<_Tp, _Dp>::unique_ptr() [with _Del = std::default_delete<DT::IdentificationMethod>; <template-parameter-2-2> = void; _Tp = DT::IdentificationMethod; _Dp = std::default_delete<DT::IdentificationMethod>]	16	static
/opt/st/stm32cubeide_1.11.2/plugins/com.st.stm32cube.ide.mcu.externaltools.gnu-tools-for-stm32.10.3-2021.10.linux64_1.0.100.202210260954/tools/arm-none-eabi/include/c++/10.3.1/bits/unique_ptr.h:355:7:std::unique_ptr<_Tp, _Dp>::~unique_ptr() [with _Tp = DT::IdentificationMethod; _Dp = std::default_delete<DT::IdentificationMethod>]	32	static
/opt/st/stm32cubeide_1.11.2/plugins/com.st.stm32cube.ide.mcu.externaltools.gnu-tools-for-stm32.10.3-2021.10.linux64_1.0.100.202210260954/tools/arm-none-eabi/include/c++/10.3.1/bits/unique_ptr.h:961:5:) [with _Tp = DT::LeastSquareMethod; _Args = {unsigned int}]	24	static
/opt/st/stm32cubeide_1.11.2/plugins/com.st.stm32cube.ide.mcu.externaltools.gnu-tools-for-stm32.10.3-2021.10.linux64_1.0.100.202210260954/tools/arm-none-eabi/include/c++/10.3.1/bits/unique_ptr.h:355:7:std::unique_ptr<_Tp, _Dp>::~unique_ptr() [with _Tp = DT::LeastSquareMethod; _Dp = std::default_delete<DT::LeastSquareMethod>]	32	static
/opt/st/stm32cubeide_1.11.2/plugins/com.st.stm32cube.ide.mcu.externaltools.gnu-tools-for-stm32.10.3-2021.10.linux64_1.0.100.202210260954/tools/arm-none-eabi/include/c++/10.3.1/bits/unique_ptr.h:386:2:typename std::enable_if<std::__and_<std::__and_<std::is_convertible<typename std::unique_ptr<_Up, _Ep>::pointer, typename std::__uniq_ptr_impl<_Tp, _Dp>::pointer>, std::__not_<std::is_array<_Up> > >, std::is_assignable<_T2&, _U2&&> >::value, std::unique_ptr<_Tp, _Dp>&>::type std::unique_ptr<_Tp, _Dp>::operator=(std::unique_ptr<_Up, _Ep>&&) [with _Up = DT::LeastSquareMethod; _Ep = std::default_delete<DT::LeastSquareMethod>; _Tp = DT::IdentificationMethod; _Dp = std::default_delete<DT::IdentificationMethod>]	24	static
/opt/st/stm32cubeide_1.11.2/plugins/com.st.stm32cube.ide.mcu.externaltools.gnu-tools-for-stm32.10.3-2021.10.linux64_1.0.100.202210260954/tools/arm-none-eabi/include/c++/10.3.1/bits/stl_vector.h:1187:7:void std::vector<_Tp, _Alloc>::push_back(const value_type&) [with _Tp = Eigen::Matrix<double, -1, 1>; _Alloc = std::allocator<Eigen::Matrix<double, -1, 1> >]	16	static
../Core/ControllingLib/src/../inc/./Eigen/src/Core/DenseCoeffsBase.h:406:5:Eigen::DenseCoeffsBase<Derived, 1>::Scalar& Eigen::DenseCoeffsBase<Derived, 1>::operator[](Eigen::Index) [with Derived = Eigen::Matrix<double, -1, 1>]	16	static
../Core/ControllingLib/src/../inc/./Eigen/src/Core/Matrix.h:259:5:Eigen::Matrix<_Scalar, _Rows, _Cols, _Options, _MaxRows, _MaxCols>::Matrix() [with _Scalar = double; int _Rows = -1; int _Cols = -1; int _Options = 0; int _MaxRows = -1; int _MaxCols = -1]	16	static
../Core/ControllingLib/src/../inc/./Eigen/src/Core/DenseStorage.h:465:23:Eigen::DenseStorage<T, -1, -1, -1, _Options>::~DenseStorage() [with T = double; int _Options = 0]	16	static
../Core/ControllingLib/src/../inc/./Eigen/src/Core/CwiseNullaryOp.h:474:1:static const ConstantReturnType Eigen::DenseBase<Derived>::Zero(Eigen::Index, Eigen::Index) [with Derived = Eigen::Matrix<double, -1, -1>]	32	static
../Core/ControllingLib/src/../inc/./Eigen/src/Core/Matrix.h:223:33:Eigen::Matrix<_Scalar, _Rows, _Cols, _Options, _MaxRows, _MaxCols>& Eigen::Matrix<_Scalar, _Rows, _Cols, _Options, _MaxRows, _MaxCols>::operator=(const Eigen::DenseBase<OtherDerived>&) [with OtherDerived = Eigen::CwiseNullaryOp<Eigen::internal::scalar_constant_op<double>, Eigen::Matrix<double, -1, -1> >; _Scalar = double; int _Rows = -1; int _Cols = -1; int _Options = 0; int _MaxRows = -1; int _MaxCols = -1]	16	static
../Core/ControllingLib/src/../inc/./Eigen/src/Core/DenseCoeffsBase.h:364:5:Eigen::DenseCoeffsBase<Derived, 1>::Scalar& Eigen::DenseCoeffsBase<Derived, 1>::operator()(Eigen::Index, Eigen::Index) [with Derived = Eigen::Matrix<double, -1, -1>]	24	static
../Core/ControllingLib/src/../inc/./Eigen/src/Core/DenseBase.h:519:38:const Eigen::WithFormat<Derived> Eigen::DenseBase<Derived>::format(const Eigen::IOFormat&) const [with Derived = Eigen::Matrix<double, -1, -1>]	24	static
../Core/ControllingLib/src/../inc/./Eigen/src/Core/IO.h:104:27:std::ostream& Eigen::operator<<(std::ostream&, const Eigen::WithFormat<Eigen::Matrix<double, -1, -1> >&)	16	static
../Core/ControllingLib/src/../inc/./Eigen/src/Core/Transpose.h:182:1:Eigen::Transpose<Derived> Eigen::DenseBase<Derived>::transpose() [with Derived = Eigen::Matrix<double, -1, 1>]	24	static
../Core/ControllingLib/src/../inc/./Eigen/src/Core/DenseBase.h:519:38:const Eigen::WithFormat<Derived> Eigen::DenseBase<Derived>::format(const Eigen::IOFormat&) const [with Derived = Eigen::Transpose<Eigen::Matrix<double, -1, 1> >]	24	static
../Core/ControllingLib/src/../inc/./Eigen/src/Core/PlainObjectBase.h:98:7:Eigen::PlainObjectBase<Eigen::Matrix<double, 1, -1> >::~PlainObjectBase()	16	static
../Core/ControllingLib/src/../inc/./Eigen/src/Core/Matrix.h:178:7:Eigen::Matrix<double, 1, -1>::~Matrix()	16	static
../Core/ControllingLib/src/../inc/./Eigen/src/Core/IO.h:104:27:std::ostream& Eigen::operator<<(std::ostream&, const Eigen::WithFormat<Eigen::Transpose<Eigen::Matrix<double, -1, 1> > >&)	32	static
../Core/ControllingLib/src/../inc/./Eigen/src/Core/GeneralProduct.h:399:1:const Eigen::Product<Derived, OtherDerived> Eigen::MatrixBase<Derived>::operator*(const Eigen::MatrixBase<OtherDerived>&) const [with OtherDerived = Eigen::Matrix<double, -1, 1>; Derived = Eigen::Transpose<Eigen::Matrix<double, -1, 1> >]	32	static
../Core/ControllingLib/src/../inc/./Eigen/src/Core/CoreEvaluators.h:163:8:Eigen::internal::evaluator<Eigen::PlainObjectBase<Eigen::Matrix<double, 1, 1, 0, 1, 1> > >::~evaluator()	16	static
../Core/ControllingLib/src/../inc/./Eigen/src/Core/CoreEvaluators.h:273:8:Eigen::internal::evaluator<Eigen::Matrix<double, 1, 1, 0, 1, 1> >::~evaluator()	16	static
../Core/ControllingLib/src/../inc/./Eigen/src/Core/ProductEvaluators.h:96:8:Eigen::internal::product_evaluator<Eigen::Product<Eigen::Transpose<Eigen::Matrix<double, -1, 1> >, Eigen::Matrix<double, -1, 1>, 0>, 6, Eigen::DenseShape, Eigen::DenseShape, double, double>::~product_evaluator()	16	static
../Core/ControllingLib/src/../inc/./Eigen/src/Core/ProductEvaluators.h:29:8:Eigen::internal::evaluator<Eigen::Product<Eigen::Transpose<Eigen::Matrix<double, -1, 1> >, Eigen::Matrix<double, -1, 1>, 0> >::~evaluator()	16	static
../Core/ControllingLib/src/../inc/./Eigen/src/Core/Product.h:135:41:Eigen::internal::dense_product_base<Lhs, Rhs, Option, 6>::operator const Scalar() const [with Lhs = Eigen::Transpose<Eigen::Matrix<double, -1, 1> >; Rhs = Eigen::Matrix<double, -1, 1>; int Option = 0]	40	static
../Core/ControllingLib/src/../inc/./Eigen/src/Core/GeneralProduct.h:399:1:const Eigen::Product<Derived, OtherDerived> Eigen::MatrixBase<Derived>::operator*(const Eigen::MatrixBase<OtherDerived>&) const [with OtherDerived = Eigen::Matrix<double, -1, 1>; Derived = Eigen::Matrix<double, -1, -1>]	32	static
../Core/ControllingLib/src/../inc/./Eigen/src/Core/Matrix.h:223:33:Eigen::Matrix<_Scalar, _Rows, _Cols, _Options, _MaxRows, _MaxCols>& Eigen::Matrix<_Scalar, _Rows, _Cols, _Options, _MaxRows, _MaxCols>::operator=(const Eigen::DenseBase<OtherDerived>&) [with OtherDerived = Eigen::Product<Eigen::Matrix<double, -1, -1>, Eigen::Matrix<double, -1, 1>, 0>; _Scalar = double; int _Rows = -1; int _Cols = 1; int _Options = 0; int _MaxRows = -1; int _MaxCols = 1]	16	static
../Core/ControllingLib/src/../inc/./Eigen/src/Core/../plugins/CommonCwiseBinaryOps.h:50:1:const Eigen::CwiseBinaryOp<Eigen::internal::scalar_product_op<typename Eigen::internal::promote_scalar_arg<typename Eigen::internal::traits<T>::Scalar, T, Eigen::internal::has_ReturnType<Eigen::ScalarBinaryOpTraits<T, typename Eigen::internal::traits<T>::Scalar, Eigen::internal::scalar_product_op<T, typename Eigen::internal::traits<T>::Scalar> > >::value>::type, typename Eigen::internal::traits<T>::Scalar>, const typename Eigen::internal::plain_constant_type<Derived, typename Eigen::internal::promote_scalar_arg<typename Eigen::internal::traits<T>::Scalar, T, Eigen::internal::has_ReturnType<Eigen::ScalarBinaryOpTraits<T, typename Eigen::internal::traits<T>::Scalar, Eigen::internal::scalar_product_op<T, typename Eigen::internal::traits<T>::Scalar> > >::value>::type>::type, const Derived> Eigen::operator*(const T&, const StorageBaseType&) [with T = double; Derived = Eigen::Matrix<double, -1, 1>]	64	static
../Core/ControllingLib/src/../inc/./Eigen/src/Core/../plugins/CommonCwiseBinaryOps.h:27:1:const Eigen::CwiseBinaryOp<Eigen::internal::scalar_sum_op<typename Eigen::internal::traits<T>::Scalar, typename Eigen::internal::traits<OtherDerived>::Scalar>, const Derived, const OtherDerived> Eigen::MatrixBase<Derived>::operator+(const Eigen::MatrixBase<OtherDerived>&) const [with OtherDerived = Eigen::CwiseBinaryOp<Eigen::internal::scalar_product_op<double, double>, const Eigen::CwiseNullaryOp<Eigen::internal::scalar_constant_op<double>, const Eigen::Matrix<double, -1, 1> >, const Eigen::Matrix<double, -1, 1> >; Derived = Eigen::Matrix<double, -1, 1>]	40	static
../Core/ControllingLib/src/../inc/./Eigen/src/Core/Matrix.h:223:33:Eigen::Matrix<_Scalar, _Rows, _Cols, _Options, _MaxRows, _MaxCols>& Eigen::Matrix<_Scalar, _Rows, _Cols, _Options, _MaxRows, _MaxCols>::operator=(const Eigen::DenseBase<OtherDerived>&) [with OtherDerived = Eigen::CwiseBinaryOp<Eigen::internal::scalar_sum_op<double, double>, const Eigen::Matrix<double, -1, 1>, const Eigen::CwiseBinaryOp<Eigen::internal::scalar_product_op<double, double>, const Eigen::CwiseNullaryOp<Eigen::internal::scalar_constant_op<double>, const Eigen::Matrix<double, -1, 1> >, const Eigen::Matrix<double, -1, 1> > >; _Scalar = double; int _Rows = -1; int _Cols = 1; int _Options = 0; int _MaxRows = -1; int _MaxCols = 1]	16	static
../Core/ControllingLib/src/../inc/./Eigen/src/Core/GeneralProduct.h:399:1:const Eigen::Product<Derived, OtherDerived> Eigen::MatrixBase<Derived>::operator*(const Eigen::MatrixBase<OtherDerived>&) const [with OtherDerived = Eigen::Transpose<Eigen::Matrix<double, -1, 1> >; Derived = Eigen::CwiseBinaryOp<Eigen::internal::scalar_product_op<double, double>, const Eigen::CwiseNullaryOp<Eigen::internal::scalar_constant_op<double>, const Eigen::Matrix<double, -1, 1> >, const Eigen::Matrix<double, -1, 1> >]	32	static
../Core/ControllingLib/src/../inc/./Eigen/src/Core/GeneralProduct.h:399:1:const Eigen::Product<Derived, OtherDerived> Eigen::MatrixBase<Derived>::operator*(const Eigen::MatrixBase<OtherDerived>&) const [with OtherDerived = Eigen::Matrix<double, -1, -1>; Derived = Eigen::Product<Eigen::CwiseBinaryOp<Eigen::internal::scalar_product_op<double, double>, const Eigen::CwiseNullaryOp<Eigen::internal::scalar_constant_op<double>, const Eigen::Matrix<double, -1, 1> >, const Eigen::Matrix<double, -1, 1> >, Eigen::Transpose<Eigen::Matrix<double, -1, 1> >, 0>]	32	static
../Core/ControllingLib/src/../inc/./Eigen/src/Core/../plugins/CommonCwiseBinaryOps.h:19:1:const Eigen::CwiseBinaryOp<Eigen::internal::scalar_difference_op<typename Eigen::internal::traits<T>::Scalar, typename Eigen::internal::traits<OtherDerived>::Scalar>, const Derived, const OtherDerived> Eigen::MatrixBase<Derived>::operator-(const Eigen::MatrixBase<OtherDerived>&) const [with OtherDerived = Eigen::Product<Eigen::Product<Eigen::CwiseBinaryOp<Eigen::internal::scalar_product_op<double, double>, const Eigen::CwiseNullaryOp<Eigen::internal::scalar_constant_op<double>, const Eigen::Matrix<double, -1, 1> >, const Eigen::Matrix<double, -1, 1> >, Eigen::Transpose<Eigen::Matrix<double, -1, 1> >, 0>, Eigen::Matrix<double, -1, -1>, 0>; Derived = Eigen::Matrix<double, -1, -1>]	40	static
../Core/ControllingLib/src/../inc/./Eigen/src/Core/Matrix.h:223:33:Eigen::Matrix<_Scalar, _Rows, _Cols, _Options, _MaxRows, _MaxCols>& Eigen::Matrix<_Scalar, _Rows, _Cols, _Options, _MaxRows, _MaxCols>::operator=(const Eigen::DenseBase<OtherDerived>&) [with OtherDerived = Eigen::CwiseBinaryOp<Eigen::internal::scalar_difference_op<double, double>, const Eigen::Matrix<double, -1, -1>, const Eigen::Product<Eigen::Product<Eigen::CwiseBinaryOp<Eigen::internal::scalar_product_op<double, double>, const Eigen::CwiseNullaryOp<Eigen::internal::scalar_constant_op<double>, const Eigen::Matrix<double, -1, 1> >, const Eigen::Matrix<double, -1, 1> >, Eigen::Transpose<Eigen::Matrix<double, -1, 1> >, 0>, Eigen::Matrix<double, -1, -1>, 0> >; _Scalar = double; int _Rows = -1; int _Cols = -1; int _Options = 0; int _MaxRows = -1; int _MaxCols = -1]	16	static
/opt/st/stm32cubeide_1.11.2/plugins/com.st.stm32cube.ide.mcu.externaltools.gnu-tools-for-stm32.10.3-2021.10.linux64_1.0.100.202210260954/tools/arm-none-eabi/include/c++/10.3.1/bits/move.h:76:5:constexpr _Tp&& std::forward(typename std::remove_reference<_Tp>::type&) [with _Tp = unsigned int]	16	static
/opt/st/stm32cubeide_1.11.2/plugins/com.st.stm32cube.ide.mcu.externaltools.gnu-tools-for-stm32.10.3-2021.10.linux64_1.0.100.202210260954/tools/arm-none-eabi/include/c++/10.3.1/bits/stl_iterator_base_funcs.h:138:5:constexpr typename std::iterator_traits< <template-parameter-1-1> >::difference_type std::distance(_InputIterator, _InputIterator) [with _InputIterator = const char*]	24	static
/opt/st/stm32cubeide_1.11.2/plugins/com.st.stm32cube.ide.mcu.externaltools.gnu-tools-for-stm32.10.3-2021.10.linux64_1.0.100.202210260954/tools/arm-none-eabi/include/c++/10.3.1/bits/basic_string.tcc:206:7:void std::__cxx11::basic_string<_CharT, _Traits, _Alloc>::_M_construct(_InIterator, _InIterator, std::forward_iterator_tag) [with _FwdIterator = const char*; _CharT = char; _Traits = std::char_traits<char>; _Alloc = std::allocator<char>]	32	static
../Core/ControllingLib/src/../inc/./Eigen/src/Core/util/SymbolicIndex.h:80:18:const Derived& Eigen::symbolic::BaseExpr<Derived>::derived() const [with Derived = Eigen::symbolic::SymbolExpr<Eigen::internal::symbolic_last_tag>]	16	static
../Core/ControllingLib/src/../inc/./Eigen/src/Core/util/SymbolicIndex.h:66:3:Eigen::symbolic::ValueExpr<Eigen::internal::FixedInt<N> >::ValueExpr() [with int N = 1]	16	static
../Core/ControllingLib/src/../inc/./Eigen/src/Core/util/SymbolicIndex.h:254:3:Eigen::symbolic::AddExpr<Arg1, Arg2>::AddExpr(const Arg0&, const Arg1&) [with Arg0 = Eigen::symbolic::SymbolExpr<Eigen::internal::symbolic_last_tag>; Arg1 = Eigen::symbolic::ValueExpr<Eigen::internal::FixedInt<1> >]	24	static
../Core/ControllingLib/src/../inc/./Eigen/src/Core/MatrixBase.h:485:5:Eigen::MatrixBase<Derived>::MatrixBase() [with Derived = Eigen::Matrix<double, -1, 1>]	16	static
../Core/ControllingLib/src/../inc/./Eigen/src/Core/PlainObjectBase.h:511:25:Eigen::PlainObjectBase<Derived>::PlainObjectBase(const Eigen::PlainObjectBase<Derived>&) [with Derived = Eigen::Matrix<double, -1, 1>]	16	static
../Core/ControllingLib/src/../inc/./Eigen/src/Core/util/Memory.h:442:64:void Eigen::internal::conditional_aligned_delete_auto(T*, std::size_t) [with T = double; bool Align = true]	16	static
/opt/st/stm32cubeide_1.11.2/plugins/com.st.stm32cube.ide.mcu.externaltools.gnu-tools-for-stm32.10.3-2021.10.linux64_1.0.100.202210260954/tools/arm-none-eabi/include/c++/10.3.1/bits/unique_ptr.h:421:7:std::unique_ptr<_Tp, _Dp>::pointer std::unique_ptr<_Tp, _Dp>::get() const [with _Tp = DT::IdentificationMethod; _Dp = std::default_delete<DT::IdentificationMethod>]	16	static
/opt/st/stm32cubeide_1.11.2/plugins/com.st.stm32cube.ide.mcu.externaltools.gnu-tools-for-stm32.10.3-2021.10.linux64_1.0.100.202210260954/tools/arm-none-eabi/include/c++/10.3.1/bits/stl_vector.h:918:7:std::vector<_Tp, _Alloc>::size_type std::vector<_Tp, _Alloc>::size() const [with _Tp = Eigen::Matrix<double, -1, 1>; _Alloc = std::allocator<Eigen::Matrix<double, -1, 1> >]	16	static
/opt/st/stm32cubeide_1.11.2/plugins/com.st.stm32cube.ide.mcu.externaltools.gnu-tools-for-stm32.10.3-2021.10.linux64_1.0.100.202210260954/tools/arm-none-eabi/include/c++/10.3.1/bits/stl_vector.h:280:7:const _Tp_alloc_type& std::_Vector_base<_Tp, _Alloc>::_M_get_Tp_allocator() const [with _Tp = Eigen::Matrix<double, -1, 1>; _Alloc = std::allocator<Eigen::Matrix<double, -1, 1> >]	16	static
/opt/st/stm32cubeide_1.11.2/plugins/com.st.stm32cube.ide.mcu.externaltools.gnu-tools-for-stm32.10.3-2021.10.linux64_1.0.100.202210260954/tools/arm-none-eabi/include/c++/10.3.1/bits/stl_vector.h:276:7:std::_Vector_base<_Tp, _Alloc>::_Tp_alloc_type& std::_Vector_base<_Tp, _Alloc>::_M_get_Tp_allocator() [with _Tp = Eigen::Matrix<double, -1, 1>; _Alloc = std::allocator<Eigen::Matrix<double, -1, 1> >]	16	static
/opt/st/stm32cubeide_1.11.2/plugins/com.st.stm32cube.ide.mcu.externaltools.gnu-tools-for-stm32.10.3-2021.10.linux64_1.0.100.202210260954/tools/arm-none-eabi/include/c++/10.3.1/bits/alloc_traits.h:735:5:void std::_Destroy(_ForwardIterator, _ForwardIterator, std::allocator<_T2>&) [with _ForwardIterator = Eigen::Matrix<double, -1, 1>*; _Tp = Eigen::Matrix<double, -1, 1>]	24	static
../Core/ControllingLib/src/../inc/./Eigen/src/Core/PlainObjectBase.h:476:25:Eigen::PlainObjectBase<Derived>::PlainObjectBase() [with Derived = Eigen::Matrix<double, -1, 1>]	16	static
../Core/ControllingLib/src/../inc/./Eigen/src/Core/PlainObjectBase.h:968:37:static void Eigen::PlainObjectBase<Derived>::_check_template_params() [with Derived = Eigen::Matrix<double, -1, 1>]	4	static
../Core/ControllingLib/src/../inc/./Eigen/src/Core/CwiseNullaryOp.h:211:1:static const ConstantReturnType Eigen::DenseBase<Derived>::Constant(Eigen::Index, const Scalar&) [with Derived = Eigen::Matrix<double, -1, 1>]	32	static
../Core/ControllingLib/src/../inc/./Eigen/src/Core/PlainObjectBase.h:777:34:Derived& Eigen::PlainObjectBase<Derived>::_set(const Eigen::DenseBase<OtherDerived>&) [with OtherDerived = Eigen::CwiseNullaryOp<Eigen::internal::scalar_constant_op<double>, Eigen::Matrix<double, -1, 1> >; Derived = Eigen::Matrix<double, -1, 1>]	24	static
/opt/st/stm32cubeide_1.11.2/plugins/com.st.stm32cube.ide.mcu.externaltools.gnu-tools-for-stm32.10.3-2021.10.linux64_1.0.100.202210260954/tools/arm-none-eabi/include/c++/10.3.1/bits/allocator.h:164:7:std::allocator< <template-parameter-1-1> >::allocator() [with _Tp = Eigen::Matrix<double, -1, 1>]	16	static
/opt/st/stm32cubeide_1.11.2/plugins/com.st.stm32cube.ide.mcu.externaltools.gnu-tools-for-stm32.10.3-2021.10.linux64_1.0.100.202210260954/tools/arm-none-eabi/include/c++/10.3.1/bits/stl_vector.h:97:2:std::_Vector_base<_Tp, _Alloc>::_Vector_impl_data::_Vector_impl_data() [with _Tp = Eigen::Matrix<double, -1, 1>; _Alloc = std::allocator<Eigen::Matrix<double, -1, 1> >]	16	static
/opt/st/stm32cubeide_1.11.2/plugins/com.st.stm32cube.ide.mcu.externaltools.gnu-tools-for-stm32.10.3-2021.10.linux64_1.0.100.202210260954/tools/arm-none-eabi/include/c++/10.3.1/ext/new_allocator.h:89:7:__gnu_cxx::new_allocator<_Tp>::~new_allocator() [with _Tp = Eigen::Matrix<double, -1, 1>]	16	static
/opt/st/stm32cubeide_1.11.2/plugins/com.st.stm32cube.ide.mcu.externaltools.gnu-tools-for-stm32.10.3-2021.10.linux64_1.0.100.202210260954/tools/arm-none-eabi/include/c++/10.3.1/bits/stl_vector.h:350:7:void std::_Vector_base<_Tp, _Alloc>::_M_deallocate(std::_Vector_base<_Tp, _Alloc>::pointer, std::size_t) [with _Tp = Eigen::Matrix<double, -1, 1>; _Alloc = std::allocator<Eigen::Matrix<double, -1, 1> >]	24	static
/opt/st/stm32cubeide_1.11.2/plugins/com.st.stm32cube.ide.mcu.externaltools.gnu-tools-for-stm32.10.3-2021.10.linux64_1.0.100.202210260954/tools/arm-none-eabi/include/c++/10.3.1/tuple:212:17:>::_Tuple_impl() [with unsigned int _Idx = 0; _Head = DT::IdentificationMethod*; _Tail = {std::default_delete<DT::IdentificationMethod>}]	16	static
/opt/st/stm32cubeide_1.11.2/plugins/com.st.stm32cube.ide.mcu.externaltools.gnu-tools-for-stm32.10.3-2021.10.linux64_1.0.100.202210260954/tools/arm-none-eabi/include/c++/10.3.1/bits/unique_ptr.h:172:18:std::__uniq_ptr_impl<_Tp, _Dp>::pointer& std::__uniq_ptr_impl<_Tp, _Dp>::_M_ptr() [with _Tp = DT::IdentificationMethod; _Dp = std::default_delete<DT::IdentificationMethod>]	16	static
/opt/st/stm32cubeide_1.11.2/plugins/com.st.stm32cube.ide.mcu.externaltools.gnu-tools-for-stm32.10.3-2021.10.linux64_1.0.100.202210260954/tools/arm-none-eabi/include/c++/10.3.1/bits/unique_ptr.h:426:7:std::unique_ptr<_Tp, _Dp>::deleter_type& std::unique_ptr<_Tp, _Dp>::get_deleter() [with _Tp = DT::IdentificationMethod; _Dp = std::default_delete<DT::IdentificationMethod>]	16	static
/opt/st/stm32cubeide_1.11.2/plugins/com.st.stm32cube.ide.mcu.externaltools.gnu-tools-for-stm32.10.3-2021.10.linux64_1.0.100.202210260954/tools/arm-none-eabi/include/c++/10.3.1/bits/move.h:101:5:constexpr typename std::remove_reference<_Tp>::type&& std::move(_Tp&&) [with _Tp = DT::IdentificationMethod*&]	16	static
/opt/st/stm32cubeide_1.11.2/plugins/com.st.stm32cube.ide.mcu.externaltools.gnu-tools-for-stm32.10.3-2021.10.linux64_1.0.100.202210260954/tools/arm-none-eabi/include/c++/10.3.1/bits/unique_ptr.h:79:7:void std::default_delete<_Tp>::operator()(_Tp*) const [with _Tp = DT::IdentificationMethod]	24	static
/opt/st/stm32cubeide_1.11.2/plugins/com.st.stm32cube.ide.mcu.externaltools.gnu-tools-for-stm32.10.3-2021.10.linux64_1.0.100.202210260954/tools/arm-none-eabi/include/c++/10.3.1/bits/unique_ptr.h:210:40:std::__uniq_ptr_data<DT::LeastSquareMethod, std::default_delete<DT::LeastSquareMethod>, true, true>::__uniq_ptr_data(std::__uniq_ptr_impl<DT::LeastSquareMethod, std::default_delete<DT::LeastSquareMethod> >::pointer) [inherited from std::__uniq_ptr_impl<DT::LeastSquareMethod, std::default_delete<DT::LeastSquareMethod> >]	16	static
/opt/st/stm32cubeide_1.11.2/plugins/com.st.stm32cube.ide.mcu.externaltools.gnu-tools-for-stm32.10.3-2021.10.linux64_1.0.100.202210260954/tools/arm-none-eabi/include/c++/10.3.1/bits/unique_ptr.h:281:2:std::unique_ptr<_Tp, _Dp>::unique_ptr(std::unique_ptr<_Tp, _Dp>::pointer) [with _Del = std::default_delete<DT::LeastSquareMethod>; <template-parameter-2-2> = void; _Tp = DT::LeastSquareMethod; _Dp = std::default_delete<DT::LeastSquareMethod>]	16	static
/opt/st/stm32cubeide_1.11.2/plugins/com.st.stm32cube.ide.mcu.externaltools.gnu-tools-for-stm32.10.3-2021.10.linux64_1.0.100.202210260954/tools/arm-none-eabi/include/c++/10.3.1/bits/unique_ptr.h:172:18:std::__uniq_ptr_impl<_Tp, _Dp>::pointer& std::__uniq_ptr_impl<_Tp, _Dp>::_M_ptr() [with _Tp = DT::LeastSquareMethod; _Dp = std::default_delete<DT::LeastSquareMethod>]	16	static
/opt/st/stm32cubeide_1.11.2/plugins/com.st.stm32cube.ide.mcu.externaltools.gnu-tools-for-stm32.10.3-2021.10.linux64_1.0.100.202210260954/tools/arm-none-eabi/include/c++/10.3.1/bits/unique_ptr.h:426:7:std::unique_ptr<_Tp, _Dp>::deleter_type& std::unique_ptr<_Tp, _Dp>::get_deleter() [with _Tp = DT::LeastSquareMethod; _Dp = std::default_delete<DT::LeastSquareMethod>]	16	static
/opt/st/stm32cubeide_1.11.2/plugins/com.st.stm32cube.ide.mcu.externaltools.gnu-tools-for-stm32.10.3-2021.10.linux64_1.0.100.202210260954/tools/arm-none-eabi/include/c++/10.3.1/bits/move.h:101:5:constexpr typename std::remove_reference<_Tp>::type&& std::move(_Tp&&) [with _Tp = DT::LeastSquareMethod*&]	16	static
/opt/st/stm32cubeide_1.11.2/plugins/com.st.stm32cube.ide.mcu.externaltools.gnu-tools-for-stm32.10.3-2021.10.linux64_1.0.100.202210260954/tools/arm-none-eabi/include/c++/10.3.1/bits/unique_ptr.h:79:7:void std::default_delete<_Tp>::operator()(_Tp*) const [with _Tp = DT::LeastSquareMethod]	24	static
/opt/st/stm32cubeide_1.11.2/plugins/com.st.stm32cube.ide.mcu.externaltools.gnu-tools-for-stm32.10.3-2021.10.linux64_1.0.100.202210260954/tools/arm-none-eabi/include/c++/10.3.1/bits/unique_ptr.h:452:7:void std::unique_ptr<_Tp, _Dp>::reset(std::unique_ptr<_Tp, _Dp>::pointer) [with _Tp = DT::IdentificationMethod; _Dp = std::default_delete<DT::IdentificationMethod>]	24	static
/opt/st/stm32cubeide_1.11.2/plugins/com.st.stm32cube.ide.mcu.externaltools.gnu-tools-for-stm32.10.3-2021.10.linux64_1.0.100.202210260954/tools/arm-none-eabi/include/c++/10.3.1/bits/unique_ptr.h:442:7:std::unique_ptr<_Tp, _Dp>::pointer std::unique_ptr<_Tp, _Dp>::release() [with _Tp = DT::LeastSquareMethod; _Dp = std::default_delete<DT::LeastSquareMethod>]	16	static
/opt/st/stm32cubeide_1.11.2/plugins/com.st.stm32cube.ide.mcu.externaltools.gnu-tools-for-stm32.10.3-2021.10.linux64_1.0.100.202210260954/tools/arm-none-eabi/include/c++/10.3.1/bits/move.h:76:5:constexpr _Tp&& std::forward(typename std::remove_reference<_Tp>::type&) [with _Tp = std::default_delete<DT::LeastSquareMethod>]	16	static
/opt/st/stm32cubeide_1.11.2/plugins/com.st.stm32cube.ide.mcu.externaltools.gnu-tools-for-stm32.10.3-2021.10.linux64_1.0.100.202210260954/tools/arm-none-eabi/include/c++/10.3.1/bits/unique_ptr.h:75:9:std::default_delete<_Tp>::default_delete(const std::default_delete<_Up>&) [with _Up = DT::LeastSquareMethod; <template-parameter-2-2> = void; _Tp = DT::IdentificationMethod]	16	static
/opt/st/stm32cubeide_1.11.2/plugins/com.st.stm32cube.ide.mcu.externaltools.gnu-tools-for-stm32.10.3-2021.10.linux64_1.0.100.202210260954/tools/arm-none-eabi/include/c++/10.3.1/bits/alloc_traits.h:507:2:) [with _Up = Eigen::Matrix<double, -1, 1>; _Args = {const Eigen::Matrix<double, -1, 1, 0, -1, 1>&}; _Tp = Eigen::Matrix<double, -1, 1>]	24	static
/opt/st/stm32cubeide_1.11.2/plugins/com.st.stm32cube.ide.mcu.externaltools.gnu-tools-for-stm32.10.3-2021.10.linux64_1.0.100.202210260954/tools/arm-none-eabi/include/c++/10.3.1/bits/stl_vector.h:829:7:std::vector<_Tp, _Alloc>::iterator std::vector<_Tp, _Alloc>::end() [with _Tp = Eigen::Matrix<double, -1, 1>; _Alloc = std::allocator<Eigen::Matrix<double, -1, 1> >]	24	static
/opt/st/stm32cubeide_1.11.2/plugins/com.st.stm32cube.ide.mcu.externaltools.gnu-tools-for-stm32.10.3-2021.10.linux64_1.0.100.202210260954/tools/arm-none-eabi/include/c++/10.3.1/bits/vector.tcc:426:7:) [with _Args = {const Eigen::Matrix<double, -1, 1, 0, -1, 1>&}; _Tp = Eigen::Matrix<double, -1, 1>; _Alloc = std::allocator<Eigen::Matrix<double, -1, 1> >]	64	static
../Core/ControllingLib/src/../inc/./Eigen/src/Core/EigenBase.h:60:16:constexpr Eigen::EigenBase<Derived>::Index Eigen::EigenBase<Derived>::rows() const [with Derived = Eigen::Matrix<double, -1, 1>]	16	static
../Core/ControllingLib/src/../inc/./Eigen/src/Core/EigenBase.h:67:16:constexpr Eigen::EigenBase<Derived>::Index Eigen::EigenBase<Derived>::size() const [with Derived = Eigen::Matrix<double, -1, 1>]	24	static
../Core/ControllingLib/src/../inc/./Eigen/src/Core/CoreEvaluators.h:163:8:Eigen::internal::evaluator<Eigen::PlainObjectBase<Eigen::Matrix<double, -1, 1> > >::~evaluator()	16	static
../Core/ControllingLib/src/../inc/./Eigen/src/Core/CoreEvaluators.h:273:8:Eigen::internal::evaluator<Eigen::Matrix<double, -1, 1> >::~evaluator()	16	static
../Core/ControllingLib/src/../inc/./Eigen/src/Core/DenseCoeffsBase.h:389:5:Eigen::DenseCoeffsBase<Derived, 1>::Scalar& Eigen::DenseCoeffsBase<Derived, 1>::coeffRef(Eigen::Index) [with Derived = Eigen::Matrix<double, -1, 1>]	32	static
../Core/ControllingLib/src/../inc/./Eigen/src/Core/MatrixBase.h:485:5:Eigen::MatrixBase<Derived>::MatrixBase() [with Derived = Eigen::Matrix<double, -1, -1>]	16	static
../Core/ControllingLib/src/../inc/./Eigen/src/Core/PlainObjectBase.h:476:25:Eigen::PlainObjectBase<Derived>::PlainObjectBase() [with Derived = Eigen::Matrix<double, -1, -1>]	16	static
../Core/ControllingLib/src/../inc/./Eigen/src/Core/PlainObjectBase.h:968:37:static void Eigen::PlainObjectBase<Derived>::_check_template_params() [with Derived = Eigen::Matrix<double, -1, -1>]	4	static
../Core/ControllingLib/src/../inc/./Eigen/src/Core/CwiseNullaryOp.h:189:1:static const ConstantReturnType Eigen::DenseBase<Derived>::Constant(Eigen::Index, Eigen::Index, const Scalar&) [with Derived = Eigen::Matrix<double, -1, -1>]	32	static
../Core/ControllingLib/src/../inc/./Eigen/src/Core/PlainObjectBase.h:777:34:Derived& Eigen::PlainObjectBase<Derived>::_set(const Eigen::DenseBase<OtherDerived>&) [with OtherDerived = Eigen::CwiseNullaryOp<Eigen::internal::scalar_constant_op<double>, Eigen::Matrix<double, -1, -1> >; Derived = Eigen::Matrix<double, -1, -1>]	24	static
../Core/ControllingLib/src/../inc/./Eigen/src/Core/EigenBase.h:60:16:constexpr Eigen::EigenBase<Derived>::Index Eigen::EigenBase<Derived>::rows() const [with Derived = Eigen::Matrix<double, -1, -1>]	16	static
../Core/ControllingLib/src/../inc/./Eigen/src/Core/EigenBase.h:63:16:constexpr Eigen::EigenBase<Derived>::Index Eigen::EigenBase<Derived>::cols() const [with Derived = Eigen::Matrix<double, -1, -1>]	16	static
../Core/ControllingLib/src/../inc/./Eigen/src/Core/CoreEvaluators.h:163:8:Eigen::internal::evaluator<Eigen::PlainObjectBase<Eigen::Matrix<double, -1, -1> > >::~evaluator()	16	static
../Core/ControllingLib/src/../inc/./Eigen/src/Core/CoreEvaluators.h:273:8:Eigen::internal::evaluator<Eigen::Matrix<double, -1, -1> >::~evaluator()	16	static
../Core/ControllingLib/src/../inc/./Eigen/src/Core/DenseCoeffsBase.h:342:33:Eigen::DenseCoeffsBase<Derived, 1>::Scalar& Eigen::DenseCoeffsBase<Derived, 1>::coeffRef(Eigen::Index, Eigen::Index) [with Derived = Eigen::Matrix<double, -1, -1>]	40	static
../Core/ControllingLib/src/../inc/./Eigen/src/Core/EigenBase.h:49:18:const Derived& Eigen::EigenBase<Derived>::derived() const [with Derived = Eigen::Matrix<double, -1, -1>]	16	static
../Core/ControllingLib/src/../inc/./Eigen/src/Core/IO.h:51:8:Eigen::IOFormat::IOFormat(const Eigen::IOFormat&)	16	static
../Core/ControllingLib/src/../inc/./Eigen/src/Core/IO.h:100:5:Eigen::WithFormat<ExpressionType>::WithFormat(const ExpressionType&, const Eigen::IOFormat&) [with ExpressionType = Eigen::Matrix<double, -1, -1>]	24	static
../Core/ControllingLib/src/../inc/./Eigen/src/Core/DenseBase.h:407:40:Eigen::DenseBase<Derived>::EvalReturnType Eigen::DenseBase<Derived>::eval() const [with Derived = Eigen::Matrix<double, -1, -1>]	16	static
../Core/ControllingLib/src/../inc/./Eigen/src/Core/EigenBase.h:67:16:constexpr Eigen::EigenBase<Derived>::Index Eigen::EigenBase<Derived>::size() const [with Derived = Eigen::Matrix<double, -1, -1>]	24	static
../Core/ControllingLib/src/../inc/./Eigen/src/Core/IO.h:131:16:std::ostream& Eigen::internal::print_matrix(std::ostream&, const Derived&, const Eigen::IOFormat&) [with Derived = Eigen::Matrix<double, -1, -1>]	304	static
../Core/ControllingLib/src/../inc/./Eigen/src/Core/EigenBase.h:46:12:Derived& Eigen::EigenBase<Derived>::derived() [with Derived = Eigen::Matrix<double, -1, 1>]	16	static
../Core/ControllingLib/src/../inc/./Eigen/src/Core/MatrixBase.h:485:5:Eigen::MatrixBase<Derived>::MatrixBase() [with Derived = Eigen::Transpose<Eigen::Matrix<double, -1, 1> >]	16	static
../Core/ControllingLib/src/../inc/./Eigen/src/Core/Transpose.h:157:5:Eigen::TransposeImpl<MatrixType, Eigen::Dense>::TransposeImpl() [with MatrixType = Eigen::Matrix<double, -1, 1>]	16	static
../Core/ControllingLib/src/../inc/./Eigen/src/Core/Transpose.h:64:34:Eigen::Transpose<MatrixType>::Transpose(MatrixType&) [with MatrixType = Eigen::Matrix<double, -1, 1>]	16	static
../Core/ControllingLib/src/../inc/./Eigen/src/Core/EigenBase.h:49:18:const Derived& Eigen::EigenBase<Derived>::derived() const [with Derived = Eigen::Transpose<Eigen::Matrix<double, -1, 1> >]	16	static
../Core/ControllingLib/src/../inc/./Eigen/src/Core/IO.h:100:5:Eigen::WithFormat<ExpressionType>::WithFormat(const ExpressionType&, const Eigen::IOFormat&) [with ExpressionType = Eigen::Transpose<Eigen::Matrix<double, -1, 1> >]	24	static
../Core/ControllingLib/src/../inc/./Eigen/src/Core/DenseBase.h:407:40:Eigen::DenseBase<Derived>::EvalReturnType Eigen::DenseBase<Derived>::eval() const [with Derived = Eigen::Transpose<Eigen::Matrix<double, -1, 1> >]	16	static
../Core/ControllingLib/src/../inc/./Eigen/src/Core/DenseStorage.h:545:23:Eigen::DenseStorage<T, -1, _Rows, -1, _Options>::~DenseStorage() [with T = double; int _Rows = 1; int _Options = 1]	16	static
../Core/ControllingLib/src/../inc/./Eigen/src/Core/EigenBase.h:60:16:constexpr Eigen::EigenBase<Derived>::Index Eigen::EigenBase<Derived>::rows() const [with Derived = Eigen::Matrix<double, 1, -1>]	16	static
../Core/ControllingLib/src/../inc/./Eigen/src/Core/EigenBase.h:67:16:constexpr Eigen::EigenBase<Derived>::Index Eigen::EigenBase<Derived>::size() const [with Derived = Eigen::Matrix<double, 1, -1>]	24	static
../Core/ControllingLib/src/../inc/./Eigen/src/Core/IO.h:131:16:std::ostream& Eigen::internal::print_matrix(std::ostream&, const Derived&, const Eigen::IOFormat&) [with Derived = Eigen::Matrix<double, 1, -1>]	304	static
../Core/ControllingLib/src/../inc/./Eigen/src/Core/EigenBase.h:49:18:const Derived& Eigen::EigenBase<Derived>::derived() const [with Derived = Eigen::Matrix<double, -1, 1>]	16	static
../Core/ControllingLib/src/../inc/./Eigen/src/Core/MatrixBase.h:485:5:Eigen::MatrixBase<Derived>::MatrixBase() [with Derived = Eigen::Product<Eigen::Transpose<Eigen::Matrix<double, -1, 1> >, Eigen::Matrix<double, -1, 1>, 0>]	16	static
../Core/ControllingLib/src/../inc/./Eigen/src/Core/Product.h:126:7:Eigen::internal::dense_product_base<Eigen::Transpose<Eigen::Matrix<double, -1, 1> >, Eigen::Matrix<double, -1, 1>, 0, 6>::dense_product_base()	16	static
../Core/ControllingLib/src/../inc/./Eigen/src/Core/Product.h:152:7:Eigen::ProductImpl<Eigen::Transpose<Eigen::Matrix<double, -1, 1> >, Eigen::Matrix<double, -1, 1>, 0, Eigen::Dense>::ProductImpl()	16	static
../Core/ControllingLib/src/../inc/./Eigen/src/Core/Transpose.h:71:11:constexpr Eigen::Index Eigen::Transpose<MatrixType>::cols() const [with MatrixType = Eigen::Matrix<double, -1, 1>]	16	static
../Core/ControllingLib/src/../inc/./Eigen/src/Core/PlainObjectBase.h:143:11:constexpr Eigen::Index Eigen::PlainObjectBase<Derived>::rows() const [with Derived = Eigen::Matrix<double, -1, 1>]	16	static
../Core/ControllingLib/src/../inc/./Eigen/src/Core/Product.h:94:5:Eigen::Product<Lhs, Rhs, Option>::Product(const Lhs&, const Rhs&) [with _Lhs = Eigen::Transpose<Eigen::Matrix<double, -1, 1> >; _Rhs = Eigen::Matrix<double, -1, 1>; int Option = 0]	32	static
../Core/ControllingLib/src/../inc/./Eigen/src/Core/EigenBase.h:49:18:const Derived& Eigen::EigenBase<Derived>::derived() const [with Derived = Eigen::Product<Eigen::Transpose<Eigen::Matrix<double, -1, 1> >, Eigen::Matrix<double, -1, 1>, 0>]	16	static
../Core/ControllingLib/src/../inc/./Eigen/src/Core/ProductEvaluators.h:35:50:Eigen::internal::evaluator<Eigen::Product<Lhs, Rhs, Option> >::evaluator(const XprType&) [with Lhs = Eigen::Transpose<Eigen::Matrix<double, -1, 1> >; Rhs = Eigen::Matrix<double, -1, 1>; int Options = 0]	16	static
../Core/ControllingLib/src/../inc/./Eigen/src/Core/CoreEvaluators.h:122:41:Eigen::internal::evaluator_base<ExpressionType>::~evaluator_base() [with ExpressionType = Eigen::Matrix<double, 1, 1, 0, 1, 1>]	16	static
../Core/ControllingLib/src/../inc/./Eigen/src/Core/CoreEvaluators.h:202:19:Eigen::internal::evaluator<Eigen::PlainObjectBase<Derived> >::CoeffReturnType Eigen::internal::evaluator<Eigen::PlainObjectBase<Derived> >::coeff(Eigen::Index, Eigen::Index) const [with Derived = Eigen::Matrix<double, 1, 1, 0, 1, 1>]	32	static
../Core/ControllingLib/src/../inc/./Eigen/src/Core/MatrixBase.h:485:5:Eigen::MatrixBase<Derived>::MatrixBase() [with Derived = Eigen::Product<Eigen::Matrix<double, -1, -1>, Eigen::Matrix<double, -1, 1>, 0>]	16	static
../Core/ControllingLib/src/../inc/./Eigen/src/Core/Product.h:120:7:Eigen::internal::dense_product_base<Eigen::Matrix<double, -1, -1>, Eigen::Matrix<double, -1, 1>, 0, 7>::dense_product_base()	16	static
../Core/ControllingLib/src/../inc/./Eigen/src/Core/Product.h:152:7:Eigen::ProductImpl<Eigen::Matrix<double, -1, -1>, Eigen::Matrix<double, -1, 1>, 0, Eigen::Dense>::ProductImpl()	16	static
../Core/ControllingLib/src/../inc/./Eigen/src/Core/PlainObjectBase.h:145:11:constexpr Eigen::Index Eigen::PlainObjectBase<Derived>::cols() const [with Derived = Eigen::Matrix<double, -1, -1>]	16	static
../Core/ControllingLib/src/../inc/./Eigen/src/Core/Product.h:94:5:Eigen::Product<Lhs, Rhs, Option>::Product(const Lhs&, const Rhs&) [with _Lhs = Eigen::Matrix<double, -1, -1>; _Rhs = Eigen::Matrix<double, -1, 1>; int Option = 0]	32	static
../Core/ControllingLib/src/../inc/./Eigen/src/Core/PlainObjectBase.h:777:34:Derived& Eigen::PlainObjectBase<Derived>::_set(const Eigen::DenseBase<OtherDerived>&) [with OtherDerived = Eigen::Product<Eigen::Matrix<double, -1, -1>, Eigen::Matrix<double, -1, 1>, 0>; Derived = Eigen::Matrix<double, -1, 1>]	24	static
../Core/ControllingLib/src/../inc/./Eigen/src/Core/PlainObjectBase.h:145:11:constexpr Eigen::Index Eigen::PlainObjectBase<Derived>::cols() const [with Derived = Eigen::Matrix<double, -1, 1>]	16	static
../Core/ControllingLib/src/../inc/./Eigen/src/Core/functors/NullaryFunctors.h:20:41:Eigen::internal::scalar_constant_op<Scalar>::scalar_constant_op(const Scalar&) [with Scalar = double]	16	static
../Core/ControllingLib/src/../inc/./Eigen/src/Core/MatrixBase.h:485:5:Eigen::MatrixBase<Derived>::MatrixBase() [with Derived = Eigen::CwiseNullaryOp<Eigen::internal::scalar_constant_op<double>, const Eigen::Matrix<double, -1, 1> >]	16	static
../Core/ControllingLib/src/../inc/./Eigen/src/Core/CwiseNullaryOp.h:68:5:Eigen::CwiseNullaryOp<NullaryOp, MatrixType>::CwiseNullaryOp(Eigen::Index, Eigen::Index, const NullaryOp&) [with NullaryOp = Eigen::internal::scalar_constant_op<double>; PlainObjectType = const Eigen::Matrix<double, -1, 1>]	24	static
../Core/ControllingLib/src/../inc/./Eigen/src/Core/functors/BinaryFunctors.h:74:3:Eigen::internal::scalar_product_op<LhsScalar, RhsScalar>::scalar_product_op() [with LhsScalar = double; RhsScalar = double]	16	static
../Core/ControllingLib/src/../inc/./Eigen/src/Core/MatrixBase.h:485:5:Eigen::MatrixBase<Derived>::MatrixBase() [with Derived = Eigen::CwiseBinaryOp<Eigen::internal::scalar_product_op<double, double>, const Eigen::CwiseNullaryOp<Eigen::internal::scalar_constant_op<double>, const Eigen::Matrix<double, -1, 1> >, const Eigen::Matrix<double, -1, 1> >]	16	static
../Core/ControllingLib/src/../inc/./Eigen/src/Core/CwiseBinaryOp.h:148:7:Eigen::CwiseBinaryOpImpl<Eigen::internal::scalar_product_op<double, double>, const Eigen::CwiseNullaryOp<Eigen::internal::scalar_constant_op<double>, const Eigen::Matrix<double, -1, 1> >, const Eigen::Matrix<double, -1, 1>, Eigen::Dense>::CwiseBinaryOpImpl()	16	static
../Core/ControllingLib/src/../inc/./Eigen/src/Core/CwiseNullaryOp.h:60:7:Eigen::CwiseNullaryOp<Eigen::internal::scalar_constant_op<double>, const Eigen::Matrix<double, -1, 1> >::CwiseNullaryOp(const Eigen::CwiseNullaryOp<Eigen::internal::scalar_constant_op<double>, const Eigen::Matrix<double, -1, 1> >&)	16	static
../Core/ControllingLib/src/../inc/./Eigen/src/Core/CwiseNullaryOp.h:78:11:constexpr Eigen::Index Eigen::CwiseNullaryOp<NullaryOp, MatrixType>::rows() const [with NullaryOp = Eigen::internal::scalar_constant_op<double>; PlainObjectType = const Eigen::Matrix<double, -1, 1>]	16	static
../Core/ControllingLib/src/../inc/./Eigen/src/Core/CwiseNullaryOp.h:80:11:constexpr Eigen::Index Eigen::CwiseNullaryOp<NullaryOp, MatrixType>::cols() const [with NullaryOp = Eigen::internal::scalar_constant_op<double>; PlainObjectType = const Eigen::Matrix<double, -1, 1>]	16	static
../Core/ControllingLib/src/../inc/./Eigen/src/Core/CwiseBinaryOp.h:110:5:Eigen::CwiseBinaryOp<BinaryOp, Lhs, Rhs>::CwiseBinaryOp(const Lhs&, const Rhs&, const BinaryOp&) [with BinaryOp = Eigen::internal::scalar_product_op<double, double>; LhsType = const Eigen::CwiseNullaryOp<Eigen::internal::scalar_constant_op<double>, const Eigen::Matrix<double, -1, 1> >; RhsType = const Eigen::Matrix<double, -1, 1>]	32	static
../Core/ControllingLib/src/../inc/./Eigen/src/Core/EigenBase.h:49:18:const Derived& Eigen::EigenBase<Derived>::derived() const [with Derived = Eigen::CwiseBinaryOp<Eigen::internal::scalar_product_op<double, double>, const Eigen::CwiseNullaryOp<Eigen::internal::scalar_constant_op<double>, const Eigen::Matrix<double, -1, 1> >, const Eigen::Matrix<double, -1, 1> >]	16	static
../Core/ControllingLib/src/../inc/./Eigen/src/Core/functors/BinaryFunctors.h:36:3:Eigen::internal::scalar_sum_op<LhsScalar, RhsScalar>::scalar_sum_op() [with LhsScalar = double; RhsScalar = double]	16	static
../Core/ControllingLib/src/../inc/./Eigen/src/Core/MatrixBase.h:485:5:Eigen::MatrixBase<Derived>::MatrixBase() [with Derived = Eigen::CwiseBinaryOp<Eigen::internal::scalar_sum_op<double, double>, const Eigen::Matrix<double, -1, 1>, const Eigen::CwiseBinaryOp<Eigen::internal::scalar_product_op<double, double>, const Eigen::CwiseNullaryOp<Eigen::internal::scalar_constant_op<double>, const Eigen::Matrix<double, -1, 1> >, const Eigen::Matrix<double, -1, 1> > >]	16	static
../Core/ControllingLib/src/../inc/./Eigen/src/Core/CwiseBinaryOp.h:148:7:Eigen::CwiseBinaryOpImpl<Eigen::internal::scalar_sum_op<double, double>, const Eigen::Matrix<double, -1, 1>, const Eigen::CwiseBinaryOp<Eigen::internal::scalar_product_op<double, double>, const Eigen::CwiseNullaryOp<Eigen::internal::scalar_constant_op<double>, const Eigen::Matrix<double, -1, 1> >, const Eigen::Matrix<double, -1, 1> >, Eigen::Dense>::CwiseBinaryOpImpl()	16	static
../Core/ControllingLib/src/../inc/./Eigen/src/Core/CwiseBinaryOp.h:77:7:Eigen::CwiseBinaryOp<Eigen::internal::scalar_product_op<double, double>, const Eigen::CwiseNullaryOp<Eigen::internal::scalar_constant_op<double>, const Eigen::Matrix<double, -1, 1> >, const Eigen::Matrix<double, -1, 1> >::CwiseBinaryOp(const Eigen::CwiseBinaryOp<Eigen::internal::scalar_product_op<double, double>, const Eigen::CwiseNullaryOp<Eigen::internal::scalar_constant_op<double>, const Eigen::Matrix<double, -1, 1> >, const Eigen::Matrix<double, -1, 1> >&)	16	static
../Core/ControllingLib/src/../inc/./Eigen/src/Core/CwiseBinaryOp.h:120:11:constexpr Eigen::Index Eigen::CwiseBinaryOp<BinaryOp, Lhs, Rhs>::rows() const [with BinaryOp = Eigen::internal::scalar_product_op<double, double>; LhsType = const Eigen::CwiseNullaryOp<Eigen::internal::scalar_constant_op<double>, const Eigen::Matrix<double, -1, 1> >; RhsType = const Eigen::Matrix<double, -1, 1>]	16	static
../Core/ControllingLib/src/../inc/./Eigen/src/Core/CwiseBinaryOp.h:125:11:constexpr Eigen::Index Eigen::CwiseBinaryOp<BinaryOp, Lhs, Rhs>::cols() const [with BinaryOp = Eigen::internal::scalar_product_op<double, double>; LhsType = const Eigen::CwiseNullaryOp<Eigen::internal::scalar_constant_op<double>, const Eigen::Matrix<double, -1, 1> >; RhsType = const Eigen::Matrix<double, -1, 1>]	16	static
../Core/ControllingLib/src/../inc/./Eigen/src/Core/CwiseBinaryOp.h:110:5:Eigen::CwiseBinaryOp<BinaryOp, Lhs, Rhs>::CwiseBinaryOp(const Lhs&, const Rhs&, const BinaryOp&) [with BinaryOp = Eigen::internal::scalar_sum_op<double, double>; LhsType = const Eigen::Matrix<double, -1, 1>; RhsType = const Eigen::CwiseBinaryOp<Eigen::internal::scalar_product_op<double, double>, const Eigen::CwiseNullaryOp<Eigen::internal::scalar_constant_op<double>, const Eigen::Matrix<double, -1, 1> >, const Eigen::Matrix<double, -1, 1> >]	32	static
../Core/ControllingLib/src/../inc/./Eigen/src/Core/PlainObjectBase.h:777:34:Derived& Eigen::PlainObjectBase<Derived>::_set(const Eigen::DenseBase<OtherDerived>&) [with OtherDerived = Eigen::CwiseBinaryOp<Eigen::internal::scalar_sum_op<double, double>, const Eigen::Matrix<double, -1, 1>, const Eigen::CwiseBinaryOp<Eigen::internal::scalar_product_op<double, double>, const Eigen::CwiseNullaryOp<Eigen::internal::scalar_constant_op<double>, const Eigen::Matrix<double, -1, 1> >, const Eigen::Matrix<double, -1, 1> > >; Derived = Eigen::Matrix<double, -1, 1>]	24	static
../Core/ControllingLib/src/../inc/./Eigen/src/Core/MatrixBase.h:485:5:Eigen::MatrixBase<Derived>::MatrixBase() [with Derived = Eigen::Product<Eigen::CwiseBinaryOp<Eigen::internal::scalar_product_op<double, double>, const Eigen::CwiseNullaryOp<Eigen::internal::scalar_constant_op<double>, const Eigen::Matrix<double, -1, 1> >, const Eigen::Matrix<double, -1, 1> >, Eigen::Transpose<Eigen::Matrix<double, -1, 1> >, 0>]	16	static
../Core/ControllingLib/src/../inc/./Eigen/src/Core/Product.h:120:7:Eigen::internal::dense_product_base<Eigen::CwiseBinaryOp<Eigen::internal::scalar_product_op<double, double>, const Eigen::CwiseNullaryOp<Eigen::internal::scalar_constant_op<double>, const Eigen::Matrix<double, -1, 1> >, const Eigen::Matrix<double, -1, 1> >, Eigen::Transpose<Eigen::Matrix<double, -1, 1> >, 0, 5>::dense_product_base()	16	static
../Core/ControllingLib/src/../inc/./Eigen/src/Core/Product.h:152:7:Eigen::ProductImpl<Eigen::CwiseBinaryOp<Eigen::internal::scalar_product_op<double, double>, const Eigen::CwiseNullaryOp<Eigen::internal::scalar_constant_op<double>, const Eigen::Matrix<double, -1, 1> >, const Eigen::Matrix<double, -1, 1> >, Eigen::Transpose<Eigen::Matrix<double, -1, 1> >, 0, Eigen::Dense>::ProductImpl()	16	static
../Core/ControllingLib/src/../inc/./Eigen/src/Core/Transpose.h:69:11:constexpr Eigen::Index Eigen::Transpose<MatrixType>::rows() const [with MatrixType = Eigen::Matrix<double, -1, 1>]	16	static
../Core/ControllingLib/src/../inc/./Eigen/src/Core/Product.h:94:5:Eigen::Product<Lhs, Rhs, Option>::Product(const Lhs&, const Rhs&) [with _Lhs = Eigen::CwiseBinaryOp<Eigen::internal::scalar_product_op<double, double>, const Eigen::CwiseNullaryOp<Eigen::internal::scalar_constant_op<double>, const Eigen::Matrix<double, -1, 1> >, const Eigen::Matrix<double, -1, 1> >; _Rhs = Eigen::Transpose<Eigen::Matrix<double, -1, 1> >; int Option = 0]	32	static
../Core/ControllingLib/src/../inc/./Eigen/src/Core/EigenBase.h:49:18:const Derived& Eigen::EigenBase<Derived>::derived() const [with Derived = Eigen::Product<Eigen::CwiseBinaryOp<Eigen::internal::scalar_product_op<double, double>, const Eigen::CwiseNullaryOp<Eigen::internal::scalar_constant_op<double>, const Eigen::Matrix<double, -1, 1> >, const Eigen::Matrix<double, -1, 1> >, Eigen::Transpose<Eigen::Matrix<double, -1, 1> >, 0>]	16	static
../Core/ControllingLib/src/../inc/./Eigen/src/Core/MatrixBase.h:485:5:Eigen::MatrixBase<Derived>::MatrixBase() [with Derived = Eigen::Product<Eigen::Product<Eigen::CwiseBinaryOp<Eigen::internal::scalar_product_op<double, double>, const Eigen::CwiseNullaryOp<Eigen::internal::scalar_constant_op<double>, const Eigen::Matrix<double, -1, 1> >, const Eigen::Matrix<double, -1, 1> >, Eigen::Transpose<Eigen::Matrix<double, -1, 1> >, 0>, Eigen::Matrix<double, -1, -1>, 0>]	16	static
../Core/ControllingLib/src/../inc/./Eigen/src/Core/Product.h:120:7:Eigen::internal::dense_product_base<Eigen::Product<Eigen::CwiseBinaryOp<Eigen::internal::scalar_product_op<double, double>, const Eigen::CwiseNullaryOp<Eigen::internal::scalar_constant_op<double>, const Eigen::Matrix<double, -1, 1> >, const Eigen::Matrix<double, -1, 1> >, Eigen::Transpose<Eigen::Matrix<double, -1, 1> >, 0>, Eigen::Matrix<double, -1, -1>, 0, 8>::dense_product_base()	16	static
../Core/ControllingLib/src/../inc/./Eigen/src/Core/Product.h:152:7:Eigen::ProductImpl<Eigen::Product<Eigen::CwiseBinaryOp<Eigen::internal::scalar_product_op<double, double>, const Eigen::CwiseNullaryOp<Eigen::internal::scalar_constant_op<double>, const Eigen::Matrix<double, -1, 1> >, const Eigen::Matrix<double, -1, 1> >, Eigen::Transpose<Eigen::Matrix<double, -1, 1> >, 0>, Eigen::Matrix<double, -1, -1>, 0, Eigen::Dense>::ProductImpl()	16	static
../Core/ControllingLib/src/../inc/./Eigen/src/Core/Product.h:71:7:Eigen::Product<Eigen::CwiseBinaryOp<Eigen::internal::scalar_product_op<double, double>, const Eigen::CwiseNullaryOp<Eigen::internal::scalar_constant_op<double>, const Eigen::Matrix<double, -1, 1> >, const Eigen::Matrix<double, -1, 1> >, Eigen::Transpose<Eigen::Matrix<double, -1, 1> >, 0>::Product(const Eigen::Product<Eigen::CwiseBinaryOp<Eigen::internal::scalar_product_op<double, double>, const Eigen::CwiseNullaryOp<Eigen::internal::scalar_constant_op<double>, const Eigen::Matrix<double, -1, 1> >, const Eigen::Matrix<double, -1, 1> >, Eigen::Transpose<Eigen::Matrix<double, -1, 1> >, 0>&)	16	static
../Core/ControllingLib/src/../inc/./Eigen/src/Core/Product.h:104:11:constexpr Eigen::Index Eigen::Product<Lhs, Rhs, Option>::cols() const [with _Lhs = Eigen::CwiseBinaryOp<Eigen::internal::scalar_product_op<double, double>, const Eigen::CwiseNullaryOp<Eigen::internal::scalar_constant_op<double>, const Eigen::Matrix<double, -1, 1> >, const Eigen::Matrix<double, -1, 1> >; _Rhs = Eigen::Transpose<Eigen::Matrix<double, -1, 1> >; int Option = 0]	16	static
../Core/ControllingLib/src/../inc/./Eigen/src/Core/PlainObjectBase.h:143:11:constexpr Eigen::Index Eigen::PlainObjectBase<Derived>::rows() const [with Derived = Eigen::Matrix<double, -1, -1>]	16	static
../Core/ControllingLib/src/../inc/./Eigen/src/Core/Product.h:94:5:Eigen::Product<Lhs, Rhs, Option>::Product(const Lhs&, const Rhs&) [with _Lhs = Eigen::Product<Eigen::CwiseBinaryOp<Eigen::internal::scalar_product_op<double, double>, const Eigen::CwiseNullaryOp<Eigen::internal::scalar_constant_op<double>, const Eigen::Matrix<double, -1, 1> >, const Eigen::Matrix<double, -1, 1> >, Eigen::Transpose<Eigen::Matrix<double, -1, 1> >, 0>; _Rhs = Eigen::Matrix<double, -1, -1>; int Option = 0]	32	static
../Core/ControllingLib/src/../inc/./Eigen/src/Core/EigenBase.h:49:18:const Derived& Eigen::EigenBase<Derived>::derived() const [with Derived = Eigen::Product<Eigen::Product<Eigen::CwiseBinaryOp<Eigen::internal::scalar_product_op<double, double>, const Eigen::CwiseNullaryOp<Eigen::internal::scalar_constant_op<double>, const Eigen::Matrix<double, -1, 1> >, const Eigen::Matrix<double, -1, 1> >, Eigen::Transpose<Eigen::Matrix<double, -1, 1> >, 0>, Eigen::Matrix<double, -1, -1>, 0>]	16	static
../Core/ControllingLib/src/../inc/./Eigen/src/Core/functors/BinaryFunctors.h:353:3:Eigen::internal::scalar_difference_op<LhsScalar, RhsScalar>::scalar_difference_op() [with LhsScalar = double; RhsScalar = double]	16	static
../Core/ControllingLib/src/../inc/./Eigen/src/Core/MatrixBase.h:485:5:Eigen::MatrixBase<Derived>::MatrixBase() [with Derived = Eigen::CwiseBinaryOp<Eigen::internal::scalar_difference_op<double, double>, const Eigen::Matrix<double, -1, -1>, const Eigen::Product<Eigen::Product<Eigen::CwiseBinaryOp<Eigen::internal::scalar_product_op<double, double>, const Eigen::CwiseNullaryOp<Eigen::internal::scalar_constant_op<double>, const Eigen::Matrix<double, -1, 1> >, const Eigen::Matrix<double, -1, 1> >, Eigen::Transpose<Eigen::Matrix<double, -1, 1> >, 0>, Eigen::Matrix<double, -1, -1>, 0> >]	16	static
../Core/ControllingLib/src/../inc/./Eigen/src/Core/CwiseBinaryOp.h:148:7:Eigen::CwiseBinaryOpImpl<Eigen::internal::scalar_difference_op<double, double>, const Eigen::Matrix<double, -1, -1>, const Eigen::Product<Eigen::Product<Eigen::CwiseBinaryOp<Eigen::internal::scalar_product_op<double, double>, const Eigen::CwiseNullaryOp<Eigen::internal::scalar_constant_op<double>, const Eigen::Matrix<double, -1, 1> >, const Eigen::Matrix<double, -1, 1> >, Eigen::Transpose<Eigen::Matrix<double, -1, 1> >, 0>, Eigen::Matrix<double, -1, -1>, 0>, Eigen::Dense>::CwiseBinaryOpImpl()	16	static
../Core/ControllingLib/src/../inc/./Eigen/src/Core/Product.h:71:7:Eigen::Product<Eigen::Product<Eigen::CwiseBinaryOp<Eigen::internal::scalar_product_op<double, double>, const Eigen::CwiseNullaryOp<Eigen::internal::scalar_constant_op<double>, const Eigen::Matrix<double, -1, 1> >, const Eigen::Matrix<double, -1, 1> >, Eigen::Transpose<Eigen::Matrix<double, -1, 1> >, 0>, Eigen::Matrix<double, -1, -1>, 0>::Product(const Eigen::Product<Eigen::Product<Eigen::CwiseBinaryOp<Eigen::internal::scalar_product_op<double, double>, const Eigen::CwiseNullaryOp<Eigen::internal::scalar_constant_op<double>, const Eigen::Matrix<double, -1, 1> >, const Eigen::Matrix<double, -1, 1> >, Eigen::Transpose<Eigen::Matrix<double, -1, 1> >, 0>, Eigen::Matrix<double, -1, -1>, 0>&)	16	static
../Core/ControllingLib/src/../inc/./Eigen/src/Core/Product.h:102:11:constexpr Eigen::Index Eigen::Product<Lhs, Rhs, Option>::rows() const [with _Lhs = Eigen::Product<Eigen::CwiseBinaryOp<Eigen::internal::scalar_product_op<double, double>, const Eigen::CwiseNullaryOp<Eigen::internal::scalar_constant_op<double>, const Eigen::Matrix<double, -1, 1> >, const Eigen::Matrix<double, -1, 1> >, Eigen::Transpose<Eigen::Matrix<double, -1, 1> >, 0>; _Rhs = Eigen::Matrix<double, -1, -1>; int Option = 0]	16	static
../Core/ControllingLib/src/../inc/./Eigen/src/Core/Product.h:104:11:constexpr Eigen::Index Eigen::Product<Lhs, Rhs, Option>::cols() const [with _Lhs = Eigen::Product<Eigen::CwiseBinaryOp<Eigen::internal::scalar_product_op<double, double>, const Eigen::CwiseNullaryOp<Eigen::internal::scalar_constant_op<double>, const Eigen::Matrix<double, -1, 1> >, const Eigen::Matrix<double, -1, 1> >, Eigen::Transpose<Eigen::Matrix<double, -1, 1> >, 0>; _Rhs = Eigen::Matrix<double, -1, -1>; int Option = 0]	16	static
../Core/ControllingLib/src/../inc/./Eigen/src/Core/CwiseBinaryOp.h:110:5:Eigen::CwiseBinaryOp<BinaryOp, Lhs, Rhs>::CwiseBinaryOp(const Lhs&, const Rhs&, const BinaryOp&) [with BinaryOp = Eigen::internal::scalar_difference_op<double, double>; LhsType = const Eigen::Matrix<double, -1, -1>; RhsType = const Eigen::Product<Eigen::Product<Eigen::CwiseBinaryOp<Eigen::internal::scalar_product_op<double, double>, const Eigen::CwiseNullaryOp<Eigen::internal::scalar_constant_op<double>, const Eigen::Matrix<double, -1, 1> >, const Eigen::Matrix<double, -1, 1> >, Eigen::Transpose<Eigen::Matrix<double, -1, 1> >, 0>, Eigen::Matrix<double, -1, -1>, 0>]	32	static
../Core/ControllingLib/src/../inc/./Eigen/src/Core/PlainObjectBase.h:777:34:Derived& Eigen::PlainObjectBase<Derived>::_set(const Eigen::DenseBase<OtherDerived>&) [with OtherDerived = Eigen::CwiseBinaryOp<Eigen::internal::scalar_difference_op<double, double>, const Eigen::Matrix<double, -1, -1>, const Eigen::Product<Eigen::Product<Eigen::CwiseBinaryOp<Eigen::internal::scalar_product_op<double, double>, const Eigen::CwiseNullaryOp<Eigen::internal::scalar_constant_op<double>, const Eigen::Matrix<double, -1, 1> >, const Eigen::Matrix<double, -1, 1> >, Eigen::Transpose<Eigen::Matrix<double, -1, 1> >, 0>, Eigen::Matrix<double, -1, -1>, 0> >; Derived = Eigen::Matrix<double, -1, -1>]	24	static
/opt/st/stm32cubeide_1.11.2/plugins/com.st.stm32cube.ide.mcu.externaltools.gnu-tools-for-stm32.10.3-2021.10.linux64_1.0.100.202210260954/tools/arm-none-eabi/include/c++/10.3.1/ext/type_traits.h:152:5:bool __gnu_cxx::__is_null_pointer(_Type*) [with _Type = const char]	16	static
/opt/st/stm32cubeide_1.11.2/plugins/com.st.stm32cube.ide.mcu.externaltools.gnu-tools-for-stm32.10.3-2021.10.linux64_1.0.100.202210260954/tools/arm-none-eabi/include/c++/10.3.1/bits/stl_iterator_base_types.h:238:5:constexpr typename std::iterator_traits< <template-parameter-1-1> >::iterator_category std::__iterator_category(const _Iter&) [with _Iter = const char*]	16	static
/opt/st/stm32cubeide_1.11.2/plugins/com.st.stm32cube.ide.mcu.externaltools.gnu-tools-for-stm32.10.3-2021.10.linux64_1.0.100.202210260954/tools/arm-none-eabi/include/c++/10.3.1/bits/stl_iterator_base_funcs.h:98:5:constexpr typename std::iterator_traits< <template-parameter-1-1> >::difference_type std::__distance(_RandomAccessIterator, _RandomAccessIterator, std::random_access_iterator_tag) [with _RandomAccessIterator = const char*]	24	static
../Core/ControllingLib/src/../inc/./Eigen/src/Core/DenseBase.h:681:23:Eigen::DenseBase<Derived>::DenseBase() [with Derived = Eigen::Matrix<double, -1, 1>]	16	static
../Core/ControllingLib/src/../inc/./Eigen/src/Core/DenseStorage.h:588:23:Eigen::DenseStorage<T, -1, -1, _Cols, _Options>::DenseStorage(const Eigen::DenseStorage<T, -1, -1, _Cols, _Options>&) [with T = double; int _Cols = 1; int _Options = 0]	16	static
../Core/ControllingLib/src/../inc/./Eigen/src/Core/util/Memory.h:285:52:void Eigen::internal::destruct_elements_of_array(T*, std::size_t) [with T = double]	16	static
../Core/ControllingLib/src/../inc/./Eigen/src/Core/util/Memory.h:257:52:void Eigen::internal::conditional_aligned_free(void*) [with bool Align = true]	16	static
/opt/st/stm32cubeide_1.11.2/plugins/com.st.stm32cube.ide.mcu.externaltools.gnu-tools-for-stm32.10.3-2021.10.linux64_1.0.100.202210260954/tools/arm-none-eabi/include/c++/10.3.1/bits/unique_ptr.h:173:18:std::__uniq_ptr_impl<_Tp, _Dp>::pointer std::__uniq_ptr_impl<_Tp, _Dp>::_M_ptr() const [with _Tp = DT::IdentificationMethod; _Dp = std::default_delete<DT::IdentificationMethod>]	16	static
/opt/st/stm32cubeide_1.11.2/plugins/com.st.stm32cube.ide.mcu.externaltools.gnu-tools-for-stm32.10.3-2021.10.linux64_1.0.100.202210260954/tools/arm-none-eabi/include/c++/10.3.1/bits/stl_construct.h:171:5:void std::_Destroy(_ForwardIterator, _ForwardIterator) [with _ForwardIterator = Eigen::Matrix<double, -1, 1>*]	16	static
../Core/ControllingLib/src/../inc/./Eigen/src/Core/DenseStorage.h:580:23:Eigen::DenseStorage<T, -1, -1, _Cols, _Options>::DenseStorage() [with T = double; int _Cols = 1; int _Options = 0]	16	static
../Core/ControllingLib/src/../inc/./Eigen/src/Core/CwiseNullaryOp.h:145:1:static const Eigen::CwiseNullaryOp<CustomNullaryOp, typename Eigen::internal::conditional<Eigen::internal::is_same<typename Eigen::internal::traits<T>::XprKind, Eigen::MatrixXpr>::value, Eigen::Matrix<typename Eigen::internal::traits<T>::Scalar, Eigen::internal::traits<T>::RowsAtCompileTime, Eigen::internal::traits<T>::ColsAtCompileTime, (Eigen::AutoAlign | ((Eigen::internal::traits<T>::Flags & Eigen::RowMajorBit) ? Eigen::RowMajor :  Eigen::ColMajor)), Eigen::internal::traits<T>::MaxRowsAtCompileTime, Eigen::internal::traits<T>::MaxColsAtCompileTime>, Eigen::Array<typename Eigen::internal::traits<T>::Scalar, Eigen::internal::traits<T>::RowsAtCompileTime, Eigen::internal::traits<T>::ColsAtCompileTime, (Eigen::AutoAlign | ((Eigen::internal::traits<T>::Flags & Eigen::RowMajorBit) ? Eigen::RowMajor :  Eigen::ColMajor)), Eigen::internal::traits<T>::MaxRowsAtCompileTime, Eigen::internal::traits<T>::MaxColsAtCompileTime> >::type> Eigen::DenseBase<Derived>::NullaryExpr(Eigen::Index, const CustomNullaryOp&) [with CustomNullaryOp = Eigen::internal::scalar_constant_op<double>; Derived = Eigen::Matrix<double, -1, 1>]	24	static
../Core/ControllingLib/src/../inc/./Eigen/src/Core/EigenBase.h:49:18:const Derived& Eigen::EigenBase<Derived>::derived() const [with Derived = Eigen::CwiseNullaryOp<Eigen::internal::scalar_constant_op<double>, Eigen::Matrix<double, -1, 1> >]	16	static
../Core/ControllingLib/src/../inc/./Eigen/src/Core/AssignEvaluator.h:834:6:void Eigen::internal::call_assignment(Dst&, const Src&) [with Dst = Eigen::Matrix<double, -1, 1>; Src = Eigen::CwiseNullaryOp<Eigen::internal::scalar_constant_op<double>, Eigen::Matrix<double, -1, 1> >]	24	static
/opt/st/stm32cubeide_1.11.2/plugins/com.st.stm32cube.ide.mcu.externaltools.gnu-tools-for-stm32.10.3-2021.10.linux64_1.0.100.202210260954/tools/arm-none-eabi/include/c++/10.3.1/ext/new_allocator.h:79:7:__gnu_cxx::new_allocator<_Tp>::new_allocator() [with _Tp = Eigen::Matrix<double, -1, 1>]	16	static
/opt/st/stm32cubeide_1.11.2/plugins/com.st.stm32cube.ide.mcu.externaltools.gnu-tools-for-stm32.10.3-2021.10.linux64_1.0.100.202210260954/tools/arm-none-eabi/include/c++/10.3.1/bits/alloc_traits.h:491:7:static void std::allocator_traits<std::allocator<_Tp1> >::deallocate(std::allocator_traits<std::allocator<_Tp1> >::allocator_type&, std::allocator_traits<std::allocator<_Tp1> >::pointer, std::allocator_traits<std::allocator<_Tp1> >::size_type) [with _Tp = Eigen::Matrix<double, -1, 1>]	24	static
/opt/st/stm32cubeide_1.11.2/plugins/com.st.stm32cube.ide.mcu.externaltools.gnu-tools-for-stm32.10.3-2021.10.linux64_1.0.100.202210260954/tools/arm-none-eabi/include/c++/10.3.1/tuple:354:17:constexpr std::_Tuple_impl<_Idx, _Head>::_Tuple_impl() [with unsigned int _Idx = 1; _Head = std::default_delete<DT::IdentificationMethod>]	16	static
/opt/st/stm32cubeide_1.11.2/plugins/com.st.stm32cube.ide.mcu.externaltools.gnu-tools-for-stm32.10.3-2021.10.linux64_1.0.100.202210260954/tools/arm-none-eabi/include/c++/10.3.1/tuple:126:17:constexpr std::_Head_base<_Idx, _Head, false>::_Head_base() [with unsigned int _Idx = 0; _Head = DT::IdentificationMethod*]	16	static
/opt/st/stm32cubeide_1.11.2/plugins/com.st.stm32cube.ide.mcu.externaltools.gnu-tools-for-stm32.10.3-2021.10.linux64_1.0.100.202210260954/tools/arm-none-eabi/include/c++/10.3.1/tuple:1298:5:>&) [with unsigned int __i = 0; _Elements = {DT::IdentificationMethod*, std::default_delete<DT::IdentificationMethod>}]	16	static
/opt/st/stm32cubeide_1.11.2/plugins/com.st.stm32cube.ide.mcu.externaltools.gnu-tools-for-stm32.10.3-2021.10.linux64_1.0.100.202210260954/tools/arm-none-eabi/include/c++/10.3.1/bits/unique_ptr.h:174:18:_Dp& std::__uniq_ptr_impl<_Tp, _Dp>::_M_deleter() [with _Tp = DT::IdentificationMethod; _Dp = std::default_delete<DT::IdentificationMethod>]	16	static
/opt/st/stm32cubeide_1.11.2/plugins/com.st.stm32cube.ide.mcu.externaltools.gnu-tools-for-stm32.10.3-2021.10.linux64_1.0.100.202210260954/tools/arm-none-eabi/include/c++/10.3.1/bits/unique_ptr.h:155:7:std::__uniq_ptr_impl<_Tp, _Dp>::__uniq_ptr_impl(std::__uniq_ptr_impl<_Tp, _Dp>::pointer) [with _Tp = DT::LeastSquareMethod; _Dp = std::default_delete<DT::LeastSquareMethod>]	24	static
/opt/st/stm32cubeide_1.11.2/plugins/com.st.stm32cube.ide.mcu.externaltools.gnu-tools-for-stm32.10.3-2021.10.linux64_1.0.100.202210260954/tools/arm-none-eabi/include/c++/10.3.1/tuple:1298:5:>&) [with unsigned int __i = 0; _Elements = {DT::LeastSquareMethod*, std::default_delete<DT::LeastSquareMethod>}]	16	static
/opt/st/stm32cubeide_1.11.2/plugins/com.st.stm32cube.ide.mcu.externaltools.gnu-tools-for-stm32.10.3-2021.10.linux64_1.0.100.202210260954/tools/arm-none-eabi/include/c++/10.3.1/bits/unique_ptr.h:174:18:_Dp& std::__uniq_ptr_impl<_Tp, _Dp>::_M_deleter() [with _Tp = DT::LeastSquareMethod; _Dp = std::default_delete<DT::LeastSquareMethod>]	16	static
/opt/st/stm32cubeide_1.11.2/plugins/com.st.stm32cube.ide.mcu.externaltools.gnu-tools-for-stm32.10.3-2021.10.linux64_1.0.100.202210260954/tools/arm-none-eabi/include/c++/10.3.1/bits/unique_ptr.h:177:12:void std::__uniq_ptr_impl<_Tp, _Dp>::reset(std::__uniq_ptr_impl<_Tp, _Dp>::pointer) [with _Tp = DT::IdentificationMethod; _Dp = std::default_delete<DT::IdentificationMethod>]	32	static
/opt/st/stm32cubeide_1.11.2/plugins/com.st.stm32cube.ide.mcu.externaltools.gnu-tools-for-stm32.10.3-2021.10.linux64_1.0.100.202210260954/tools/arm-none-eabi/include/c++/10.3.1/bits/unique_ptr.h:185:15:std::__uniq_ptr_impl<_Tp, _Dp>::pointer std::__uniq_ptr_impl<_Tp, _Dp>::release() [with _Tp = DT::LeastSquareMethod; _Dp = std::default_delete<DT::LeastSquareMethod>]	24	static
/opt/st/stm32cubeide_1.11.2/plugins/com.st.stm32cube.ide.mcu.externaltools.gnu-tools-for-stm32.10.3-2021.10.linux64_1.0.100.202210260954/tools/arm-none-eabi/include/c++/10.3.1/bits/move.h:76:5:constexpr _Tp&& std::forward(typename std::remove_reference<_Tp>::type&) [with _Tp = const Eigen::Matrix<double, -1, 1>&]	16	static
/opt/st/stm32cubeide_1.11.2/plugins/com.st.stm32cube.ide.mcu.externaltools.gnu-tools-for-stm32.10.3-2021.10.linux64_1.0.100.202210260954/tools/arm-none-eabi/include/c++/10.3.1/ext/new_allocator.h:154:2:) [with _Up = Eigen::Matrix<double, -1, 1>; _Args = {const Eigen::Matrix<double, -1, 1, 0, -1, 1>&}; _Tp = Eigen::Matrix<double, -1, 1>]	32	static
/opt/st/stm32cubeide_1.11.2/plugins/com.st.stm32cube.ide.mcu.externaltools.gnu-tools-for-stm32.10.3-2021.10.linux64_1.0.100.202210260954/tools/arm-none-eabi/include/c++/10.3.1/bits/stl_iterator.h:978:7:__gnu_cxx::__normal_iterator<_Iterator, _Container>::__normal_iterator(const _Iterator&) [with _Iterator = Eigen::Matrix<double, -1, 1>*; _Container = std::vector<Eigen::Matrix<double, -1, 1> >]	16	static
/opt/st/stm32cubeide_1.11.2/plugins/com.st.stm32cube.ide.mcu.externaltools.gnu-tools-for-stm32.10.3-2021.10.linux64_1.0.100.202210260954/tools/arm-none-eabi/include/c++/10.3.1/bits/stl_vector.h:1756:7:std::vector<_Tp, _Alloc>::size_type std::vector<_Tp, _Alloc>::_M_check_len(std::vector<_Tp, _Alloc>::size_type, const char*) const [with _Tp = Eigen::Matrix<double, -1, 1>; _Alloc = std::allocator<Eigen::Matrix<double, -1, 1> >]	40	static
/opt/st/stm32cubeide_1.11.2/plugins/com.st.stm32cube.ide.mcu.externaltools.gnu-tools-for-stm32.10.3-2021.10.linux64_1.0.100.202210260954/tools/arm-none-eabi/include/c++/10.3.1/bits/stl_vector.h:811:7:std::vector<_Tp, _Alloc>::iterator std::vector<_Tp, _Alloc>::begin() [with _Tp = Eigen::Matrix<double, -1, 1>; _Alloc = std::allocator<Eigen::Matrix<double, -1, 1> >]	24	static
[...]
../Core/ControllingLib/src/../inc/./Eigen/src/Core/AssignEvaluator.h:759:6:void Eigen::internal::resize_if_allowed(DstXprType&, const SrcXprType&, const Eigen::internal::assign_op<T1, T2>&) [with DstXprType = Eigen::Map<Eigen::Matrix<double, -1, 1>, 16, Eigen::Stride<0, 0> >; SrcXprType = Eigen::CwiseBinaryOp<Eigen::internal::scalar_product_op<double, double>, const Eigen::CwiseNullaryOp<Eigen::internal::scalar_constant_op<double>, const Eigen::Matrix<double, -1, 1> >, const Eigen::Matrix<double, -1, 1> >; T1 = double; T2 = double]	32	static
../Core/ControllingLib/src/../inc/./Eigen/src/Core/CoreEvaluators.h:1004:30:Eigen::internal::evaluator<Eigen::Map<PlainObjectType, MapOptions, StrideType> >::evaluator(const XprType&) [with PlainObjectType = Eigen::Matrix<double, -1, 1>; int MapOptions = 16; StrideType = Eigen::Stride<0, 0>]	16	static
../Core/ControllingLib/src/../inc/./Eigen/src/Core/CoreEvaluators.h:122:41:Eigen::internal::evaluator_base<ExpressionType>::~evaluator_base() [with ExpressionType = Eigen::Map<Eigen::Matrix<double, -1, 1>, 16, Eigen::Stride<0, 0> >]	16	static
../Core/ControllingLib/src/../inc/./Eigen/src/Core/EigenBase.h:52:19:Derived& Eigen::EigenBase<Derived>::const_cast_derived() const [with Derived = Eigen::Map<Eigen::Matrix<double, -1, 1>, 16, Eigen::Stride<0, 0> >]	16	static
../Core/ControllingLib/src/../inc/./Eigen/src/Core/AssignEvaluator.h:633:3:Eigen::internal::generic_dense_assignment_kernel<DstEvaluatorTypeT, SrcEvaluatorTypeT, Functor, Version>::generic_dense_assignment_kernel(Eigen::internal::generic_dense_assignment_kernel<DstEvaluatorTypeT, SrcEvaluatorTypeT, Functor, Version>::DstEvaluatorType&, const SrcEvaluatorType&, const Functor&, Eigen::internal::generic_dense_assignment_kernel<DstEvaluatorTypeT, SrcEvaluatorTypeT, Functor, Version>::DstXprType&) [with DstEvaluatorTypeT = Eigen::internal::evaluator<Eigen::Map<Eigen::Matrix<double, -1, 1>, 16, Eigen::Stride<0, 0> > >; SrcEvaluatorTypeT = Eigen::internal::evaluator<Eigen::CwiseBinaryOp<Eigen::internal::scalar_product_op<double, double>, const Eigen::CwiseNullaryOp<Eigen::internal::scalar_constant_op<double>, const Eigen::Matrix<double, -1, 1> >, const Eigen::Matrix<double, -1, 1> > >; Functor = Eigen::internal::assign_op<double, double>; int Version = 0]	24	static
../Core/ControllingLib/src/../inc/./Eigen/src/Core/AssignEvaluator.h:641:43:constexpr Eigen::Index Eigen::internal::generic_dense_assignment_kernel<DstEvaluatorTypeT, SrcEvaluatorTypeT, Functor, Version>::size() const [with DstEvaluatorTypeT = Eigen::internal::evaluator<Eigen::Map<Eigen::Matrix<double, -1, 1>, 16, Eigen::Stride<0, 0> > >; SrcEvaluatorTypeT = Eigen::internal::evaluator<Eigen::CwiseBinaryOp<Eigen::internal::scalar_product_op<double, double>, const Eigen::CwiseNullaryOp<Eigen::internal::scalar_constant_op<double>, const Eigen::Matrix<double, -1, 1> >, const Eigen::Matrix<double, -1, 1> > >; Functor = Eigen::internal::assign_op<double, double>; int Version = 0]	16	static
../Core/ControllingLib/src/../inc/./Eigen/src/Core/AssignEvaluator.h:514:53:static void Eigen::internal::dense_assignment_loop<Kernel, 1, 0>::run(Kernel&) [with Kernel = Eigen::internal::generic_dense_assignment_kernel<Eigen::internal::evaluator<Eigen::Map<Eigen::Matrix<double, -1, 1>, 16, Eigen::Stride<0, 0> > >, Eigen::internal::evaluator<Eigen::CwiseBinaryOp<Eigen::internal::scalar_product_op<double, double>, const Eigen::CwiseNullaryOp<Eigen::internal::scalar_constant_op<double>, const Eigen::Matrix<double, -1, 1> >, const Eigen::Matrix<double, -1, 1> > >, Eigen::internal::assign_op<double, double>, 0>]	24	static
../Core/ControllingLib/src/../inc/./Eigen/src/Core/CoreEvaluators.h:729:12:Eigen::internal::evaluator<Eigen::CwiseBinaryOp<BinaryOp, Lhs, Rhs> >::evaluator(const XprType&) [with BinaryOp = Eigen::internal::scalar_product_op<double, double>; Lhs = const Eigen::CwiseNullaryOp<Eigen::internal::scalar_constant_op<double>, const Eigen::Matrix<double, -1, 1> >; Rhs = const Eigen::Map<Eigen::Matrix<double, -1, 1>, 16, Eigen::Stride<0, 0> >]	16	static
../Core/ControllingLib/src/../inc/./Eigen/src/Core/CoreEvaluators.h:122:41:Eigen::internal::evaluator_base<ExpressionType>::~evaluator_base() [with ExpressionType = Eigen::CwiseBinaryOp<Eigen::internal::scalar_product_op<double, double>, const Eigen::CwiseNullaryOp<Eigen::internal::scalar_constant_op<double>, const Eigen::Matrix<double, -1, 1> >, const Eigen::Map<Eigen::Matrix<double, -1, 1>, 16, Eigen::Stride<0, 0> > >]	16	static
../Core/ControllingLib/src/../inc/./Eigen/src/Core/CwiseBinaryOp.h:120:11:constexpr Eigen::Index Eigen::CwiseBinaryOp<BinaryOp, Lhs, Rhs>::rows() const [with BinaryOp = Eigen::internal::scalar_product_op<double, double>; LhsType = const Eigen::CwiseNullaryOp<Eigen::internal::scalar_constant_op<double>, const Eigen::Matrix<double, -1, 1> >; RhsType = const Eigen::Map<Eigen::Matrix<double, -1, 1>, 16, Eigen::Stride<0, 0> >]	16	static
../Core/ControllingLib/src/../inc/./Eigen/src/Core/CwiseBinaryOp.h:125:11:constexpr Eigen::Index Eigen::CwiseBinaryOp<BinaryOp, Lhs, Rhs>::cols() const [with BinaryOp = Eigen::internal::scalar_product_op<double, double>; LhsType = const Eigen::CwiseNullaryOp<Eigen::internal::scalar_constant_op<double>, const Eigen::Matrix<double, -1, 1> >; RhsType = const Eigen::Map<Eigen::Matrix<double, -1, 1>, 16, Eigen::Stride<0, 0> >]	16	static
../Core/ControllingLib/src/../inc/./Eigen/src/Core/AssignEvaluator.h:759:6:void Eigen::internal::resize_if_allowed(DstXprType&, const SrcXprType&, const Eigen::internal::assign_op<T1, T2>&) [with DstXprType = Eigen::Block<Eigen::Matrix<double, -1, -1>, -1, 1, true>; SrcXprType = Eigen::CwiseBinaryOp<Eigen::internal::scalar_product_op<double, double>, const Eigen::CwiseNullaryOp<Eigen::internal::scalar_constant_op<double>, const Eigen::Matrix<double, -1, 1> >, const Eigen::Map<Eigen::Matrix<double, -1, 1>, 16, Eigen::Stride<0, 0> > >; T1 = double; T2 = double]	32	static
../Core/ControllingLib/src/../inc/./Eigen/src/Core/AssignEvaluator.h:633:3:Eigen::internal::generic_dense_assignment_kernel<DstEvaluatorTypeT, SrcEvaluatorTypeT, Functor, Version>::generic_dense_assignment_kernel(Eigen::internal::generic_dense_assignment_kernel<DstEvaluatorTypeT, SrcEvaluatorTypeT, Functor, Version>::DstEvaluatorType&, const SrcEvaluatorType&, const Functor&, Eigen::internal::generic_dense_assignment_kernel<DstEvaluatorTypeT, SrcEvaluatorTypeT, Functor, Version>::DstXprType&) [with DstEvaluatorTypeT = Eigen::internal::evaluator<Eigen::Block<Eigen::Matrix<double, -1, -1>, -1, 1, true> >; SrcEvaluatorTypeT = Eigen::internal::evaluator<Eigen::CwiseBinaryOp<Eigen::internal::scalar_product_op<double, double>, const Eigen::CwiseNullaryOp<Eigen::internal::scalar_constant_op<double>, const Eigen::Matrix<double, -1, 1> >, const Eigen::Map<Eigen::Matrix<double, -1, 1>, 16, Eigen::Stride<0, 0> > > >; Functor = Eigen::internal::assign_op<double, double>; int Version = 0]	24	static
../Core/ControllingLib/src/../inc/./Eigen/src/Core/AssignEvaluator.h:641:43:constexpr Eigen::Index Eigen::internal::generic_dense_assignment_kernel<DstEvaluatorTypeT, SrcEvaluatorTypeT, Functor, Version>::size() const [with DstEvaluatorTypeT = Eigen::internal::evaluator<Eigen::Block<Eigen::Matrix<double, -1, -1>, -1, 1, true> >; SrcEvaluatorTypeT = Eigen::internal::evaluator<Eigen::CwiseBinaryOp<Eigen::internal::scalar_product_op<double, double>, const Eigen::CwiseNullaryOp<Eigen::internal::scalar_constant_op<double>, const Eigen::Matrix<double, -1, 1> >, const Eigen::Map<Eigen::Matrix<double, -1, 1>, 16, Eigen::Stride<0, 0> > > >; Functor = Eigen::internal::assign_op<double, double>; int Version = 0]	16	static
../Core/ControllingLib/src/../inc/./Eigen/src/Core/AssignEvaluator.h:514:53:static void Eigen::internal::dense_assignment_loop<Kernel, 1, 0>::run(Kernel&) [with Kernel = Eigen::internal::generic_dense_assignment_kernel<Eigen::internal::evaluator<Eigen::Block<Eigen::Matrix<double, -1, -1>, -1, 1, true> >, Eigen::internal::evaluator<Eigen::CwiseBinaryOp<Eigen::internal::scalar_product_op<double, double>, const Eigen::CwiseNullaryOp<Eigen::internal::scalar_constant_op<double>, const Eigen::Matrix<double, -1, 1> >, const Eigen::Map<Eigen::Matrix<double, -1, 1>, 16, Eigen::Stride<0, 0> > > >, Eigen::internal::assign_op<double, double>, 0>]	24	static
../Core/ControllingLib/src/../inc/./Eigen/src/Core/Block.h:307:18:constexpr Eigen::internal::BlockImpl_dense<XprType, BlockRows, BlockCols, InnerPanel, HasDirectAccess>::StorageIndex Eigen::internal::BlockImpl_dense<XprType, BlockRows, BlockCols, InnerPanel, HasDirectAccess>::startRow() const [with XprType = const Eigen::Block<const Eigen::Product<Eigen::CwiseBinaryOp<Eigen::internal::scalar_product_op<double, double>, const Eigen::CwiseNullaryOp<Eigen::internal::scalar_constant_op<double>, const Eigen::Matrix<double, -1, 1> >, const Eigen::Matrix<double, -1, 1> >, Eigen::Transpose<Eigen::Matrix<double, -1, 1> >, 0>, 1, -1, false>; int BlockRows = 1; int BlockCols = -1; bool InnerPanel = true; bool HasDirectAccess = false]	16	static
../Core/ControllingLib/src/../inc/./Eigen/src/Core/Block.h:313:18:constexpr Eigen::internal::BlockImpl_dense<XprType, BlockRows, BlockCols, InnerPanel, HasDirectAccess>::StorageIndex Eigen::internal::BlockImpl_dense<XprType, BlockRows, BlockCols, InnerPanel, HasDirectAccess>::startCol() const [with XprType = const Eigen::Block<const Eigen::Product<Eigen::CwiseBinaryOp<Eigen::internal::scalar_product_op<double, double>, const Eigen::CwiseNullaryOp<Eigen::internal::scalar_constant_op<double>, const Eigen::Matrix<double, -1, 1> >, const Eigen::Matrix<double, -1, 1> >, Eigen::Transpose<Eigen::Matrix<double, -1, 1> >, 0>, 1, -1, false>; int BlockRows = 1; int BlockCols = -1; bool InnerPanel = true; bool HasDirectAccess = false]	16	static
../Core/ControllingLib/src/../inc/./Eigen/src/Core/CoreEvaluators.h:1105:12:Eigen::internal::unary_evaluator<Eigen::Block<ArgType, BlockRows, BlockCols, InnerPanel>, Eigen::internal::IndexBased>::unary_evaluator(const XprType&) [with ArgType = const Eigen::Block<const Eigen::Product<Eigen::CwiseBinaryOp<Eigen::internal::scalar_product_op<double, double>, const Eigen::CwiseNullaryOp<Eigen::internal::scalar_constant_op<double>, const Eigen::Matrix<double, -1, 1> >, const Eigen::Matrix<double, -1, 1> >, Eigen::Transpose<Eigen::Matrix<double, -1, 1> >, 0>, 1, -1, false>; int BlockRows = 1; int BlockCols = -1; bool InnerPanel = true]	24	static
../Core/ControllingLib/src/../inc/./Eigen/src/Core/DenseBase.h:257:10:void Eigen::DenseBase<Derived>::resize(Eigen::Index, Eigen::Index) [with Derived = Eigen::Map<Eigen::Matrix<double, -1, 1>, 16, Eigen::Stride<0, 0> >]	24	static
../Core/ControllingLib/src/../inc/./Eigen/src/Core/CoreEvaluators.h:898:12:Eigen::internal::mapbase_evaluator<Derived, PlainObjectType>::mapbase_evaluator(const XprType&) [with Derived = Eigen::Map<Eigen::Matrix<double, -1, 1>, 16, Eigen::Stride<0, 0> >; PlainObjectType = Eigen::Matrix<double, -1, 1>]	24	static
../Core/ControllingLib/src/../inc/./Eigen/src/Core/AssignEvaluator.h:658:46:void Eigen::internal::generic_dense_assignment_kernel<DstEvaluatorTypeT, SrcEvaluatorTypeT, Functor, Version>::assignCoeff(Eigen::Index) [with DstEvaluatorTypeT = Eigen::internal::evaluator<Eigen::Map<Eigen::Matrix<double, -1, 1>, 16, Eigen::Stride<0, 0> > >; SrcEvaluatorTypeT = Eigen::internal::evaluator<Eigen::CwiseBinaryOp<Eigen::internal::scalar_product_op<double, double>, const Eigen::CwiseNullaryOp<Eigen::internal::scalar_constant_op<double>, const Eigen::Matrix<double, -1, 1> >, const Eigen::Matrix<double, -1, 1> > >; Functor = Eigen::internal::assign_op<double, double>; int Version = 0]	32	static
../Core/ControllingLib/src/../inc/./Eigen/src/Core/CoreEvaluators.h:758:12:Eigen::internal::binary_evaluator<Eigen::CwiseBinaryOp<BinaryOp, Lhs, Rhs>, Eigen::internal::IndexBased, Eigen::internal::IndexBased>::binary_evaluator(const XprType&) [with BinaryOp = Eigen::internal::scalar_product_op<double, double>; Lhs = const Eigen::CwiseNullaryOp<Eigen::internal::scalar_constant_op<double>, const Eigen::Matrix<double, -1, 1> >; Rhs = const Eigen::Map<Eigen::Matrix<double, -1, 1>, 16, Eigen::Stride<0, 0> >]	16	static
../Core/ControllingLib/src/../inc/./Eigen/src/Core/AssignEvaluator.h:658:46:void Eigen::internal::generic_dense_assignment_kernel<DstEvaluatorTypeT, SrcEvaluatorTypeT, Functor, Version>::assignCoeff(Eigen::Index) [with DstEvaluatorTypeT = Eigen::internal::evaluator<Eigen::Block<Eigen::Matrix<double, -1, -1>, -1, 1, true> >; SrcEvaluatorTypeT = Eigen::internal::evaluator<Eigen::CwiseBinaryOp<Eigen::internal::scalar_product_op<double, double>, const Eigen::CwiseNullaryOp<Eigen::internal::scalar_constant_op<double>, const Eigen::Matrix<double, -1, 1> >, const Eigen::Map<Eigen::Matrix<double, -1, 1>, 16, Eigen::Stride<0, 0> > > >; Functor = Eigen::internal::assign_op<double, double>; int Version = 0]	32	static
../Core/ControllingLib/src/../inc/./Eigen/src/Core/Block.h:298:63:const typename Eigen::internal::remove_all<typename Eigen::internal::ref_selector<T>::non_const_type>::type& Eigen::internal::BlockImpl_dense<XprType, BlockRows, BlockCols, InnerPanel, HasDirectAccess>::nestedExpression() const [with XprType = const Eigen::Block<const Eigen::Product<Eigen::CwiseBinaryOp<Eigen::internal::scalar_product_op<double, double>, const Eigen::CwiseNullaryOp<Eigen::internal::scalar_constant_op<double>, const Eigen::Matrix<double, -1, 1> >, const Eigen::Matrix<double, -1, 1> >, Eigen::Transpose<Eigen::Matrix<double, -1, 1> >, 0>, 1, -1, false>; int BlockRows = 1; int BlockCols = -1; bool InnerPanel = true; bool HasDirectAccess = false]	16	static
../Core/ControllingLib/src/../inc/./Eigen/src/Core/CoreEvaluators.h:121:41:Eigen::internal::evaluator_base<ExpressionType>::evaluator_base() [with ExpressionType = Eigen::Block<const Eigen::Block<const Eigen::Product<Eigen::CwiseBinaryOp<Eigen::internal::scalar_product_op<double, double>, const Eigen::CwiseNullaryOp<Eigen::internal::scalar_constant_op<double>, const Eigen::Matrix<double, -1, 1> >, const Eigen::Matrix<double, -1, 1> >, Eigen::Transpose<Eigen::Matrix<double, -1, 1> >, 0>, 1, -1, false>, 1, -1, true>]	16	static
../Core/ControllingLib/src/../inc/./Eigen/src/Core/MapBase.h:255:26:const Scalar* Eigen::MapBase<Derived, 1>::data() const [with Derived = Eigen::Map<Eigen::Matrix<double, -1, 1>, 16, Eigen::Stride<0, 0> >]	16	static
../Core/ControllingLib/src/../inc/./Eigen/src/Core/Map.h:108:18:constexpr Eigen::Index Eigen::Map<MatrixType, MapOptions, StrideType>::innerStride() const [with PlainObjectType = Eigen::Matrix<double, -1, 1>; int MapOptions = 16; StrideType = Eigen::Stride<0, 0>]	16	static
../Core/ControllingLib/src/../inc/./Eigen/src/Core/Map.h:114:18:constexpr Eigen::Index Eigen::Map<MatrixType, MapOptions, StrideType>::outerStride() const [with PlainObjectType = Eigen::Matrix<double, -1, 1>; int MapOptions = 16; StrideType = Eigen::Stride<0, 0>]	24	static
../Core/ControllingLib/src/../inc/./Eigen/src/Core/CoreEvaluators.h:121:41:Eigen::internal::evaluator_base<ExpressionType>::evaluator_base() [with ExpressionType = Eigen::Map<Eigen::Matrix<double, -1, 1>, 16, Eigen::Stride<0, 0> >]	16	static
../Core/ControllingLib/src/../inc/./Eigen/src/Core/CoreEvaluators.h:927:11:Eigen::internal::mapbase_evaluator<Derived, PlainObjectType>::Scalar& Eigen::internal::mapbase_evaluator<Derived, PlainObjectType>::coeffRef(Eigen::Index) [with Derived = Eigen::Map<Eigen::Matrix<double, -1, 1>, 16, Eigen::Stride<0, 0> >; PlainObjectType = Eigen::Matrix<double, -1, 1>]	24	static
../Core/ControllingLib/src/../inc/./Eigen/src/Core/CoreEvaluators.h:121:41:Eigen::internal::evaluator_base<ExpressionType>::evaluator_base() [with ExpressionType = Eigen::CwiseBinaryOp<Eigen::internal::scalar_product_op<double, double>, const Eigen::CwiseNullaryOp<Eigen::internal::scalar_constant_op<double>, const Eigen::Matrix<double, -1, 1> >, const Eigen::Map<Eigen::Matrix<double, -1, 1>, 16, Eigen::Stride<0, 0> > >]	16	static
../Core/ControllingLib/src/../inc/./Eigen/src/Core/CoreEvaluators.h:800:5:Eigen::internal::binary_evaluator<Eigen::CwiseBinaryOp<BinaryOp, Lhs, Rhs>, Eigen::internal::IndexBased, Eigen::internal::IndexBased>::Data::Data(const XprType&) [with BinaryOp = Eigen::internal::scalar_product_op<double, double>; Lhs = const Eigen::CwiseNullaryOp<Eigen::internal::scalar_constant_op<double>, const Eigen::Matrix<double, -1, 1> >; Rhs = const Eigen::Map<Eigen::Matrix<double, -1, 1>, 16, Eigen::Stride<0, 0> >]	24	static
../Core/ControllingLib/src/../inc/./Eigen/src/Core/CoreEvaluators.h:773:19:Eigen::internal::binary_evaluator<Eigen::CwiseBinaryOp<BinaryOp, Lhs, Rhs>, Eigen::internal::IndexBased, Eigen::internal::IndexBased>::CoeffReturnType Eigen::internal::binary_evaluator<Eigen::CwiseBinaryOp<BinaryOp, Lhs, Rhs>, Eigen::internal::IndexBased, Eigen::internal::IndexBased>::coeff(Eigen::Index) const [with BinaryOp = Eigen::internal::scalar_product_op<double, double>; Lhs = const Eigen::CwiseNullaryOp<Eigen::internal::scalar_constant_op<double>, const Eigen::Matrix<double, -1, 1> >; Rhs = const Eigen::Map<Eigen::Matrix<double, -1, 1>, 16, Eigen::Stride<0, 0> >]	32	static
../Core/ControllingLib/src/../inc/./Eigen/src/Core/CwiseBinaryOp.h:138:21:const BinaryOp& Eigen::CwiseBinaryOp<BinaryOp, Lhs, Rhs>::functor() const [with BinaryOp = Eigen::internal::scalar_product_op<double, double>; LhsType = const Eigen::CwiseNullaryOp<Eigen::internal::scalar_constant_op<double>, const Eigen::Matrix<double, -1, 1> >; RhsType = const Eigen::Map<Eigen::Matrix<double, -1, 1>, 16, Eigen::Stride<0, 0> >]	16	static
../Core/ControllingLib/src/../inc/./Eigen/src/Core/CwiseBinaryOp.h:132:23:const _LhsNested& Eigen::CwiseBinaryOp<BinaryOp, Lhs, Rhs>::lhs() const [with BinaryOp = Eigen::internal::scalar_product_op<double, double>; LhsType = const Eigen::CwiseNullaryOp<Eigen::internal::scalar_constant_op<double>, const Eigen::Matrix<double, -1, 1> >; RhsType = const Eigen::Map<Eigen::Matrix<double, -1, 1>, 16, Eigen::Stride<0, 0> >]	16	static
../Core/ControllingLib/src/../inc/./Eigen/src/Core/CwiseBinaryOp.h:135:23:const _RhsNested& Eigen::CwiseBinaryOp<BinaryOp, Lhs, Rhs>::rhs() const [with BinaryOp = Eigen::internal::scalar_product_op<double, double>; LhsType = const Eigen::CwiseNullaryOp<Eigen::internal::scalar_constant_op<double>, const Eigen::Matrix<double, -1, 1> >; RhsType = const Eigen::Map<Eigen::Matrix<double, -1, 1>, 16, Eigen::Stride<0, 0> >]	16	static
../Core/ControllingLib/src/../inc/./Eigen/src/Core/CoreEvaluators.h:104:12:Eigen::internal::evaluator<const T>::evaluator(const T&) [with T = Eigen::Map<Eigen::Matrix<double, -1, 1>, 16, Eigen::Stride<0, 0> >]	16	static
../Core/ControllingLib/src/../inc/./Eigen/src/Core/CoreEvaluators.h:802:21:const BinaryOp& Eigen::internal::binary_evaluator<Eigen::CwiseBinaryOp<BinaryOp, Lhs, Rhs>, Eigen::internal::IndexBased, Eigen::internal::IndexBased>::Data::func() const [with BinaryOp = Eigen::internal::scalar_product_op<double, double>; Lhs = const Eigen::CwiseNullaryOp<Eigen::internal::scalar_constant_op<double>, const Eigen::Matrix<double, -1, 1> >; Rhs = const Eigen::Map<Eigen::Matrix<double, -1, 1>, 16, Eigen::Stride<0, 0> >]	16	static
../Core/ControllingLib/src/../inc/./Eigen/src/Core/CoreEvaluators.h:915:19:Eigen::internal::mapbase_evaluator<Derived, PlainObjectType>::CoeffReturnType Eigen::internal::mapbase_evaluator<Derived, PlainObjectType>::coeff(Eigen::Index) const [with Derived = Eigen::Map<Eigen::Matrix<double, -1, 1>, 16, Eigen::Stride<0, 0> >; PlainObjectType = Eigen::Matrix<double, -1, 1>]	24	static
../Core/ControllingLib/src/identification.cpp:114:1:void __static_initialization_and_destruction_0(int, int)	216	static
../Core/ControllingLib/src/identification.cpp:114:1:cpp)	8	static
../Core/ControllingLib/src/identification.cpp:114:1:cpp)	8	static
