../Core/ControllingLib/src/../inc/./Eigen/src/Core/DenseBase.h:257:10:void Eigen::DenseBase<Derived>::resize(Eigen::Index, Eigen::Index) [with Derived = Eigen::Map<Eigen::Matrix<double, -1, 1>, 0, Eigen::Stride<0, 0> >]	8	static
../Core/ControllingLib/src/../inc/./Eigen/src/Core/DenseBase.h:257:10:void Eigen::DenseBase<Derived>::resize(Eigen::Index, Eigen::Index) [with Derived = Eigen::Map<Eigen::Matrix<double, 1, -1>, 0, Eigen::Stride<0, 0> >]	8	static
../Core/ControllingLib/src/../inc/./Eigen/src/Core/DenseBase.h:257:10:void Eigen::DenseBase<Derived>::resize(Eigen::Index, Eigen::Index) [with Derived = Eigen::Block<Eigen::Block<Eigen::Matrix<double, -1, -1, 1, -1, -1>, 1, -1, true>, 1, -1, false>]	8	static
../Core/ControllingLib/src/../inc/./Eigen/src/Core/DenseBase.h:257:10:void Eigen::DenseBase<Derived>::resize(Eigen::Index, Eigen::Index) [with Derived = Eigen::Block<Eigen::Block<Eigen::Block<Eigen::Matrix<double, -1, -1>, -1, 1, true>, -1, 1, false>, -1, 1, false>]	8	static
../Core/ControllingLib/src/../inc/./Eigen/src/Core/DenseBase.h:257:10:void Eigen::DenseBase<Derived>::resize(Eigen::Index, Eigen::Index) [with Derived = Eigen::Map<Eigen::Matrix<double, -1, 1>, 16, Eigen::Stride<0, 0> >]	8	static
../Core/ControllingLib/src/../inc/./Eigen/src/Core/products/GeneralBlockPanelKernel.h:2252:24:void Eigen::internal::gemm_pack_lhs<Scalar, Index, DataMapper, Pack1, Pack2, Packet, 1, Conjugate, PanelMode>::operator()(Scalar*, const DataMapper&, Index, Index, Index, Index) [with Scalar = double; Index = int; DataMapper = Eigen::internal::const_blas_data_mapper<double, int, 1>; int Pack1 = 1; int Pack2 = 1; Packet = double; bool Conjugate = false; bool PanelMode = false]	32	static,ignoring_inline_asm
../Core/ControllingLib/src/../inc/./Eigen/src/Core/products/GeneralBlockPanelKernel.h:1194:28:void Eigen::internal::lhs_process_one_packet<nr, LhsProgress, RhsProgress, LhsScalar, RhsScalar, ResScalar, AccPacket, LhsPacket, RhsPacket, ResPacket, GEBPTraits, LinearMapper, DataMapper>::peeled_kc_onestep(Eigen::Index, const LhsScalar*, const RhsScalar*, GEBPTraits, LhsPacket*, Eigen::internal::lhs_process_one_packet<nr, LhsProgress, RhsProgress, LhsScalar, RhsScalar, ResScalar, AccPacket, LhsPacket, RhsPacket, ResPacket, GEBPTraits, LinearMapper, DataMapper>::RhsPacketx4*, RhsPacket*, AccPacket*, AccPacket*, AccPacket*, AccPacket*) [with int nr = 4; int LhsProgress = 1; int RhsProgress = 1; LhsScalar = double; RhsScalar = double; ResScalar = double; AccPacket = double; LhsPacket = double; RhsPacket = double; ResPacket = double; GEBPTraits = Eigen::internal::gebp_traits<double, double, false, false, 0, 0>; LinearMapper = Eigen::internal::BlasLinearMapper<double, int, 0, 1>; DataMapper = Eigen::internal::blas_data_mapper<double, int, 0, 0, 1>]	32	static,ignoring_inline_asm
../Core/ControllingLib/src/../inc/./Eigen/src/Core/products/GeneralBlockPanelKernel.h:2096:24:void Eigen::internal::gemm_pack_lhs<Scalar, Index, DataMapper, Pack1, Pack2, Packet, 0, Conjugate, PanelMode>::operator()(Scalar*, const DataMapper&, Index, Index, Index, Index) [with Scalar = double; Index = int; DataMapper = Eigen::internal::const_blas_data_mapper<double, int, 0>; int Pack1 = 1; int Pack2 = 1; Packet = double; bool Conjugate = false; bool PanelMode = false]	32	static,ignoring_inline_asm
../Core/ControllingLib/src/../inc/./Eigen/src/Core/products/GeneralBlockPanelKernel.h:2386:24:void Eigen::internal::gemm_pack_rhs<Scalar, Index, DataMapper, nr, 0, Conjugate, PanelMode>::operator()(Scalar*, const DataMapper&, Index, Index, Index, Index) [with Scalar = double; Index = int; DataMapper = Eigen::internal::const_blas_data_mapper<double, int, 0>; int nr = 4; bool Conjugate = false; bool PanelMode = false]	48	static,ignoring_inline_asm
../Core/ControllingLib/src/../inc/./Eigen/src/Core/products/GeneralMatrixVector.h:108:42:static void Eigen::internal::general_matrix_vector_product<Index, LhsScalar, LhsMapper, 0, ConjugateLhs, RhsScalar, RhsMapper, ConjugateRhs, Version>::run(Index, Index, const LhsMapper&, const RhsMapper&, Eigen::internal::general_matrix_vector_product<Index, LhsScalar, LhsMapper, 0, ConjugateLhs, RhsScalar, RhsMapper, ConjugateRhs, Version>::ResScalar*, Index, RhsScalar) [with Index = int; LhsScalar = double; LhsMapper = Eigen::internal::const_blas_data_mapper<double, int, 0>; bool ConjugateLhs = false; RhsScalar = double; RhsMapper = Eigen::internal::const_blas_data_mapper<double, int, 1>; bool ConjugateRhs = false; int Version = 0]	248	static
../Core/ControllingLib/src/../inc/./Eigen/src/Core/Diagonal.h:81:18:Eigen::Index Eigen::Diagonal<MatrixType, Index>::rows() const [with MatrixType = Eigen::Matrix<double, -1, -1>; int _DiagIndex = 0]	0	static
/opt/st/stm32cubeide_1.11.2/plugins/com.st.stm32cube.ide.mcu.externaltools.gnu-tools-for-stm32.10.3-2021.10.linux64_1.0.100.202210260954/tools/arm-none-eabi/include/c++/10.3.1/bits/stl_algobase.h:1089:5:_OI std::fill_n(_OI, _Size, const _Tp&) [with _OI = double*; _Size = int; _Tp = double]	0	static
/opt/st/stm32cubeide_1.11.2/plugins/com.st.stm32cube.ide.mcu.externaltools.gnu-tools-for-stm32.10.3-2021.10.linux64_1.0.100.202210260954/tools/arm-none-eabi/include/c++/10.3.1/bits/basic_string.h:1247:7:std::__cxx11::basic_string<_CharT, _Traits, _Alloc>& std::__cxx11::basic_string<_CharT, _Traits, _Alloc>::append(const _CharT*) [with _CharT = char; _Traits = std::char_traits<char>; _Alloc = std::allocator<char>]	16	static
/opt/st/stm32cubeide_1.11.2/plugins/com.st.stm32cube.ide.mcu.externaltools.gnu-tools-for-stm32.10.3-2021.10.linux64_1.0.100.202210260954/tools/arm-none-eabi/include/c++/10.3.1/bits/basic_string.h:456:7:std::__cxx11::basic_string<_CharT, _Traits, _Alloc>::basic_string(const std::__cxx11::basic_string<_CharT, _Traits, _Alloc>&) [with _CharT = char; _Traits = std::char_traits<char>; _Alloc = std::allocator<char>]	24	static
../Core/ControllingLib/src/../inc/./Eigen/src/Core/CwiseNullaryOp.h:546:48:Derived& Eigen::DenseBase<Derived>::setZero() [with Derived = Eigen::Matrix<double, 8, 8, 0, 8, 8>]	16	static
../Core/ControllingLib/src/../inc/./Eigen/src/Core/CwiseNullaryOp.h:546:48:Derived& Eigen::DenseBase<Derived>::setZero() [with Derived = Eigen::Matrix<double, 8, 8, 1, 8, 8>]	16	static
../Core/ControllingLib/src/../inc/./Eigen/src/Core/CwiseBinaryOp.h:162:1:Derived& Eigen::MatrixBase<Derived>::operator-=(const Eigen::MatrixBase<OtherDerived>&) [with OtherDerived = Eigen::CwiseBinaryOp<Eigen::internal::scalar_product_op<double, double>, const Eigen::CwiseNullaryOp<Eigen::internal::scalar_constant_op<double>, const Eigen::Matrix<double, -1, 1> >, const Eigen::Map<Eigen::Matrix<double, -1, 1>, 16, Eigen::Stride<0, 0> > >; Derived = Eigen::Block<Eigen::Block<Eigen::Block<Eigen::Matrix<double, -1, -1>, -1, -1, false>, -1, -1, false>, -1, 1, true>]	40	static
../Core/ControllingLib/src/../inc/./Eigen/src/Core/CwiseBinaryOp.h:175:1:Derived& Eigen::MatrixBase<Derived>::operator+=(const Eigen::MatrixBase<OtherDerived>&) [with OtherDerived = Eigen::Block<Eigen::Block<Eigen::Matrix<double, -1, -1>, -1, -1, false>, -1, 1, true>; Derived = Eigen::Map<Eigen::Matrix<double, -1, 1>, 0, Eigen::Stride<0, 0> >]	24	static
../Core/ControllingLib/src/../inc/./Eigen/src/Core/CwiseBinaryOp.h:175:1:Derived& Eigen::MatrixBase<Derived>::operator+=(const Eigen::MatrixBase<OtherDerived>&) [with OtherDerived = Eigen::Block<Eigen::Block<Eigen::Matrix<double, -1, -1>, -1, -1, false>, 1, -1, false>; Derived = Eigen::Map<Eigen::Matrix<double, 1, -1>, 0, Eigen::Stride<0, 0> >]	24	static
../Core/ControllingLib/src/../inc/./Eigen/src/Core/CwiseBinaryOp.h:162:1:Derived& Eigen::MatrixBase<Derived>::operator-=(const Eigen::MatrixBase<OtherDerived>&) [with OtherDerived = Eigen::CwiseBinaryOp<Eigen::internal::scalar_product_op<double, double>, const Eigen::CwiseNullaryOp<Eigen::internal::scalar_constant_op<double>, const Eigen::Matrix<double, 1, -1> >, const Eigen::Map<Eigen::Matrix<double, 1, -1>, 0, Eigen::Stride<0, 0> > >; Derived = Eigen::Block<Eigen::Block<Eigen::Matrix<double, -1, -1>, -1, -1, false>, 1, -1, false>]	32	static
../Core/ControllingLib/src/../inc/./Eigen/src/Core/products/GeneralBlockPanelKernel.h:1404:6:void Eigen::internal::gebp_kernel<LhsScalar, RhsScalar, Index, DataMapper, mr, nr, ConjugateLhs, ConjugateRhs>::operator()(const DataMapper&, const LhsScalar*, const RhsScalar*, Index, Index, Index, Eigen::internal::gebp_kernel<LhsScalar, RhsScalar, Index, DataMapper, mr, nr, ConjugateLhs, ConjugateRhs>::ResScalar, Index, Index, Index, Index) [with LhsScalar = double; RhsScalar = double; Index = int; DataMapper = Eigen::internal::blas_data_mapper<double, int, 0, 0, 1>; int mr = 1; int nr = 4; bool ConjugateLhs = false; bool ConjugateRhs = false]	280	static,ignoring_inline_asm
../Core/ControllingLib/src/../inc/./Eigen/src/Core/CwiseBinaryOp.h:162:1:Derived& Eigen::MatrixBase<Derived>::operator-=(const Eigen::MatrixBase<OtherDerived>&) [with OtherDerived = Eigen::CwiseBinaryOp<Eigen::internal::scalar_product_op<double, double>, const Eigen::CwiseNullaryOp<Eigen::internal::scalar_constant_op<double>, const Eigen::Matrix<double, -1, 1> >, const Eigen::Map<Eigen::Matrix<double, -1, 1>, 0, Eigen::Stride<0, 0> > >; Derived = Eigen::Block<Eigen::Block<Eigen::Matrix<double, -1, -1>, -1, -1, false>, -1, 1, true>]	40	static
../Core/ControllingLib/src/../inc/./Eigen/src/Core/util/Memory.h:114:31:void Eigen::internal::handmade_aligned_free(void*)	0	static
../Core/ControllingLib/src/../inc/./Eigen/src/Core/util/Memory.h:174:32:void* Eigen::internal::aligned_malloc(std::size_t)	8	static
/opt/st/stm32cubeide_1.11.2/plugins/com.st.stm32cube.ide.mcu.externaltools.gnu-tools-for-stm32.10.3-2021.10.linux64_1.0.100.202210260954/tools/arm-none-eabi/include/c++/10.3.1/bits/basic_string.h:533:7:std::__cxx11::basic_string<_CharT, _Traits, _Alloc>::basic_string(const _CharT*, const _Alloc&) [with <template-parameter-2-1> = std::allocator<char>; _CharT = char; _Traits = std::char_traits<char>; _Alloc = std::allocator<char>]	24	static
../Core/ControllingLib/src/transfer_fcn.cpp:127:13:std::string convert_to_uper(int, std::string)	24	static
../Core/ControllingLib/src/../inc/./Eigen/src/Core/DenseStorage.h:621:23:Eigen::DenseStorage<T, -1, -1, _Cols, _Options>::~DenseStorage() [with T = double; int _Cols = 1; int _Options = 0]	8	static
/opt/st/stm32cubeide_1.11.2/plugins/com.st.stm32cube.ide.mcu.externaltools.gnu-tools-for-stm32.10.3-2021.10.linux64_1.0.100.202210260954/tools/arm-none-eabi/include/c++/10.3.1/bits/unique_ptr.h:165:24:std::__uniq_ptr_impl<_Tp, _Dp>& std::__uniq_ptr_impl<_Tp, _Dp>::operator=(std::__uniq_ptr_impl<_Tp, _Dp>&&) [with _Tp = DT::CircleBuffer; _Dp = std::default_delete<DT::CircleBuffer>]	8	static
../Core/ControllingLib/src/../inc/./Eigen/src/Core/DenseCoeffsBase.h:406:5:Eigen::DenseCoeffsBase<Derived, 1>::Scalar& Eigen::DenseCoeffsBase<Derived, 1>::operator[](Eigen::Index) [with Derived = Eigen::Matrix<double, -1, 1>]	8	static
../Core/ControllingLib/src/../inc/circle_buffer.h:21:14:void DT::CircleBuffer::add(double)	16	static
../Core/ControllingLib/src/transfer_fcn.cpp:34:12:double DT::TransferFunction::step(double)	56	static
/opt/st/stm32cubeide_1.11.2/plugins/com.st.stm32cube.ide.mcu.externaltools.gnu-tools-for-stm32.10.3-2021.10.linux64_1.0.100.202210260954/tools/arm-none-eabi/include/c++/10.3.1/bits/unique_ptr.h:355:7:std::unique_ptr<_Tp, _Dp>::~unique_ptr() [with _Tp = DT::CircleBuffer; _Dp = std::default_delete<DT::CircleBuffer>]	16	static
../Core/ControllingLib/src/transfer_fcn.cpp:30:5:DT::TransferFunction::~TransferFunction()	8	static
/opt/st/stm32cubeide_1.11.2/plugins/com.st.stm32cube.ide.mcu.externaltools.gnu-tools-for-stm32.10.3-2021.10.linux64_1.0.100.202210260954/tools/arm-none-eabi/include/c++/10.3.1/bits/stl_vector.h:553:7:std::vector<_Tp, _Alloc>::vector(const std::vector<_Tp, _Alloc>&) [with _Tp = double; _Alloc = std::allocator<double>]	16	static
../Core/ControllingLib/src/../inc/./Eigen/src/Core/DenseStorage.h:465:23:Eigen::DenseStorage<T, -1, -1, -1, _Options>::~DenseStorage() [with T = double; int _Options = 0]	8	static
../Core/ControllingLib/src/../inc/./Eigen/src/Core/DenseCoeffsBase.h:364:5:Eigen::DenseCoeffsBase<Derived, 1>::Scalar& Eigen::DenseCoeffsBase<Derived, 1>::operator()(Eigen::Index, Eigen::Index) [with Derived = Eigen::Matrix<double, -1, -1>]	8	static
../Core/ControllingLib/src/../inc/./Eigen/src/Core/DenseCoeffsBase.h:425:5:Eigen::DenseCoeffsBase<Derived, 1>::Scalar& Eigen::DenseCoeffsBase<Derived, 1>::operator()(Eigen::Index) [with Derived = Eigen::Matrix<std::complex<double>, -1, 1>]	8	static
../Core/ControllingLib/src/../inc/./Eigen/src/Core/Redux.h:459:1:typename Eigen::internal::traits<T>::Scalar Eigen::DenseBase<Derived>::sum() const [with Derived = Eigen::Matrix<double, -1, 1>]	16	static
/opt/st/stm32cubeide_1.11.2/plugins/com.st.stm32cube.ide.mcu.externaltools.gnu-tools-for-stm32.10.3-2021.10.linux64_1.0.100.202210260954/tools/arm-none-eabi/include/c++/10.3.1/bits/stl_vector.h:333:7:std::_Vector_base<_Tp, _Alloc>::~_Vector_base() [with _Tp = double; _Alloc = std::allocator<double>]	8	static
../Core/ControllingLib/src/../inc/./Eigen/src/Core/DenseCoeffsBase.h:406:5:Eigen::DenseCoeffsBase<Derived, 1>::Scalar& Eigen::DenseCoeffsBase<Derived, 1>::operator[](Eigen::Index) [with Derived = Eigen::Matrix<std::complex<double>, -1, 1>]	8	static
../Core/ControllingLib/src/../inc/./Eigen/src/Core/DenseCoeffsBase.h:159:5:Eigen::DenseCoeffsBase<Derived, 0>::CoeffReturnType Eigen::DenseCoeffsBase<Derived, 0>::operator[](Eigen::Index) const [with Derived = Eigen::Matrix<std::complex<double>, -1, 1>]	8	static
/opt/st/stm32cubeide_1.11.2/plugins/com.st.stm32cube.ide.mcu.externaltools.gnu-tools-for-stm32.10.3-2021.10.linux64_1.0.100.202210260954/tools/arm-none-eabi/include/c++/10.3.1/complex:456:5:std::complex<_Tp> std::operator-(const std::complex<_Tp>&) [with _Tp = double]	12	static
/opt/st/stm32cubeide_1.11.2/plugins/com.st.stm32cube.ide.mcu.externaltools.gnu-tools-for-stm32.10.3-2021.10.linux64_1.0.100.202210260954/tools/arm-none-eabi/include/c++/10.3.1/complex:391:5:std::complex<_Tp> std::operator*(const std::complex<_Tp>&, const std::complex<_Tp>&) [with _Tp = double]	8	static
../Core/ControllingLib/src/../inc/./Eigen/src/Core/util/XprHelper.h:133:52:Eigen::internal::variable_if_dynamic<T, Value>::variable_if_dynamic(T) [with T = int; int Value = 1]	8	static
../Core/ControllingLib/src/../inc/./Eigen/src/Core/CwiseNullaryOp.h:68:5:Eigen::CwiseNullaryOp<NullaryOp, MatrixType>::CwiseNullaryOp(Eigen::Index, Eigen::Index, const NullaryOp&) [with NullaryOp = Eigen::internal::scalar_constant_op<double>; PlainObjectType = const Eigen::Matrix<double, -1, 1>]	24	static
../Core/ControllingLib/src/../inc/./Eigen/src/Core/CwiseNullaryOp.h:546:48:Derived& Eigen::DenseBase<Derived>::setZero() [with Derived = Eigen::Map<Eigen::Matrix<double, 1, -1>, 0, Eigen::Stride<0, 0> >]	32	static
../Core/ControllingLib/src/../inc/./Eigen/src/Core/MapBase.h:160:12:Eigen::MapBase<Derived, 0>::MapBase(Eigen::MapBase<Derived, 0>::PointerType, Eigen::Index) [with Derived = Eigen::Map<Eigen::Matrix<double, -1, 1>, 0, Eigen::Stride<0, 0> >]	8	static
../Core/ControllingLib/src/../inc/./Eigen/src/Core/util/Memory.h:399:62:T* Eigen::internal::conditional_aligned_new_auto(std::size_t) [with T = double; bool Align = true]	8	static
../Core/ControllingLib/src/../inc/./Eigen/src/Core/DenseStorage.h:588:23:Eigen::DenseStorage<T, -1, -1, _Cols, _Options>::DenseStorage(const Eigen::DenseStorage<T, -1, -1, _Cols, _Options>&) [with T = double; int _Cols = 1; int _Options = 0]	16	static
../Core/ControllingLib/src/../inc/./Eigen/src/Core/PlainObjectBase.h:271:30:void Eigen::PlainObjectBase<Derived>::resize(Eigen::Index, Eigen::Index) [with Derived = Eigen::Matrix<double, -1, 1>]	16	static
../Core/ControllingLib/src/../inc/./Eigen/src/Core/AssignEvaluator.h:834:6:void Eigen::internal::call_assignment(Dst&, const Src&) [with Dst = Eigen::Matrix<double, -1, 1>; Src = Eigen::Matrix<double, -1, 1>]	16	static
../Core/ControllingLib/src/../inc/./Eigen/src/Core/AssignEvaluator.h:791:44:void Eigen::internal::call_dense_assignment_loop(DstXprType&, const Eigen::CwiseNullaryOp<Eigen::internal::scalar_constant_op<typename DstXprType::Scalar>, DstXprType>&, const Eigen::internal::assign_op<typename DstXprType::Scalar, typename DstXprType::Scalar>&) [with DstXprType = Eigen::Matrix<double, -1, 1>]	24	static
../Core/ControllingLib/src/../inc/./Eigen/src/Core/PlainObjectBase.h:589:25:Eigen::PlainObjectBase<Derived>::PlainObjectBase(const Eigen::DenseBase<OtherDerived>&) [with OtherDerived = Eigen::CwiseNullaryOp<Eigen::internal::scalar_constant_op<double>, Eigen::Matrix<double, -1, 1> >; Derived = Eigen::Matrix<double, -1, 1>]	16	static
/opt/st/stm32cubeide_1.11.2/plugins/com.st.stm32cube.ide.mcu.externaltools.gnu-tools-for-stm32.10.3-2021.10.linux64_1.0.100.202210260954/tools/arm-none-eabi/include/c++/10.3.1/bits/unique_ptr.h:961:5:) [with _Tp = DT::CircleBuffer; _Args = {const Eigen::CwiseNullaryOp<Eigen::internal::scalar_constant_op<double>, Eigen::Matrix<double, -1, 1, 0, -1, 1> >}]	24	static
../Core/ControllingLib/src/../inc/./Eigen/src/Core/CwiseNullaryOp.h:68:5:Eigen::CwiseNullaryOp<NullaryOp, MatrixType>::CwiseNullaryOp(Eigen::Index, Eigen::Index, const NullaryOp&) [with NullaryOp = Eigen::internal::scalar_constant_op<double>; PlainObjectType = Eigen::Matrix<double, -1, 1>]	24	static
../Core/ControllingLib/src/../inc/./Eigen/src/Core/CwiseNullaryOp.h:546:48:Derived& Eigen::DenseBase<Derived>::setZero() [with Derived = Eigen::Map<Eigen::Matrix<double, -1, 1>, 0, Eigen::Stride<0, 0> >]	40	static
../Core/ControllingLib/src/../inc/./Eigen/src/Core/CwiseNullaryOp.h:546:48:Derived& Eigen::DenseBase<Derived>::setZero() [with Derived = Eigen::Block<Eigen::Block<Eigen::Matrix<double, -1, -1>, -1, 1, true>, -1, 1, false>]	40	static
../Core/ControllingLib/src/../inc/./Eigen/src/Core/CwiseNullaryOp.h:497:1:static const ConstantReturnType Eigen::DenseBase<Derived>::Zero(Eigen::Index) [with Derived = Eigen::Matrix<double, -1, 1>]	16	static
../Core/ControllingLib/src/transfer_fcn.cpp:97:10:void DT::TransferFunction::set_numerator(Eigen::VectorXd)	32	static
../Core/ControllingLib/src/transfer_fcn.cpp:111:10:void DT::TransferFunction::set_denominator(Eigen::VectorXd)	32	static
../Core/ControllingLib/src/transfer_fcn.cpp:18:5:DT::TransferFunction::TransferFunction(Eigen::VectorXd, Eigen::VectorXd)	24	static
../Core/ControllingLib/src/transfer_fcn.cpp:12:5:DT::TransferFunction::TransferFunction()	40	static
../Core/ControllingLib/src/../inc/./Eigen/src/Core/CwiseNullaryOp.h:68:5:Eigen::CwiseNullaryOp<NullaryOp, MatrixType>::CwiseNullaryOp(Eigen::Index, Eigen::Index, const NullaryOp&) [with NullaryOp = Eigen::internal::scalar_constant_op<double>; PlainObjectType = Eigen::Matrix<double, -1, -1>]	16	static
../Core/ControllingLib/src/../inc/./Eigen/src/Core/PlainObjectBase.h:271:30:void Eigen::PlainObjectBase<Derived>::resize(Eigen::Index, Eigen::Index) [with Derived = Eigen::Matrix<double, -1, -1>]	24	static
../Core/ControllingLib/src/../inc/./Eigen/src/Core/Matrix.h:337:5:Eigen::Matrix<_Scalar, _Rows, _Cols, _Options, _MaxRows, _MaxCols>::Matrix(const T0&, const T1&) [with T0 = int; T1 = int; _Scalar = double; int _Rows = -1; int _Cols = -1; int _Options = 0; int _MaxRows = -1; int _MaxCols = -1]	8	static
../Core/ControllingLib/src/../inc/./Eigen/src/Core/AssignEvaluator.h:791:44:void Eigen::internal::call_dense_assignment_loop(DstXprType&, const Eigen::CwiseNullaryOp<Eigen::internal::scalar_constant_op<typename DstXprType::Scalar>, DstXprType>&, const Eigen::internal::assign_op<typename DstXprType::Scalar, typename DstXprType::Scalar>&) [with DstXprType = Eigen::Matrix<double, -1, -1>]	32	static
../Core/ControllingLib/src/../inc/./Eigen/src/Core/CwiseNullaryOp.h:546:48:Derived& Eigen::DenseBase<Derived>::setZero() [with Derived = Eigen::Matrix<double, -1, -1>]	32	static
../Core/ControllingLib/src/../inc/./Eigen/src/Core/PlainObjectBase.h:301:17:void Eigen::PlainObjectBase<Derived>::resize(Eigen::Index) [with Derived = Eigen::Matrix<double, -1, 1>]	16	static
../Core/ControllingLib/src/../inc/./Eigen/src/Core/MathFunctions.h:1852:24:bool Eigen::internal::isfinite_impl(const std::complex<_Tp>&) [with T = double]	16	static
/opt/st/stm32cubeide_1.11.2/plugins/com.st.stm32cube.ide.mcu.externaltools.gnu-tools-for-stm32.10.3-2021.10.linux64_1.0.100.202210260954/tools/arm-none-eabi/include/c++/10.3.1/complex:421:5:std::complex<_Tp> std::operator/(const std::complex<_Tp>&, const std::complex<_Tp>&) [with _Tp = double]	8	static
../Core/ControllingLib/src/../inc/./Eigen/src/Core/util/Memory.h:399:62:T* Eigen::internal::conditional_aligned_new_auto(std::size_t) [with T = std::complex<double>; bool Align = true]	8	static
../Core/ControllingLib/src/../inc/./Eigen/src/Core/PlainObjectBase.h:301:17:void Eigen::PlainObjectBase<Derived>::resize(Eigen::Index) [with Derived = Eigen::Matrix<std::complex<double>, -1, 1>]	16	static
../Core/ControllingLib/src/../inc/./Eigen/src/Core/CwiseNullaryOp.h:68:5:Eigen::CwiseNullaryOp<NullaryOp, MatrixType>::CwiseNullaryOp(Eigen::Index, Eigen::Index, const NullaryOp&) [with NullaryOp = Eigen::internal::scalar_constant_op<std::complex<double> >; PlainObjectType = Eigen::Matrix<std::complex<double>, -1, 1>]	24	static
../Core/ControllingLib/src/../inc/./Eigen/src/Core/PlainObjectBase.h:271:30:void Eigen::PlainObjectBase<Derived>::resize(Eigen::Index, Eigen::Index) [with Derived = Eigen::Matrix<std::complex<double>, -1, 1>]	16	static
../Core/ControllingLib/src/../inc/./Eigen/src/Core/AssignEvaluator.h:791:44:void Eigen::internal::call_dense_assignment_loop(DstXprType&, const Eigen::CwiseNullaryOp<Eigen::internal::scalar_constant_op<typename DstXprType::Scalar>, DstXprType>&, const Eigen::internal::assign_op<typename DstXprType::Scalar, typename DstXprType::Scalar>&) [with DstXprType = Eigen::Matrix<std::complex<double>, -1, 1>]	24	static
../Core/ControllingLib/src/../inc/Eigen/unsupported/src/Polynomials/PolynomialUtils.h:129:6:void Eigen::roots_to_monicPolynomial(const RootVector&, Polynomial&) [with RootVector = Eigen::Matrix<std::complex<double>, -1, 1>; Polynomial = Eigen::Matrix<std::complex<double>, -1, 1>]	104	static
../Core/ControllingLib/src/../inc/./Eigen/src/Householder/HouseholderSequence.h:229:31:const EssentialVectorType Eigen::HouseholderSequence<VectorsType, CoeffsType, Side>::essentialVector(Eigen::Index) const [with VectorsType = Eigen::Matrix<double, -1, -1>; CoeffsType = Eigen::Matrix<double, -1, 1>; int Side = 1]	24	static
../Core/ControllingLib/src/../inc/./Eigen/src/Core/Block.h:118:5:Eigen::Block<XprType, BlockRows, BlockCols, InnerPanel>::Block(XprType&, Eigen::Index) [with XprType = Eigen::Matrix<double, -1, -1>; int BlockRows = 1; int BlockCols = -1; bool InnerPanel = false]	8	static
../Core/ControllingLib/src/../inc/./Eigen/src/Core/VectorBlock.h:75:5:Eigen::VectorBlock<MatrixType, Size>::VectorBlock(VectorType&, Eigen::Index, Eigen::Index) [with VectorType = Eigen::Block<Eigen::Matrix<double, -1, -1>, 1, -1, false>; int Size = -1]	24	static
../Core/ControllingLib/src/../inc/./Eigen/src/Core/Block.h:118:5:Eigen::Block<XprType, BlockRows, BlockCols, InnerPanel>::Block(XprType&, Eigen::Index) [with XprType = Eigen::Matrix<double, -1, -1>; int BlockRows = -1; int BlockCols = 1; bool InnerPanel = true]	16	static
../Core/ControllingLib/src/../inc/./Eigen/src/Core/VectorBlock.h:75:5:Eigen::VectorBlock<MatrixType, Size>::VectorBlock(VectorType&, Eigen::Index, Eigen::Index) [with VectorType = Eigen::Block<Eigen::Matrix<double, -1, -1>, -1, 1, true>; int Size = -1]	24	static
../Core/ControllingLib/src/../inc/./Eigen/src/Eigenvalues/RealSchur.h:362:36:typename MatrixType::Scalar Eigen::RealSchur<_MatrixType>::computeNormOfT() [with _MatrixType = Eigen::Matrix<double, -1, -1>]	136	static
../Core/ControllingLib/src/../inc/./Eigen/src/Core/Block.h:139:5:Eigen::Block<XprType, BlockRows, BlockCols, InnerPanel>::Block(XprType&, Eigen::Index, Eigen::Index, Eigen::Index, Eigen::Index) [with XprType = Eigen::Matrix<double, -1, -1>; int BlockRows = -1; int BlockCols = -1; bool InnerPanel = false]	24	static
../Core/ControllingLib/src/../inc/./Eigen/src/Core/../plugins/BlockMethods.h:355:1:typename Eigen::DenseBase<Derived>::FixedBlockXpr<Eigen::internal::get_fixed_value<NRowsType>::value, Eigen::internal::get_fixed_value<NColsType>::value>::Type Eigen::DenseBase<Derived>::bottomRightCorner(NRowsType, NColsType) [with NRowsType = int; NColsType = int; Derived = Eigen::Matrix<double, -1, -1>]	24	static
../Core/ControllingLib/src/../inc/./Eigen/src/Core/Block.h:139:5:Eigen::Block<XprType, BlockRows, BlockCols, InnerPanel>::Block(XprType&, Eigen::Index, Eigen::Index, Eigen::Index, Eigen::Index) [with XprType = Eigen::Matrix<double, -1, -1>; int BlockRows = -1; int BlockCols = -1; bool InnerPanel = true]	24	static
../Core/ControllingLib/src/../inc/./Eigen/src/Core/PlainObjectBase.h:301:17:void Eigen::PlainObjectBase<Derived>::resize(Eigen::Index) [with Derived = Eigen::Matrix<double, 1, -1>]	16	static
../Core/ControllingLib/src/../inc/./Eigen/src/Core/Block.h:139:5:Eigen::Block<XprType, BlockRows, BlockCols, InnerPanel>::Block(XprType&, Eigen::Index, Eigen::Index, Eigen::Index, Eigen::Index) [with XprType = Eigen::Block<Eigen::Matrix<double, -1, -1>, -1, -1, false>; int BlockRows = -1; int BlockCols = -1; bool InnerPanel = false]	32	static
../Core/ControllingLib/src/../inc/./Eigen/src/Core/../plugins/CommonCwiseBinaryOps.h:50:1:const Eigen::CwiseBinaryOp<Eigen::internal::scalar_product_op<typename Eigen::internal::promote_scalar_arg<typename Eigen::internal::traits<T>::Scalar, T, Eigen::internal::has_ReturnType<Eigen::ScalarBinaryOpTraits<T, typename Eigen::internal::traits<T>::Scalar, Eigen::internal::scalar_product_op<T, typename Eigen::internal::traits<T>::Scalar> > >::value>::type, typename Eigen::internal::traits<T>::Scalar>, const typename Eigen::internal::plain_constant_type<Derived, typename Eigen::internal::promote_scalar_arg<typename Eigen::internal::traits<T>::Scalar, T, Eigen::internal::has_ReturnType<Eigen::ScalarBinaryOpTraits<T, typename Eigen::internal::traits<T>::Scalar, Eigen::internal::scalar_product_op<T, typename Eigen::internal::traits<T>::Scalar> > >::value>::type>::type, const Derived> Eigen::operator*(const T&, const StorageBaseType&) [with T = double; Derived = Eigen::Map<Eigen::Matrix<double, -1, 1>, 0, Eigen::Stride<0, 0> >]	56	static
../Core/ControllingLib/src/../inc/./Eigen/src/Eigenvalues/./HessenbergDecomposition.h:214:23:const MatrixType& Eigen::HessenbergDecomposition<_MatrixType>::packedMatrix() const [with _MatrixType = Eigen::Matrix<double, -1, -1>]	8	static
../Core/ControllingLib/src/../inc/./Eigen/src/Householder/Householder.h:67:6:void Eigen::MatrixBase<Derived>::makeHouseholder(EssentialPart&, Eigen::MatrixBase<Derived>::Scalar&, Eigen::MatrixBase<Derived>::RealScalar&) const [with EssentialPart = Eigen::Matrix<double, 1, 1, 0, 1, 1>; Derived = Eigen::Matrix<double, 2, 1>]	48	static
../Core/ControllingLib/src/../inc/./Eigen/src/Core/Block.h:118:5:Eigen::Block<XprType, BlockRows, BlockCols, InnerPanel>::Block(XprType&, Eigen::Index) [with XprType = Eigen::Block<Eigen::Matrix<double, -1, -1>, -1, -1, false>; int BlockRows = -1; int BlockCols = 1; bool InnerPanel = true]	24	static
../Core/ControllingLib/src/../inc/./Eigen/src/Core/CwiseBinaryOp.h:77:7:Eigen::CwiseBinaryOp<Eigen::internal::scalar_product_op<double, double>, const Eigen::CwiseNullaryOp<Eigen::internal::scalar_constant_op<double>, const Eigen::Matrix<double, -1, 1> >, const Eigen::Map<Eigen::Matrix<double, -1, 1>, 0, Eigen::Stride<0, 0> > >::CwiseBinaryOp(const Eigen::CwiseBinaryOp<Eigen::internal::scalar_product_op<double, double>, const Eigen::CwiseNullaryOp<Eigen::internal::scalar_constant_op<double>, const Eigen::Matrix<double, -1, 1> >, const Eigen::Map<Eigen::Matrix<double, -1, 1>, 0, Eigen::Stride<0, 0> > >&)	32	static
../Core/ControllingLib/src/../inc/./Eigen/src/Core/CwiseNullaryOp.h:68:5:Eigen::CwiseNullaryOp<NullaryOp, MatrixType>::CwiseNullaryOp(Eigen::Index, Eigen::Index, const NullaryOp&) [with NullaryOp = Eigen::internal::scalar_constant_op<double>; PlainObjectType = const Eigen::Matrix<double, 1, -1>]	24	static
../Core/ControllingLib/src/../inc/./Eigen/src/Core/Map.h:162:5:Eigen::Map<MatrixType, MapOptions, StrideType>::Map(const Eigen::Map<MatrixType, MapOptions, StrideType>&) [with PlainObjectType = Eigen::Matrix<double, 1, -1>; int MapOptions = 0; StrideType = Eigen::Stride<0, 0>]	0	static
../Core/ControllingLib/src/../inc/./Eigen/src/Core/../plugins/CommonCwiseBinaryOps.h:50:1:const Eigen::CwiseBinaryOp<Eigen::internal::scalar_product_op<typename Eigen::internal::promote_scalar_arg<typename Eigen::internal::traits<T>::Scalar, T, Eigen::internal::has_ReturnType<Eigen::ScalarBinaryOpTraits<T, typename Eigen::internal::traits<T>::Scalar, Eigen::internal::scalar_product_op<T, typename Eigen::internal::traits<T>::Scalar> > >::value>::type, typename Eigen::internal::traits<T>::Scalar>, const typename Eigen::internal::plain_constant_type<Derived, typename Eigen::internal::promote_scalar_arg<typename Eigen::internal::traits<T>::Scalar, T, Eigen::internal::has_ReturnType<Eigen::ScalarBinaryOpTraits<T, typename Eigen::internal::traits<T>::Scalar, Eigen::internal::scalar_product_op<T, typename Eigen::internal::traits<T>::Scalar> > >::value>::type>::type, const Derived> Eigen::operator*(const T&, const StorageBaseType&) [with T = double; Derived = Eigen::Map<Eigen::Matrix<double, 1, -1>, 0, Eigen::Stride<0, 0> >]	40	static
../Core/ControllingLib/src/../inc/./Eigen/src/Core/AssignEvaluator.h:769:44:void Eigen::internal::call_dense_assignment_loop(DstXprType&, const SrcXprType&, const Functor&) [with DstXprType = Eigen::Matrix<double, -1, 1>; SrcXprType = Eigen::Map<Eigen::Matrix<double, -1, 1>, 0, Eigen::Stride<0, 0> >; Functor = Eigen::internal::assign_op<double, double>]	16	static
../Core/ControllingLib/src/transfer_fcn.cpp:104:10:void DT::TransferFunction::set_numerator(std::vector<double>)	32	static
../Core/ControllingLib/src/transfer_fcn.cpp:118:10:void DT::TransferFunction::set_denominator(std::vector<double>)	32	static
../Core/ControllingLib/src/transfer_fcn.cpp:24:5:DT::TransferFunction::TransferFunction(std::vector<double>, std::vector<double>)	32	static
../Core/ControllingLib/src/../inc/./Eigen/src/Core/Block.h:118:5:Eigen::Block<XprType, BlockRows, BlockCols, InnerPanel>::Block(XprType&, Eigen::Index) [with XprType = Eigen::Block<Eigen::Matrix<double, -1, -1>, -1, -1, true>; int BlockRows = -1; int BlockCols = 1; bool InnerPanel = true]	24	static
../Core/ControllingLib/src/../inc/./Eigen/src/Core/MapBase.h:160:12:Eigen::MapBase<Derived, 0>::MapBase(Eigen::MapBase<Derived, 0>::PointerType, Eigen::Index) [with Derived = Eigen::Map<Eigen::Matrix<double, 1, -1>, 0, Eigen::Stride<0, 0> >]	8	static
../Core/ControllingLib/src/../inc/./Eigen/src/Core/DenseCoeffsBase.h:179:5:Eigen::DenseCoeffsBase<Derived, 0>::CoeffReturnType Eigen::DenseCoeffsBase<Derived, 0>::operator()(Eigen::Index) const [with Derived = Eigen::Block<const Eigen::Matrix<double, -1, 1>, -1, 1, false>]	8	static
../Core/ControllingLib/src/../inc/./Eigen/src/Core/../plugins/CommonCwiseBinaryOps.h:50:1:const Eigen::CwiseBinaryOp<Eigen::internal::scalar_product_op<typename Eigen::internal::promote_scalar_arg<typename Eigen::internal::traits<T>::Scalar, T, Eigen::internal::has_ReturnType<Eigen::ScalarBinaryOpTraits<T, typename Eigen::internal::traits<T>::Scalar, Eigen::internal::scalar_product_op<T, typename Eigen::internal::traits<T>::Scalar> > >::value>::type, typename Eigen::internal::traits<T>::Scalar>, const typename Eigen::internal::plain_constant_type<Derived, typename Eigen::internal::promote_scalar_arg<typename Eigen::internal::traits<T>::Scalar, T, Eigen::internal::has_ReturnType<Eigen::ScalarBinaryOpTraits<T, typename Eigen::internal::traits<T>::Scalar, Eigen::internal::scalar_product_op<T, typename Eigen::internal::traits<T>::Scalar> > >::value>::type>::type, const Derived> Eigen::operator*(const T&, const StorageBaseType&) [with T = double; Derived = Eigen::Transpose<const Eigen::Block<const Eigen::Block<const Eigen::Block<Eigen::Matrix<double, -1, -1>, -1, -1, false>, -1, 1, true>, -1, 1, false> >]	40	static
../Core/ControllingLib/src/../inc/./Eigen/src/Core/../plugins/BlockMethods.h:370:1:const typename Eigen::DenseBase<Derived>::ConstFixedBlockXpr<Eigen::internal::get_fixed_value<NRowsType>::value, Eigen::internal::get_fixed_value<NColsType>::value>::Type Eigen::DenseBase<Derived>::bottomRightCorner(NRowsType, NColsType) const [with NRowsType = int; NColsType = int; Derived = Eigen::Block<Eigen::Matrix<double, -1, -1>, -1, -1, false>]	32	static
../Core/ControllingLib/src/../inc/./Eigen/src/Core/DenseCoeffsBase.h:364:5:Eigen::DenseCoeffsBase<Derived, 1>::Scalar& Eigen::DenseCoeffsBase<Derived, 1>::operator()(Eigen::Index, Eigen::Index) [with Derived = Eigen::Matrix<double, -1, -1, 1, -1, -1>]	8	static
../Core/ControllingLib/src/../inc/./Eigen/src/Core/../plugins/CommonCwiseBinaryOps.h:50:1:const Eigen::CwiseBinaryOp<Eigen::internal::scalar_product_op<typename Eigen::internal::promote_scalar_arg<typename Eigen::internal::traits<T>::Scalar, T, Eigen::internal::has_ReturnType<Eigen::ScalarBinaryOpTraits<T, typename Eigen::internal::traits<T>::Scalar, Eigen::internal::scalar_product_op<T, typename Eigen::internal::traits<T>::Scalar> > >::value>::type, typename Eigen::internal::traits<T>::Scalar>, const typename Eigen::internal::plain_constant_type<Derived, typename Eigen::internal::promote_scalar_arg<typename Eigen::internal::traits<T>::Scalar, T, Eigen::internal::has_ReturnType<Eigen::ScalarBinaryOpTraits<T, typename Eigen::internal::traits<T>::Scalar, Eigen::internal::scalar_product_op<T, typename Eigen::internal::traits<T>::Scalar> > >::value>::type>::type, const Derived> Eigen::operator*(const T&, const StorageBaseType&) [with T = double; Derived = Eigen::Block<Eigen::Block<Eigen::Matrix<double, -1, -1, 1, -1, -1>, 1, -1, true>, 1, -1, false>]	48	static
../Core/ControllingLib/src/../inc/./Eigen/src/Core/Block.h:118:5:Eigen::Block<XprType, BlockRows, BlockCols, InnerPanel>::Block(XprType&, Eigen::Index) [with XprType = Eigen::Block<Eigen::Matrix<double, -1, -1>, -1, -1, true>; int BlockRows = 1; int BlockCols = -1; bool InnerPanel = false]	24	static
../Core/ControllingLib/src/../inc/./Eigen/src/Jacobi/Jacobi.h:325:15:static void Eigen::internal::apply_rotation_in_the_plane_selector<Scalar, OtherScalar, SizeAtCompileTime, MinAlignment, Vectorizable>::run(Scalar*, Eigen::Index, Scalar*, Eigen::Index, Eigen::Index, OtherScalar, OtherScalar) [with Scalar = double; OtherScalar = double; int SizeAtCompileTime = -1; int MinAlignment = 0; bool Vectorizable = false]	80	static
../Core/ControllingLib/src/../inc/./Eigen/src/Jacobi/Jacobi.h:311:13:void Eigen::MatrixBase<Derived>::applyOnTheRight(Eigen::Index, Eigen::Index, const Eigen::JacobiRotation<OtherScalar>&) [with OtherScalar = double; Derived = Eigen::Matrix<double, -1, -1>]	96	static
../Core/ControllingLib/src/../inc/./Eigen/src/Jacobi/Jacobi.h:311:13:void Eigen::MatrixBase<Derived>::applyOnTheRight(Eigen::Index, Eigen::Index, const Eigen::JacobiRotation<OtherScalar>&) [with OtherScalar = double; Derived = Eigen::Block<Eigen::Matrix<double, -1, -1>, -1, -1, false>]	144	static
../Core/ControllingLib/src/../inc/./Eigen/src/Eigenvalues/RealSchur.h:395:13:void Eigen::RealSchur<_MatrixType>::splitOffTwoRows(Eigen::RealSchur<_MatrixType>::Index, bool, const Scalar&) [with _MatrixType = Eigen::Matrix<double, -1, -1>]	232	static
../Core/ControllingLib/src/../inc/./Eigen/src/Core/AssignEvaluator.h:769:44:void Eigen::internal::call_dense_assignment_loop(DstXprType&, const SrcXprType&, const Functor&) [with DstXprType = Eigen::Block<Eigen::Matrix<double, -1, -1>, -1, -1, false>; SrcXprType = Eigen::CwiseNullaryOp<Eigen::internal::scalar_constant_op<double>, Eigen::Matrix<double, -1, -1> >; Functor = Eigen::internal::div_assign_op<double, double>]	48	static
../Core/ControllingLib/src/../inc/./Eigen/src/Core/Block.h:118:5:Eigen::Block<XprType, BlockRows, BlockCols, InnerPanel>::Block(XprType&, Eigen::Index) [with XprType = Eigen::Matrix<double, -1, -1, 1, -1, -1>; int BlockRows = 1; int BlockCols = -1; bool InnerPanel = true]	16	static
../Core/ControllingLib/src/../inc/./Eigen/src/Core/VectorBlock.h:75:5:Eigen::VectorBlock<MatrixType, Size>::VectorBlock(VectorType&, Eigen::Index, Eigen::Index) [with VectorType = Eigen::Block<Eigen::Matrix<double, -1, -1, 1, -1, -1>, 1, -1, true>; int Size = -1]	24	static
../Core/ControllingLib/src/../inc/./Eigen/src/Core/Block.h:118:5:Eigen::Block<XprType, BlockRows, BlockCols, InnerPanel>::Block(XprType&, Eigen::Index) [with XprType = const Eigen::Block<Eigen::Matrix<double, -1, -1>, -1, -1, false>; int BlockRows = -1; int BlockCols = 1; bool InnerPanel = true]	24	static
../Core/ControllingLib/src/../inc/./Eigen/src/Core/VectorBlock.h:75:5:Eigen::VectorBlock<MatrixType, Size>::VectorBlock(VectorType&, Eigen::Index, Eigen::Index) [with VectorType = const Eigen::Block<const Eigen::Block<Eigen::Matrix<double, -1, -1>, -1, -1, false>, -1, 1, true>; int Size = -1]	24	static
../Core/ControllingLib/src/../inc/./Eigen/src/Core/Product.h:94:5:Eigen::Product<Lhs, Rhs, Option>::Product(const Lhs&, const Rhs&) [with _Lhs = Eigen::CwiseBinaryOp<Eigen::internal::scalar_product_op<double, double>, const Eigen::CwiseNullaryOp<Eigen::internal::scalar_constant_op<double>, const Eigen::Matrix<double, 1, -1> >, const Eigen::Transpose<const Eigen::Block<const Eigen::Block<const Eigen::Block<Eigen::Matrix<double, -1, -1>, -1, -1, false>, -1, 1, true>, -1, 1, false> > >; _Rhs = Eigen::TriangularView<const Eigen::Block<const Eigen::Block<Eigen::Matrix<double, -1, -1>, -1, -1, false>, -1, -1, false>, 5>; int Option = 0]	24	static
../Core/ControllingLib/src/../inc/./Eigen/src/Core/AssignEvaluator.h:769:44:void Eigen::internal::call_dense_assignment_loop(DstXprType&, const SrcXprType&, const Functor&) [with DstXprType = Eigen::Matrix<double, -1, -1>; SrcXprType = Eigen::Matrix<double, -1, -1>; Functor = Eigen::internal::assign_op<double, double>]	24	static
../Core/ControllingLib/src/../inc/./Eigen/src/Core/AssignEvaluator.h:769:44:void Eigen::internal::call_dense_assignment_loop(DstXprType&, const SrcXprType&, const Functor&) [with DstXprType = Eigen::Block<Eigen::Matrix<double, -1, -1>, -1, -1, false>; SrcXprType = Eigen::CwiseNullaryOp<Eigen::internal::scalar_constant_op<double>, Eigen::Matrix<double, -1, -1> >; Functor = Eigen::internal::mul_assign_op<double, double>]	48	static
../Core/ControllingLib/src/../inc/./Eigen/src/Core/SelfCwiseBinaryOp.h:18:48:Derived& Eigen::DenseBase<Derived>::operator*=(const Scalar&) [with Derived = Eigen::Block<Eigen::Matrix<double, -1, -1>, -1, -1, false>]	32	static
../Core/ControllingLib/src/../inc/./Eigen/src/Core/CoreEvaluators.h:767:19:Eigen::internal::binary_evaluator<Eigen::CwiseBinaryOp<BinaryOp, Lhs, Rhs>, Eigen::internal::IndexBased, Eigen::internal::IndexBased>::CoeffReturnType Eigen::internal::binary_evaluator<Eigen::CwiseBinaryOp<BinaryOp, Lhs, Rhs>, Eigen::internal::IndexBased, Eigen::internal::IndexBased>::coeff(Eigen::Index, Eigen::Index) const [with BinaryOp = Eigen::internal::scalar_conj_product_op<double, double>; Lhs = const Eigen::Transpose<const Eigen::Block<Eigen::Block<Eigen::Matrix<double, -1, -1>, 1, -1, false>, 1, -1, false> >; Rhs = const Eigen::Block<Eigen::Block<Eigen::Matrix<double, -1, -1>, -1, 1, true>, -1, 1, false>]	8	static
../Core/ControllingLib/src/../inc/./Eigen/src/Core/Dot.h:72:1:typename Eigen::ScalarBinaryOpTraits<typename Eigen::internal::traits<T>::Scalar, typename Eigen::internal::traits<OtherDerived>::Scalar>::ReturnType Eigen::MatrixBase<Derived>::dot(const Eigen::MatrixBase<OtherDerived>&) const [with OtherDerived = Eigen::Block<Eigen::Block<Eigen::Matrix<double, -1, -1>, -1, 1, true>, -1, 1, false>; Derived = Eigen::Block<Eigen::Block<Eigen::Matrix<double, -1, -1>, 1, -1, false>, 1, -1, false>]	56	static
../Core/ControllingLib/src/../inc/./Eigen/src/Core/AssignEvaluator.h:769:44:void Eigen::internal::call_dense_assignment_loop(DstXprType&, const SrcXprType&, const Functor&) [with DstXprType = Eigen::Matrix<double, -1, -1>; SrcXprType = Eigen::CwiseBinaryOp<Eigen::internal::scalar_quotient_op<double, double>, const Eigen::Matrix<double, -1, -1>, const Eigen::CwiseNullaryOp<Eigen::internal::scalar_constant_op<double>, const Eigen::Matrix<double, -1, -1> > >; Functor = Eigen::internal::assign_op<double, double>]	32	static
../Core/ControllingLib/src/../inc/./Eigen/src/Core/TriangularMatrix.h:917:22:static void Eigen::internal::triangular_assignment_loop<Kernel, Mode, -1, SetOpposite>::run(Kernel&) [with Kernel = Eigen::internal::triangular_dense_assignment_kernel<2, 8, 0, Eigen::internal::evaluator<Eigen::TriangularView<Eigen::Matrix<double, -1, -1>, 10> >, Eigen::internal::evaluator<Eigen::CwiseNullaryOp<Eigen::internal::scalar_constant_op<double>, Eigen::Matrix<double, -1, -1> > >, Eigen::internal::assign_op<double, double>, 0>; unsigned int Mode = 10; bool SetOpposite = false]	28	static
../Core/ControllingLib/src/../inc/./Eigen/src/Core/../plugins/CommonCwiseBinaryOps.h:50:1:const Eigen::CwiseBinaryOp<Eigen::internal::scalar_product_op<typename Eigen::internal::promote_scalar_arg<typename Eigen::internal::traits<T>::Scalar, T, Eigen::internal::has_ReturnType<Eigen::ScalarBinaryOpTraits<T, typename Eigen::internal::traits<T>::Scalar, Eigen::internal::scalar_product_op<T, typename Eigen::internal::traits<T>::Scalar> > >::value>::type, typename Eigen::internal::traits<T>::Scalar>, const typename Eigen::internal::plain_constant_type<Derived, typename Eigen::internal::promote_scalar_arg<typename Eigen::internal::traits<T>::Scalar, T, Eigen::internal::has_ReturnType<Eigen::ScalarBinaryOpTraits<T, typename Eigen::internal::traits<T>::Scalar, Eigen::internal::scalar_product_op<T, typename Eigen::internal::traits<T>::Scalar> > >::value>::type>::type, const Derived> Eigen::operator*(const T&, const StorageBaseType&) [with T = double; Derived = Eigen::Map<Eigen::Matrix<double, -1, 1>, 16, Eigen::Stride<0, 0> >]	56	static
../Core/ControllingLib/src/../inc/./Eigen/src/Core/MapBase.h:173:12:Eigen::MapBase<Derived, 0>::MapBase(Eigen::MapBase<Derived, 0>::PointerType, Eigen::Index, Eigen::Index) [with Derived = Eigen::Block<Eigen::Block<Eigen::Matrix<double, -1, -1>, -1, -1, false>, 1, -1, false>]	24	static
../Core/ControllingLib/src/../inc/./Eigen/src/Core/Block.h:118:5:Eigen::Block<XprType, BlockRows, BlockCols, InnerPanel>::Block(XprType&, Eigen::Index) [with XprType = Eigen::Block<Eigen::Matrix<double, -1, -1>, -1, -1, false>; int BlockRows = 1; int BlockCols = -1; bool InnerPanel = false]	24	static
../Core/ControllingLib/src/../inc/./Eigen/src/Core/Block.h:118:5:Eigen::Block<XprType, BlockRows, BlockCols, InnerPanel>::Block(XprType&, Eigen::Index) [with XprType = const Eigen::Block<Eigen::Block<Eigen::Matrix<double, -1, -1>, -1, 1, true>, -1, 1, false>; int BlockRows = -1; int BlockCols = 1; bool InnerPanel = true]	24	static
../Core/ControllingLib/src/../inc/./Eigen/src/Core/util/Memory.h:623:5:Eigen::internal::aligned_stack_memory_handler<T>::~aligned_stack_memory_handler() [with T = double]	8	static
../Core/ControllingLib/src/../inc/./Eigen/src/Core/AssignEvaluator.h:769:44:void Eigen::internal::call_dense_assignment_loop(DstXprType&, const SrcXprType&, const Functor&) [with DstXprType = Eigen::Diagonal<Eigen::Matrix<double, -1, -1>, 0>; SrcXprType = Eigen::CwiseNullaryOp<Eigen::internal::scalar_constant_op<double>, Eigen::Matrix<double, -1, 1> >; Functor = Eigen::internal::assign_op<double, double>]	16	static
../Core/ControllingLib/src/../inc/./Eigen/src/Core/Block.h:118:5:Eigen::Block<XprType, BlockRows, BlockCols, InnerPanel>::Block(XprType&, Eigen::Index) [with XprType = Eigen::Block<Eigen::Block<Eigen::Matrix<double, -1, -1>, -1, -1, false>, -1, -1, false>; int BlockRows = -1; int BlockCols = 1; bool InnerPanel = true]	24	static
../Core/ControllingLib/src/../inc/./Eigen/src/Core/AssignEvaluator.h:769:44:void Eigen::internal::call_dense_assignment_loop(DstXprType&, const SrcXprType&, const Functor&) [with DstXprType = Eigen::Block<Eigen::Block<Eigen::Matrix<double, -1, -1, 1, -1, -1>, 1, -1, true>, 1, -1, false>; SrcXprType = Eigen::CwiseBinaryOp<Eigen::internal::scalar_product_op<double, double>, const Eigen::CwiseNullaryOp<Eigen::internal::scalar_constant_op<double>, const Eigen::Matrix<double, 1, -1> >, const Eigen::Block<Eigen::Block<Eigen::Matrix<double, -1, -1, 1, -1, -1>, 1, -1, true>, 1, -1, false> >; Functor = Eigen::internal::add_assign_op<double, double>]	40	static
../Core/ControllingLib/src/../inc/./Eigen/src/Core/AssignEvaluator.h:769:44:void Eigen::internal::call_dense_assignment_loop(DstXprType&, const SrcXprType&, const Functor&) [with DstXprType = Eigen::Matrix<double, -1, -1>; SrcXprType = Eigen::CwiseNullaryOp<Eigen::internal::scalar_identity_op<double>, Eigen::Matrix<double, -1, -1> >; Functor = Eigen::internal::assign_op<double, double>]	32	static
../Core/ControllingLib/src/../inc/./Eigen/src/Core/CwiseNullaryOp.h:889:48:Derived& Eigen::MatrixBase<Derived>::setIdentity(Eigen::Index, Eigen::Index) [with Derived = Eigen::Matrix<double, -1, -1>]	24	static
../Core/ControllingLib/src/../inc/./Eigen/src/Core/AssignEvaluator.h:769:44:void Eigen::internal::call_dense_assignment_loop(DstXprType&, const SrcXprType&, const Functor&) [with DstXprType = Eigen::Block<Eigen::Block<Eigen::Block<Eigen::Matrix<double, -1, -1>, -1, 1, true>, -1, 1, false>, -1, 1, false>; SrcXprType = Eigen::CwiseBinaryOp<Eigen::internal::scalar_quotient_op<double, double>, const Eigen::Block<const Eigen::Block<Eigen::Block<Eigen::Matrix<double, -1, -1>, -1, 1, true>, -1, 1, false>, -1, 1, false>, const Eigen::CwiseNullaryOp<Eigen::internal::scalar_constant_op<double>, const Eigen::Matrix<double, -1, 1> > >; Functor = Eigen::internal::assign_op<double, double>]	32	static
../Core/ControllingLib/src/../inc/./Eigen/src/Householder/Householder.h:67:6:void Eigen::MatrixBase<Derived>::makeHouseholder(EssentialPart&, Eigen::MatrixBase<Derived>::Scalar&, Eigen::MatrixBase<Derived>::RealScalar&) const [with EssentialPart = Eigen::VectorBlock<Eigen::Block<Eigen::Block<Eigen::Matrix<double, -1, -1>, -1, 1, true>, -1, 1, false>, -1>; Derived = Eigen::Block<Eigen::Block<Eigen::Matrix<double, -1, -1>, -1, 1, true>, -1, 1, false>]	264	static
../Core/ControllingLib/src/../inc/./Eigen/src/Core/Block.h:118:5:Eigen::Block<XprType, BlockRows, BlockCols, InnerPanel>::Block(XprType&, Eigen::Index) [with XprType = const Eigen::Block<Eigen::Block<Eigen::Matrix<double, -1, -1>, -1, -1, false>, -1, -1, false>; int BlockRows = -1; int BlockCols = 1; bool InnerPanel = true]	24	static
../Core/ControllingLib/src/../inc/./Eigen/src/Core/AssignEvaluator.h:769:44:void Eigen::internal::call_dense_assignment_loop(DstXprType&, const SrcXprType&, const Functor&) [with DstXprType = Eigen::Map<Eigen::Matrix<double, -1, 1>, 0, Eigen::Stride<0, 0> >; SrcXprType = Eigen::Product<Eigen::Block<Eigen::Block<Eigen::Matrix<double, -1, -1>, -1, -1, false>, -1, 2, false>, Eigen::Matrix<double, 2, 1>, 1>; Functor = Eigen::internal::assign_op<double, double>]	48	static
../Core/ControllingLib/src/../inc/./Eigen/src/Core/AssignEvaluator.h:769:44:void Eigen::internal::call_dense_assignment_loop(DstXprType&, const SrcXprType&, const Functor&) [with DstXprType = Eigen::Map<Eigen::Matrix<double, -1, 1>, 0, Eigen::Stride<0, 0> >; SrcXprType = Eigen::Product<Eigen::Block<Eigen::Block<Eigen::Matrix<double, -1, -1>, -1, -1, false>, -1, 1, false>, Eigen::Matrix<double, 1, 1, 0, 1, 1>, 1>; Functor = Eigen::internal::assign_op<double, double>]	24	static
../Core/ControllingLib/src/../inc/./Eigen/src/Core/MapBase.h:173:12:Eigen::MapBase<Derived, 0>::MapBase(Eigen::MapBase<Derived, 0>::PointerType, Eigen::Index, Eigen::Index) [with Derived = Eigen::Map<Eigen::Matrix<double, -1, 1>, 16, Eigen::Stride<0, 0> >]	24	static
../Core/ControllingLib/src/../inc/./Eigen/src/Core/util/Memory.h:666:3:Eigen::internal::local_nested_eval_wrapper<Xpr, NbEvaluations, true>::local_nested_eval_wrapper(const Xpr&, Eigen::internal::local_nested_eval_wrapper<Xpr, NbEvaluations, true>::Scalar*) [with Xpr = Eigen::CwiseBinaryOp<Eigen::internal::scalar_product_op<double, double>, const Eigen::CwiseNullaryOp<Eigen::internal::scalar_constant_op<double>, const Eigen::Matrix<double, -1, 1> >, const Eigen::Map<Eigen::Matrix<double, -1, 1>, 0, Eigen::Stride<0, 0> > >; int NbEvaluations = -1]	32	static
../Core/ControllingLib/src/../inc/./Eigen/src/Core/ProductEvaluators.h:272:24:void Eigen::internal::outer_product_selector_run(Dst&, const Lhs&, const Rhs&, const Func&, const Eigen::internal::false_type&) [with Dst = Eigen::Block<Eigen::Block<Eigen::Matrix<double, -1, -1>, -1, -1, true>, -1, -1, false>; Lhs = Eigen::CwiseBinaryOp<Eigen::internal::scalar_product_op<double, double>, const Eigen::CwiseNullaryOp<Eigen::internal::scalar_constant_op<double>, const Eigen::Matrix<double, -1, 1> >, const Eigen::Map<Eigen::Matrix<double, -1, 1>, 0, Eigen::Stride<0, 0> > >; Rhs = Eigen::Transpose<const Eigen::Block<Eigen::Block<Eigen::Matrix<double, -1, -1>, -1, 1, true>, -1, 1, false> >; Func = Eigen::internal::generic_product_impl<Eigen::CwiseBinaryOp<Eigen::internal::scalar_product_op<double, double>, const Eigen::CwiseNullaryOp<Eigen::internal::scalar_constant_op<double>, const Eigen::Matrix<double, -1, 1> >, const Eigen::Map<Eigen::Matrix<double, -1, 1>, 0, Eigen::Stride<0, 0> > >, Eigen::Transpose<const Eigen::Block<Eigen::Block<Eigen::Matrix<double, -1, -1>, -1, 1, true>, -1, 1, false> >, Eigen::DenseShape, Eigen::DenseShape, 5>::sub]	160	dynamic
../Core/ControllingLib/src/../inc/./Eigen/src/Core/ProductEvaluators.h:272:24:void Eigen::internal::outer_product_selector_run(Dst&, const Lhs&, const Rhs&, const Func&, const Eigen::internal::false_type&) [with Dst = Eigen::Block<Eigen::Block<Eigen::Matrix<double, -1, -1>, -1, -1, false>, -1, -1, false>; Lhs = Eigen::CwiseBinaryOp<Eigen::internal::scalar_product_op<double, double>, const Eigen::CwiseNullaryOp<Eigen::internal::scalar_constant_op<double>, const Eigen::Matrix<double, -1, 1> >, const Eigen::Map<Eigen::Matrix<double, -1, 1>, 0, Eigen::Stride<0, 0> > >; Rhs = Eigen::Transpose<const Eigen::Block<const Eigen::Matrix<double, -1, -1>, -1, 1, false> >; Func = Eigen::internal::generic_product_impl<Eigen::CwiseBinaryOp<Eigen::internal::scalar_product_op<double, double>, const Eigen::CwiseNullaryOp<Eigen::internal::scalar_constant_op<double>, const Eigen::Matrix<double, -1, 1> >, const Eigen::Map<Eigen::Matrix<double, -1, 1>, 0, Eigen::Stride<0, 0> > >, Eigen::Transpose<const Eigen::Block<const Eigen::Matrix<double, -1, -1>, -1, 1, false> >, Eigen::DenseShape, Eigen::DenseShape, 5>::sub]	200	dynamic
../Core/ControllingLib/src/../inc/./Eigen/src/Core/products/GeneralMatrixVector.h:327:42:static void Eigen::internal::general_matrix_vector_product<Index, LhsScalar, LhsMapper, 1, ConjugateLhs, RhsScalar, RhsMapper, ConjugateRhs, Version>::run(Index, Index, const LhsMapper&, const RhsMapper&, Eigen::internal::general_matrix_vector_product<Index, LhsScalar, LhsMapper, 1, ConjugateLhs, RhsScalar, RhsMapper, ConjugateRhs, Version>::ResScalar*, Index, Eigen::internal::general_matrix_vector_product<Index, LhsScalar, LhsMapper, 1, ConjugateLhs, RhsScalar, RhsMapper, ConjugateRhs, Version>::ResScalar) [with Index = int; LhsScalar = double; LhsMapper = Eigen::internal::const_blas_data_mapper<double, int, 1>; bool ConjugateLhs = false; RhsScalar = double; RhsMapper = Eigen::internal::const_blas_data_mapper<double, int, 0>; bool ConjugateRhs = false; int Version = 0]	224	static
../Core/ControllingLib/src/../inc/./Eigen/src/Core/products/GeneralMatrixMatrix.h:398:5:Eigen::internal::gemm_blocking_space<StorageOrder, _LhsScalar, _RhsScalar, MaxRows, MaxCols, MaxDepth, KcFactor, false>::~gemm_blocking_space() [with int StorageOrder = 0; _LhsScalar = double; _RhsScalar = double; int MaxRows = -1; int MaxCols = -1; int MaxDepth = -1; int KcFactor = 4]	8	static
../Core/ControllingLib/src/../inc/./Eigen/src/Core/AssignEvaluator.h:514:53:static void Eigen::internal::dense_assignment_loop<Kernel, 1, 0>::run(Kernel&) [with Kernel = Eigen::internal::generic_dense_assignment_kernel<Eigen::internal::evaluator<Eigen::Map<Eigen::Matrix<double, 1, -1>, 0, Eigen::Stride<0, 0> > >, Eigen::internal::evaluator<Eigen::Product<Eigen::Transpose<const Eigen::Matrix<double, 2, 1> >, Eigen::Block<Eigen::Block<Eigen::Matrix<double, -1, -1>, -1, -1, false>, 2, -1, false>, 1> >, Eigen::internal::assign_op<double, double>, 0>]	40	static
../Core/ControllingLib/src/../inc/./Eigen/src/Core/AssignEvaluator.h:658:46:void Eigen::internal::generic_dense_assignment_kernel<DstEvaluatorTypeT, SrcEvaluatorTypeT, Functor, Version>::assignCoeff(Eigen::Index) [with DstEvaluatorTypeT = Eigen::internal::evaluator<Eigen::Matrix<double, 2, 1> >; SrcEvaluatorTypeT = Eigen::internal::evaluator<Eigen::Block<Eigen::Matrix<double, -1, -1>, 2, 1, false> >; Functor = Eigen::internal::assign_op<double, double>; int Version = 0]	12	static
../Core/ControllingLib/src/../inc/./Eigen/src/Core/AssignEvaluator.h:514:53:static void Eigen::internal::dense_assignment_loop<Kernel, 1, 0>::run(Kernel&) [with Kernel = Eigen::internal::generic_dense_assignment_kernel<Eigen::internal::evaluator<Eigen::Map<Eigen::Matrix<double, 1, -1>, 0, Eigen::Stride<0, 0> > >, Eigen::internal::evaluator<Eigen::Product<Eigen::Transpose<const Eigen::Matrix<double, 1, 1, 0, 1, 1> >, Eigen::Block<Eigen::Block<Eigen::Matrix<double, -1, -1>, -1, -1, false>, 1, -1, false>, 1> >, Eigen::internal::assign_op<double, double>, 0>]	24	static
../Core/ControllingLib/src/../inc/./Eigen/src/Core/Block.h:118:5:Eigen::Block<XprType, BlockRows, BlockCols, InnerPanel>::Block(XprType&, Eigen::Index) [with XprType = Eigen::Transpose<Eigen::Map<Eigen::Matrix<double, 1, -1>, 0, Eigen::Stride<0, 0> > >; int BlockRows = -1; int BlockCols = 1; bool InnerPanel = true]	16	static
../Core/ControllingLib/src/../inc/./Eigen/src/Core/GeneralProduct.h:307:15:static void Eigen::internal::gemv_dense_selector<2, 1, true>::run(const Lhs&, const Rhs&, Dest&, const typename Dest::Scalar&) [with Lhs = Eigen::Transpose<const Eigen::Block<Eigen::Block<Eigen::Matrix<double, -1, -1>, -1, -1, false>, -1, -1, false> >; Rhs = Eigen::Transpose<const Eigen::Transpose<const Eigen::Block<Eigen::Block<Eigen::Matrix<double, -1, -1>, -1, 1, true>, -1, 1, false> > >; Dest = Eigen::Transpose<Eigen::Map<Eigen::Matrix<double, 1, -1>, 0, Eigen::Stride<0, 0> > >]	128	dynamic
../Core/ControllingLib/src/../inc/./Eigen/src/Core/GeneralProduct.h:307:15:static void Eigen::internal::gemv_dense_selector<2, 1, true>::run(const Lhs&, const Rhs&, Dest&, const typename Dest::Scalar&) [with Lhs = Eigen::Transpose<const Eigen::Block<Eigen::Block<Eigen::Matrix<double, -1, -1>, -1, -1, false>, -1, -1, false> >; Rhs = Eigen::Transpose<const Eigen::Transpose<const Eigen::Block<const Eigen::Matrix<double, -1, -1>, -1, 1, false> > >; Dest = Eigen::Transpose<Eigen::Map<Eigen::Matrix<double, 1, -1>, 0, Eigen::Stride<0, 0> > >]	128	dynamic
../Core/ControllingLib/src/../inc/./Eigen/src/Core/AssignEvaluator.h:658:46:void Eigen::internal::generic_dense_assignment_kernel<DstEvaluatorTypeT, SrcEvaluatorTypeT, Functor, Version>::assignCoeff(Eigen::Index) [with DstEvaluatorTypeT = Eigen::internal::evaluator<Eigen::Matrix<double, 3, 1> >; SrcEvaluatorTypeT = Eigen::internal::evaluator<Eigen::Matrix<double, 3, 1> >; Functor = Eigen::internal::assign_op<double, double>; int Version = 0]	12	static
../Core/ControllingLib/src/../inc/./Eigen/src/Core/AssignEvaluator.h:658:46:void Eigen::internal::generic_dense_assignment_kernel<DstEvaluatorTypeT, SrcEvaluatorTypeT, Functor, Version>::assignCoeff(Eigen::Index) [with DstEvaluatorTypeT = Eigen::internal::evaluator<Eigen::Matrix<double, 3, 1> >; SrcEvaluatorTypeT = Eigen::internal::evaluator<Eigen::Block<Eigen::Matrix<double, -1, -1>, 3, 1, false> >; Functor = Eigen::internal::assign_op<double, double>; int Version = 0]	12	static
../Core/ControllingLib/src/../inc/./Eigen/src/Core/products/GeneralBlockPanelKernel.h:124:6:void Eigen::internal::evaluateProductBlockingSizesHeuristic(Index&, Index&, Index&, Index) [with LhsScalar = double; RhsScalar = double; int KcFactor = 4; Index = int]	40	static
../Core/ControllingLib/src/../inc/./Eigen/src/Core/products/GeneralMatrixMatrix.h:347:5:Eigen::internal::gemm_blocking_space<StorageOrder, _LhsScalar, _RhsScalar, MaxRows, MaxCols, MaxDepth, KcFactor, false>::gemm_blocking_space(Eigen::Index, Eigen::Index, Eigen::Index, Eigen::Index, bool) [with int StorageOrder = 0; _LhsScalar = double; _RhsScalar = double; int MaxRows = -1; int MaxCols = -1; int MaxDepth = -1; int KcFactor = 4]	24	static
../Core/ControllingLib/src/../inc/./Eigen/src/Core/AssignEvaluator.h:658:46:void Eigen::internal::generic_dense_assignment_kernel<DstEvaluatorTypeT, SrcEvaluatorTypeT, Functor, Version>::assignCoeff(Eigen::Index) [with DstEvaluatorTypeT = Eigen::internal::evaluator<Eigen::Matrix<double, 2, 1> >; SrcEvaluatorTypeT = Eigen::internal::evaluator<Eigen::CwiseBinaryOp<Eigen::internal::scalar_quotient_op<double, double>, const Eigen::Block<const Eigen::Matrix<double, 3, 1>, 2, 1, false>, const Eigen::CwiseNullaryOp<Eigen::internal::scalar_constant_op<double>, const Eigen::Matrix<double, 2, 1> > > >; Functor = Eigen::internal::assign_op<double, double>; int Version = 0]	8	static
../Core/ControllingLib/src/../inc/./Eigen/src/Householder/Householder.h:67:6:void Eigen::MatrixBase<Derived>::makeHouseholder(EssentialPart&, Eigen::MatrixBase<Derived>::Scalar&, Eigen::MatrixBase<Derived>::RealScalar&) const [with EssentialPart = Eigen::Matrix<double, 2, 1>; Derived = Eigen::Matrix<double, 3, 1>]	104	static
../Core/ControllingLib/src/../inc/./Eigen/src/Core/CoreEvaluators.h:767:19:Eigen::internal::binary_evaluator<Eigen::CwiseBinaryOp<BinaryOp, Lhs, Rhs>, Eigen::internal::IndexBased, Eigen::internal::IndexBased>::CoeffReturnType Eigen::internal::binary_evaluator<Eigen::CwiseBinaryOp<BinaryOp, Lhs, Rhs>, Eigen::internal::IndexBased, Eigen::internal::IndexBased>::coeff(Eigen::Index, Eigen::Index) const [with BinaryOp = Eigen::internal::scalar_conj_product_op<double, double>; Lhs = const Eigen::Transpose<const Eigen::Block<const Eigen::Block<Eigen::Matrix<double, -1, -1>, -1, -1, true>, 1, -1, false> >; Rhs = const Eigen::Block<const Eigen::Block<Eigen::Block<Eigen::Matrix<double, -1, -1>, -1, 1, true>, -1, 1, false>, -1, 1, true>]	8	static
../Core/ControllingLib/src/../inc/./Eigen/src/Eigenvalues/EigenSolver.h:458:6:void Eigen::EigenSolver<_MatrixType>::doComputeEigenvectors() [with _MatrixType = Eigen::Matrix<double, -1, -1>]	784	static
../Core/ControllingLib/src/../inc/./Eigen/src/Core/AssignEvaluator.h:769:44:void Eigen::internal::call_dense_assignment_loop(DstXprType&, const SrcXprType&, const Functor&) [with DstXprType = Eigen::Map<Eigen::Matrix<double, -1, 1>, 16, Eigen::Stride<0, 0> >; SrcXprType = Eigen::CwiseBinaryOp<Eigen::internal::scalar_product_op<double, double>, const Eigen::CwiseNullaryOp<Eigen::internal::scalar_constant_op<double>, const Eigen::Matrix<double, -1, 1> >, const Eigen::Block<const Eigen::Matrix<double, -1, -1>, -1, 1, false> >; Functor = Eigen::internal::assign_op<double, double>]	32	static
../Core/ControllingLib/src/../inc/./Eigen/src/Core/ProductEvaluators.h:272:24:void Eigen::internal::outer_product_selector_run(Dst&, const Lhs&, const Rhs&, const Func&, const Eigen::internal::false_type&) [with Dst = Eigen::Block<Eigen::Block<Eigen::Matrix<double, -1, -1>, -1, -1, false>, -1, -1, false>; Lhs = Eigen::CwiseBinaryOp<Eigen::internal::scalar_product_op<double, double>, const Eigen::CwiseNullaryOp<Eigen::internal::scalar_constant_op<double>, const Eigen::Matrix<double, -1, 1> >, const Eigen::Block<const Eigen::Matrix<double, -1, -1>, -1, 1, false> >; Rhs = Eigen::Map<Eigen::Matrix<double, 1, -1>, 0, Eigen::Stride<0, 0> >; Func = Eigen::internal::generic_product_impl<Eigen::CwiseBinaryOp<Eigen::internal::scalar_product_op<double, double>, const Eigen::CwiseNullaryOp<Eigen::internal::scalar_constant_op<double>, const Eigen::Matrix<double, -1, 1> >, const Eigen::Block<const Eigen::Matrix<double, -1, -1>, -1, 1, false> >, Eigen::Map<Eigen::Matrix<double, 1, -1>, 0, Eigen::Stride<0, 0> >, Eigen::DenseShape, Eigen::DenseShape, 5>::sub]	200	dynamic
../Core/ControllingLib/src/../inc/./Eigen/src/Core/products/GeneralMatrixVector.h:327:42:static void Eigen::internal::general_matrix_vector_product<Index, LhsScalar, LhsMapper, 1, ConjugateLhs, RhsScalar, RhsMapper, ConjugateRhs, Version>::run(Index, Index, const LhsMapper&, const RhsMapper&, Eigen::internal::general_matrix_vector_product<Index, LhsScalar, LhsMapper, 1, ConjugateLhs, RhsScalar, RhsMapper, ConjugateRhs, Version>::ResScalar*, Index, Eigen::internal::general_matrix_vector_product<Index, LhsScalar, LhsMapper, 1, ConjugateLhs, RhsScalar, RhsMapper, ConjugateRhs, Version>::ResScalar) [with Index = int; LhsScalar = double; LhsMapper = Eigen::internal::const_blas_data_mapper<double, int, 1>; bool ConjugateLhs = false; RhsScalar = double; RhsMapper = Eigen::internal::const_blas_data_mapper<double, int, 1>; bool ConjugateRhs = false; int Version = 1]	224	static
../Core/ControllingLib/src/../inc/./Eigen/src/Core/AssignEvaluator.h:652:46:void Eigen::internal::generic_dense_assignment_kernel<DstEvaluatorTypeT, SrcEvaluatorTypeT, Functor, Version>::assignCoeff(Eigen::Index, Eigen::Index) [with DstEvaluatorTypeT = Eigen::internal::evaluator<Eigen::TriangularView<Eigen::Block<Eigen::Matrix<double, -1, -1>, -1, -1, false>, 1> >; SrcEvaluatorTypeT = Eigen::internal::evaluator<Eigen::CwiseNullaryOp<Eigen::internal::scalar_constant_op<double>, Eigen::Matrix<double, -1, -1> > >; Functor = Eigen::internal::assign_op<double, double>; int Version = 0]	12	static
../Core/ControllingLib/src/../inc/./Eigen/src/Core/TriangularMatrix.h:802:6:void Eigen::internal::call_triangular_assignment_loop(DstXprType&, const SrcXprType&, const Functor&) [with int Mode = 1; bool SetOpposite = false; DstXprType = Eigen::TriangularView<Eigen::Block<Eigen::Matrix<double, -1, -1>, -1, -1, false>, 1>; SrcXprType = Eigen::CwiseNullaryOp<Eigen::internal::scalar_constant_op<double>, Eigen::Matrix<double, -1, -1> >; Functor = Eigen::internal::assign_op<double, double>]	64	static
../Core/ControllingLib/src/../inc/./Eigen/src/Core/AssignEvaluator.h:769:44:void Eigen::internal::call_dense_assignment_loop(DstXprType&, const SrcXprType&, const Functor&) [with DstXprType = Eigen::Map<Eigen::Matrix<double, -1, 1>, 16, Eigen::Stride<0, 0> >; SrcXprType = Eigen::CwiseBinaryOp<Eigen::internal::scalar_product_op<double, double>, const Eigen::CwiseNullaryOp<Eigen::internal::scalar_constant_op<double>, const Eigen::Matrix<double, -1, 1> >, const Eigen::Block<Eigen::Block<Eigen::Matrix<double, -1, -1>, -1, 1, true>, -1, 1, false> >; Functor = Eigen::internal::assign_op<double, double>]	32	static
../Core/ControllingLib/src/../inc/./Eigen/src/Core/ProductEvaluators.h:272:24:void Eigen::internal::outer_product_selector_run(Dst&, const Lhs&, const Rhs&, const Func&, const Eigen::internal::false_type&) [with Dst = Eigen::Block<Eigen::Block<Eigen::Matrix<double, -1, -1>, -1, -1, false>, -1, -1, false>; Lhs = Eigen::CwiseBinaryOp<Eigen::internal::scalar_product_op<double, double>, const Eigen::CwiseNullaryOp<Eigen::internal::scalar_constant_op<double>, const Eigen::Matrix<double, -1, 1> >, const Eigen::Block<Eigen::Block<Eigen::Matrix<double, -1, -1>, -1, 1, true>, -1, 1, false> >; Rhs = Eigen::Map<Eigen::Matrix<double, 1, -1>, 0, Eigen::Stride<0, 0> >; Func = Eigen::internal::generic_product_impl<Eigen::CwiseBinaryOp<Eigen::internal::scalar_product_op<double, double>, const Eigen::CwiseNullaryOp<Eigen::internal::scalar_constant_op<double>, const Eigen::Matrix<double, -1, 1> >, const Eigen::Block<Eigen::Block<Eigen::Matrix<double, -1, -1>, -1, 1, true>, -1, 1, false> >, Eigen::Map<Eigen::Matrix<double, 1, -1>, 0, Eigen::Stride<0, 0> >, Eigen::DenseShape, Eigen::DenseShape, 5>::sub]	200	dynamic
../Core/ControllingLib/src/../inc/./Eigen/src/Core/CoreEvaluators.h:767:19:Eigen::internal::binary_evaluator<Eigen::CwiseBinaryOp<BinaryOp, Lhs, Rhs>, Eigen::internal::IndexBased, Eigen::internal::IndexBased>::CoeffReturnType Eigen::internal::binary_evaluator<Eigen::CwiseBinaryOp<BinaryOp, Lhs, Rhs>, Eigen::internal::IndexBased, Eigen::internal::IndexBased>::coeff(Eigen::Index, Eigen::Index) const [with BinaryOp = Eigen::internal::scalar_conj_product_op<double, double>; Lhs = const Eigen::Transpose<const Eigen::Block<const Eigen::Block<Eigen::Block<Eigen::Matrix<double, -1, -1>, -1, -1, false>, -1, -1, false>, 1, -1, false> >; Rhs = const Eigen::Block<const Eigen::Block<const Eigen::Matrix<double, -1, -1>, -1, 1, false>, -1, 1, true>]	8	static
../Core/ControllingLib/src/../inc/./Eigen/src/Householder/Householder.h:154:6:void Eigen::MatrixBase<Derived>::applyHouseholderOnTheRight(const EssentialPart&, const Scalar&, Eigen::MatrixBase<Derived>::Scalar*) [with EssentialPart = Eigen::Block<const Eigen::Matrix<double, -1, -1>, -1, 1, false>; Derived = Eigen::Block<Eigen::Matrix<double, -1, -1>, -1, -1, false>]	272	static
../Core/ControllingLib/src/../inc/./Eigen/src/Core/CoreEvaluators.h:767:19:Eigen::internal::binary_evaluator<Eigen::CwiseBinaryOp<BinaryOp, Lhs, Rhs>, Eigen::internal::IndexBased, Eigen::internal::IndexBased>::CoeffReturnType Eigen::internal::binary_evaluator<Eigen::CwiseBinaryOp<BinaryOp, Lhs, Rhs>, Eigen::internal::IndexBased, Eigen::internal::IndexBased>::coeff(Eigen::Index, Eigen::Index) const [with BinaryOp = Eigen::internal::scalar_conj_product_op<double, double>; Lhs = const Eigen::Transpose<const Eigen::Block<const Eigen::Transpose<const Eigen::Block<const Eigen::Matrix<double, -1, -1>, -1, 1, false> >, 1, -1, true> >; Rhs = const Eigen::Block<const Eigen::Block<Eigen::Block<Eigen::Matrix<double, -1, -1>, -1, -1, false>, -1, -1, false>, -1, 1, true>]	8	static
../Core/ControllingLib/src/../inc/./Eigen/src/Householder/Householder.h:116:6:void Eigen::MatrixBase<Derived>::applyHouseholderOnTheLeft(const EssentialPart&, const Scalar&, Eigen::MatrixBase<Derived>::Scalar*) [with EssentialPart = Eigen::Block<const Eigen::Matrix<double, -1, -1>, -1, 1, false>; Derived = Eigen::Block<Eigen::Matrix<double, -1, -1>, -1, -1, false>]	440	static
../Core/ControllingLib/src/../inc/./Eigen/src/Core/Block.h:118:5:Eigen::Block<XprType, BlockRows, BlockCols, InnerPanel>::Block(XprType&, Eigen::Index) [with XprType = const Eigen::Map<Eigen::Matrix<double, 1, -1>, 0, Eigen::Stride<0, 0> >; int BlockRows = 1; int BlockCols = 1; bool InnerPanel = false]	16	static
../Core/ControllingLib/src/../inc/./Eigen/src/Core/AssignEvaluator.h:652:46:void Eigen::internal::generic_dense_assignment_kernel<DstEvaluatorTypeT, SrcEvaluatorTypeT, Functor, Version>::assignCoeff(Eigen::Index, Eigen::Index) [with DstEvaluatorTypeT = Eigen::internal::evaluator<Eigen::Block<Eigen::Block<Eigen::Matrix<double, -1, -1>, -1, -1, false>, 2, -1, false> >; SrcEvaluatorTypeT = Eigen::internal::evaluator<Eigen::Product<Eigen::CwiseBinaryOp<Eigen::internal::scalar_product_op<double, double>, const Eigen::CwiseNullaryOp<Eigen::internal::scalar_constant_op<double>, const Eigen::Matrix<double, 2, 1> >, const Eigen::Matrix<double, 2, 1> >, Eigen::Map<Eigen::Matrix<double, 1, -1>, 0, Eigen::Stride<0, 0> >, 1> >; Functor = Eigen::internal::sub_assign_op<double, double>; int Version = 0]	192	static
../Core/ControllingLib/src/../inc/./Eigen/src/Core/AssignEvaluator.h:514:53:static void Eigen::internal::dense_assignment_loop<Kernel, 1, 0>::run(Kernel&) [with Kernel = Eigen::internal::generic_dense_assignment_kernel<Eigen::internal::evaluator<Eigen::Block<Eigen::Block<Eigen::Matrix<double, -1, -1>, -1, -1, false>, 1, -1, false> >, Eigen::internal::evaluator<Eigen::Product<Eigen::CwiseBinaryOp<Eigen::internal::scalar_product_op<double, double>, const Eigen::CwiseNullaryOp<Eigen::internal::scalar_constant_op<double>, const Eigen::Matrix<double, 1, 1, 0, 1, 1> >, const Eigen::Matrix<double, 1, 1, 0, 1, 1> >, Eigen::Map<Eigen::Matrix<double, 1, -1>, 0, Eigen::Stride<0, 0> >, 1> >, Eigen::internal::sub_assign_op<double, double>, 0>]	136	static
../Core/ControllingLib/src/../inc/./Eigen/src/Core/AssignEvaluator.h:769:44:void Eigen::internal::call_dense_assignment_loop(DstXprType&, const SrcXprType&, const Functor&) [with DstXprType = Eigen::Block<Eigen::Block<Eigen::Matrix<double, -1, -1>, -1, -1, false>, 1, -1, false>; SrcXprType = Eigen::Product<Eigen::CwiseBinaryOp<Eigen::internal::scalar_product_op<double, double>, const Eigen::CwiseNullaryOp<Eigen::internal::scalar_constant_op<double>, const Eigen::Matrix<double, 1, 1, 0, 1, 1> >, const Eigen::Matrix<double, 1, 1, 0, 1, 1> >, Eigen::Map<Eigen::Matrix<double, 1, -1>, 0, Eigen::Stride<0, 0> >, 1>; Functor = Eigen::internal::sub_assign_op<double, double>]	104	static
../Core/ControllingLib/src/../inc/./Eigen/src/Householder/Householder.h:116:6:void Eigen::MatrixBase<Derived>::applyHouseholderOnTheLeft(const EssentialPart&, const Scalar&, Eigen::MatrixBase<Derived>::Scalar*) [with EssentialPart = Eigen::Matrix<double, 1, 1, 0, 1, 1>; Derived = Eigen::Block<Eigen::Matrix<double, -1, -1>, -1, -1, false>]	336	static
../Core/ControllingLib/src/../inc/./Eigen/src/Core/Block.h:118:5:Eigen::Block<XprType, BlockRows, BlockCols, InnerPanel>::Block(XprType&, Eigen::Index) [with XprType = const Eigen::CwiseBinaryOp<Eigen::internal::scalar_product_op<double, double>, const Eigen::CwiseNullaryOp<Eigen::internal::scalar_constant_op<double>, const Eigen::Matrix<double, -1, 1> >, const Eigen::Map<Eigen::Matrix<double, -1, 1>, 0, Eigen::Stride<0, 0> > >; int BlockRows = 1; int BlockCols = 1; bool InnerPanel = false]	16	static
../Core/ControllingLib/src/../inc/./Eigen/src/Core/AssignEvaluator.h:343:53:static void Eigen::internal::dense_assignment_loop<Kernel, 0, 0>::run(Kernel&) [with Kernel = Eigen::internal::generic_dense_assignment_kernel<Eigen::internal::evaluator<Eigen::Block<Eigen::Block<Eigen::Matrix<double, -1, -1>, -1, -1, false>, -1, 2, false> >, Eigen::internal::evaluator<Eigen::Product<Eigen::CwiseBinaryOp<Eigen::internal::scalar_product_op<double, double>, const Eigen::CwiseNullaryOp<Eigen::internal::scalar_constant_op<double>, const Eigen::Matrix<double, -1, 1> >, const Eigen::Map<Eigen::Matrix<double, -1, 1>, 0, Eigen::Stride<0, 0> > >, Eigen::Transpose<const Eigen::Matrix<double, 2, 1> >, 1> >, Eigen::internal::sub_assign_op<double, double>, 0>]	216	static
../Core/ControllingLib/src/../inc/./Eigen/src/Householder/Householder.h:154:6:void Eigen::MatrixBase<Derived>::applyHouseholderOnTheRight(const EssentialPart&, const Scalar&, Eigen::MatrixBase<Derived>::Scalar*) [with EssentialPart = Eigen::Matrix<double, 2, 1>; Derived = Eigen::Block<Eigen::Matrix<double, -1, -1>, -1, -1, false>]	376	static
../Core/ControllingLib/src/../inc/./Eigen/src/Core/AssignEvaluator.h:514:53:static void Eigen::internal::dense_assignment_loop<Kernel, 1, 0>::run(Kernel&) [with Kernel = Eigen::internal::generic_dense_assignment_kernel<Eigen::internal::evaluator<Eigen::Block<Eigen::Block<Eigen::Matrix<double, -1, -1>, -1, -1, false>, -1, 1, false> >, Eigen::internal::evaluator<Eigen::Product<Eigen::CwiseBinaryOp<Eigen::internal::scalar_product_op<double, double>, const Eigen::CwiseNullaryOp<Eigen::internal::scalar_constant_op<double>, const Eigen::Matrix<double, -1, 1> >, const Eigen::Map<Eigen::Matrix<double, -1, 1>, 0, Eigen::Stride<0, 0> > >, Eigen::Transpose<const Eigen::Matrix<double, 1, 1, 0, 1, 1> >, 1> >, Eigen::internal::sub_assign_op<double, double>, 0>]	200	static
../Core/ControllingLib/src/../inc/./Eigen/src/Householder/Householder.h:154:6:void Eigen::MatrixBase<Derived>::applyHouseholderOnTheRight(const EssentialPart&, const Scalar&, Eigen::MatrixBase<Derived>::Scalar*) [with EssentialPart = Eigen::Matrix<double, 1, 1, 0, 1, 1>; Derived = Eigen::Block<Eigen::Matrix<double, -1, -1>, -1, -1, false>]	384	static
../Core/ControllingLib/src/../inc/./Eigen/src/Core/CoreEvaluators.h:767:19:Eigen::internal::binary_evaluator<Eigen::CwiseBinaryOp<BinaryOp, Lhs, Rhs>, Eigen::internal::IndexBased, Eigen::internal::IndexBased>::CoeffReturnType Eigen::internal::binary_evaluator<Eigen::CwiseBinaryOp<BinaryOp, Lhs, Rhs>, Eigen::internal::IndexBased, Eigen::internal::IndexBased>::coeff(Eigen::Index, Eigen::Index) const [with BinaryOp = Eigen::internal::scalar_conj_product_op<double, double>; Lhs = const Eigen::Transpose<const Eigen::Block<const Eigen::Transpose<const Eigen::Block<Eigen::Block<Eigen::Matrix<double, -1, -1>, -1, 1, true>, -1, 1, false> >, 1, -1, true> >; Rhs = const Eigen::Block<const Eigen::Block<Eigen::Block<Eigen::Matrix<double, -1, -1>, -1, -1, false>, -1, -1, false>, -1, 1, true>]	8	static
../Core/ControllingLib/src/../inc/./Eigen/src/Householder/Householder.h:116:6:void Eigen::MatrixBase<Derived>::applyHouseholderOnTheLeft(const EssentialPart&, const Scalar&, Eigen::MatrixBase<Derived>::Scalar*) [with EssentialPart = Eigen::VectorBlock<Eigen::Block<Eigen::Matrix<double, -1, -1>, -1, 1, true>, -1>; Derived = Eigen::Block<Eigen::Matrix<double, -1, -1>, -1, -1, false>]	536	static
../Core/ControllingLib/src/../inc/./Eigen/src/Core/CoreEvaluators.h:767:19:Eigen::internal::binary_evaluator<Eigen::CwiseBinaryOp<BinaryOp, Lhs, Rhs>, Eigen::internal::IndexBased, Eigen::internal::IndexBased>::CoeffReturnType Eigen::internal::binary_evaluator<Eigen::CwiseBinaryOp<BinaryOp, Lhs, Rhs>, Eigen::internal::IndexBased, Eigen::internal::IndexBased>::coeff(Eigen::Index, Eigen::Index) const [with BinaryOp = Eigen::internal::scalar_conj_product_op<double, double>; Lhs = const Eigen::Transpose<const Eigen::Block<const Eigen::Block<Eigen::Block<Eigen::Matrix<double, -1, -1>, -1, -1, true>, -1, -1, false>, 1, -1, false> >; Rhs = const Eigen::Block<const Eigen::Block<Eigen::Block<Eigen::Matrix<double, -1, -1>, -1, 1, true>, -1, 1, false>, -1, 1, true>]	8	static
../Core/ControllingLib/src/../inc/./Eigen/src/Householder/Householder.h:154:6:void Eigen::MatrixBase<Derived>::applyHouseholderOnTheRight(const EssentialPart&, const Scalar&, Eigen::MatrixBase<Derived>::Scalar*) [with EssentialPart = Eigen::VectorBlock<Eigen::Block<Eigen::Matrix<double, -1, -1>, -1, 1, true>, -1>; Derived = Eigen::Block<Eigen::Matrix<double, -1, -1>, -1, -1, true>]	496	static
../Core/ControllingLib/src/../inc/./Eigen/src/Eigenvalues/./HessenbergDecomposition.h:294:6:static void Eigen::HessenbergDecomposition<_MatrixType>::_compute(Eigen::HessenbergDecomposition<_MatrixType>::MatrixType&, Eigen::HessenbergDecomposition<_MatrixType>::CoeffVectorType&, Eigen::HessenbergDecomposition<_MatrixType>::VectorType&) [with _MatrixType = Eigen::Matrix<double, -1, -1>]	240	static
../Core/ControllingLib/src/../inc/./Eigen/src/Core/CoreEvaluators.h:767:19:Eigen::internal::binary_evaluator<Eigen::CwiseBinaryOp<BinaryOp, Lhs, Rhs>, Eigen::internal::IndexBased, Eigen::internal::IndexBased>::CoeffReturnType Eigen::internal::binary_evaluator<Eigen::CwiseBinaryOp<BinaryOp, Lhs, Rhs>, Eigen::internal::IndexBased, Eigen::internal::IndexBased>::coeff(Eigen::Index, Eigen::Index) const [with BinaryOp = Eigen::internal::scalar_product_op<double, double>; Lhs = const Eigen::Block<const Eigen::Block<const Eigen::Map<const Eigen::Matrix<double, -1, -1, 1, -1, -1>, 0, Eigen::OuterStride<> >, 1, -1, true>, 1, -1, false>; Rhs = const Eigen::Transpose<const Eigen::Block<const Eigen::Map<const Eigen::Matrix<double, -1, 1>, 0, Eigen::Stride<0, 0> >, -1, 1, false> >]	8	static
../Core/ControllingLib/src/../inc/./Eigen/src/Core/products/TriangularMatrixVector.h:105:24:static void Eigen::internal::triangular_matrix_vector_product<Index, Mode, LhsScalar, ConjLhs, RhsScalar, ConjRhs, 1, Version>::run(Index, Index, const LhsScalar*, Index, const RhsScalar*, Index, Eigen::internal::triangular_matrix_vector_product<Index, Mode, LhsScalar, ConjLhs, RhsScalar, ConjRhs, 1, Version>::ResScalar*, Index, const ResScalar&) [with Index = int; int Mode = 6; LhsScalar = double; bool ConjLhs = false; RhsScalar = double; bool ConjRhs = false; int Version = 0]	160	static
../Core/ControllingLib/src/../inc/./Eigen/src/Core/products/TriangularMatrixVector.h:290:15:static void Eigen::internal::trmv_selector<Mode, 1>::run(const Lhs&, const Rhs&, Dest&, const typename Dest::Scalar&) [with Lhs = Eigen::Transpose<const Eigen::Block<const Eigen::Block<Eigen::Matrix<double, -1, -1>, -1, -1, false>, -1, -1, false> >; Rhs = Eigen::Transpose<const Eigen::CwiseBinaryOp<Eigen::internal::scalar_product_op<double, double>, const Eigen::CwiseNullaryOp<Eigen::internal::scalar_constant_op<double>, const Eigen::Matrix<double, 1, -1> >, const Eigen::Transpose<const Eigen::Block<const Eigen::Block<const Eigen::Block<Eigen::Matrix<double, -1, -1>, -1, -1, false>, -1, 1, true>, -1, 1, false> > > >; Dest = Eigen::Transpose<Eigen::Block<Eigen::Block<Eigen::Matrix<double, -1, -1, 1, -1, -1>, 1, -1, true>, 1, -1, false> >; int Mode = 6]	96	dynamic
../Core/ControllingLib/src/../inc/./Eigen/src/Core/NoAlias.h:41:41:ExpressionType& Eigen::NoAlias<ExpressionType, StorageBase>::operator=(const StorageBase<OtherDerived>&) [with OtherDerived = Eigen::Product<Eigen::CwiseBinaryOp<Eigen::internal::scalar_product_op<double, double>, const Eigen::CwiseNullaryOp<Eigen::internal::scalar_constant_op<double>, const Eigen::Matrix<double, 1, -1> >, const Eigen::Transpose<const Eigen::Block<const Eigen::Block<const Eigen::Block<Eigen::Matrix<double, -1, -1>, -1, -1, false>, -1, 1, true>, -1, 1, false> > >, Eigen::TriangularView<const Eigen::Block<const Eigen::Block<Eigen::Matrix<double, -1, -1>, -1, -1, false>, -1, -1, false>, 5>, 0>; ExpressionType = Eigen::Block<Eigen::Block<Eigen::Matrix<double, -1, -1, 1, -1, -1>, 1, -1, true>, 1, -1, false>; StorageBase = Eigen::MatrixBase]	232	static
../Core/ControllingLib/src/../inc/./Eigen/src/Householder/BlockHouseholder.h:51:6:void Eigen::internal::make_block_householder_triangular_factor(TriangularFactorType&, const VectorsType&, const CoeffsType&) [with TriangularFactorType = Eigen::Matrix<double, -1, -1, 1, -1, -1>; VectorsType = Eigen::Block<Eigen::Matrix<double, -1, -1>, -1, -1, false>; CoeffsType = Eigen::Block<const Eigen::Matrix<double, -1, 1>, -1, 1, false>]	736	static
../Core/ControllingLib/src/../inc/./Eigen/src/Householder/BlockHouseholder.h:51:6:void Eigen::internal::make_block_householder_triangular_factor(TriangularFactorType&, const VectorsType&, const CoeffsType&) [with TriangularFactorType = Eigen::Matrix<double, -1, -1, 1, -1, -1>; VectorsType = Eigen::Block<Eigen::Matrix<double, -1, -1>, -1, -1, false>; CoeffsType = Eigen::VectorBlock<const Eigen::Matrix<double, -1, 1>, -1>]	736	static
../Core/ControllingLib/src/../inc/./Eigen/src/Core/AssignEvaluator.h:658:46:void Eigen::internal::generic_dense_assignment_kernel<DstEvaluatorTypeT, SrcEvaluatorTypeT, Functor, Version>::assignCoeff(Eigen::Index) [with DstEvaluatorTypeT = Eigen::internal::evaluator<Eigen::Matrix<double, 2, 1> >; SrcEvaluatorTypeT = Eigen::internal::evaluator<Eigen::CwiseBinaryOp<Eigen::internal::scalar_product_op<double, double>, const Eigen::CwiseNullaryOp<Eigen::internal::scalar_constant_op<double>, const Eigen::Matrix<double, 2, 1> >, const Eigen::Matrix<double, 2, 1> > >; Functor = Eigen::internal::assign_op<double, double>; int Version = 0]	8	static
../Core/ControllingLib/src/../inc/./Eigen/src/Householder/Householder.h:116:6:void Eigen::MatrixBase<Derived>::applyHouseholderOnTheLeft(const EssentialPart&, const Scalar&, Eigen::MatrixBase<Derived>::Scalar*) [with EssentialPart = Eigen::Matrix<double, 2, 1>; Derived = Eigen::Block<Eigen::Matrix<double, -1, -1>, -1, -1, false>]	424	static
../Core/ControllingLib/src/../inc/./Eigen/src/Eigenvalues/RealSchur.h:497:13:void Eigen::RealSchur<_MatrixType>::performFrancisQRStep(Eigen::RealSchur<_MatrixType>::Index, Eigen::RealSchur<_MatrixType>::Index, Eigen::RealSchur<_MatrixType>::Index, bool, const Vector3s&, Eigen::RealSchur<_MatrixType>::Scalar*) [with _MatrixType = Eigen::Matrix<double, -1, -1>]	184	static
../Core/ControllingLib/src/../inc/./Eigen/src/Core/AssignEvaluator.h:658:46:void Eigen::internal::generic_dense_assignment_kernel<DstEvaluatorTypeT, SrcEvaluatorTypeT, Functor, Version>::assignCoeff(Eigen::Index) [with DstEvaluatorTypeT = Eigen::internal::evaluator<Eigen::Diagonal<Eigen::Matrix<double, 8, 8, 0, 8, 8>, 0> >; SrcEvaluatorTypeT = Eigen::internal::evaluator<Eigen::CwiseNullaryOp<Eigen::internal::scalar_constant_op<double>, Eigen::Matrix<double, 8, 1, 0, 8, 1> > >; Functor = Eigen::internal::assign_op<double, double>; int Version = 0]	12	static
../Core/ControllingLib/src/../inc/./Eigen/src/Core/CwiseNullaryOp.h:698:48:Derived& Eigen::DenseBase<Derived>::setOnes() [with Derived = Eigen::Diagonal<Eigen::Matrix<double, 8, 8, 0, 8, 8>, 0>]	56	static
../Core/ControllingLib/src/../inc/./Eigen/src/Core/products/TriangularMatrixMatrix.h:109:24:static void Eigen::internal::product_triangular_matrix_matrix<Scalar, Index, Mode, true, LhsStorageOrder, ConjugateLhs, RhsStorageOrder, ConjugateRhs, 0, ResInnerStride, Version>::run(Index, Index, Index, const Scalar*, Index, const Scalar*, Index, Scalar*, Index, Index, const Scalar&, Eigen::internal::level3_blocking<Scalar, Scalar>&) [with Scalar = double; Index = int; int Mode = 5; int LhsStorageOrder = 0; bool ConjugateLhs = false; int RhsStorageOrder = 0; bool ConjugateRhs = false; int ResInnerStride = 1; int Version = 0]	712	dynamic
../Core/ControllingLib/src/../inc/./Eigen/src/Core/products/TriangularMatrixMatrix.h:109:24:static void Eigen::internal::product_triangular_matrix_matrix<Scalar, Index, Mode, true, LhsStorageOrder, ConjugateLhs, RhsStorageOrder, ConjugateRhs, 0, ResInnerStride, Version>::run(Index, Index, Index, const Scalar*, Index, const Scalar*, Index, Scalar*, Index, Index, const Scalar&, Eigen::internal::level3_blocking<Scalar, Scalar>&) [with Scalar = double; Index = int; int Mode = 1; int LhsStorageOrder = 0; bool ConjugateLhs = false; int RhsStorageOrder = 0; bool ConjugateRhs = false; int ResInnerStride = 1; int Version = 0]	712	dynamic
../Core/ControllingLib/src/../inc/./Eigen/src/Core/AssignEvaluator.h:834:6:void Eigen::internal::call_assignment(Dst&, const Src&) [with Dst = Eigen::Matrix<double, -1, -1>; Src = Eigen::Product<Eigen::TriangularView<const Eigen::Transpose<const Eigen::Matrix<double, -1, -1, 1, -1, -1> >, 1>, Eigen::Matrix<double, -1, -1>, 0>]	120	static
../Core/ControllingLib/src/../inc/./Eigen/src/Core/AssignEvaluator.h:658:46:void Eigen::internal::generic_dense_assignment_kernel<DstEvaluatorTypeT, SrcEvaluatorTypeT, Functor, Version>::assignCoeff(Eigen::Index) [with DstEvaluatorTypeT = Eigen::internal::evaluator<Eigen::Diagonal<Eigen::Matrix<double, 8, 8, 1, 8, 8>, 0> >; SrcEvaluatorTypeT = Eigen::internal::evaluator<Eigen::CwiseNullaryOp<Eigen::internal::scalar_constant_op<double>, Eigen::Matrix<double, 8, 1, 0, 8, 1> > >; Functor = Eigen::internal::assign_op<double, double>; int Version = 0]	12	static
../Core/ControllingLib/src/../inc/./Eigen/src/Core/CwiseNullaryOp.h:698:48:Derived& Eigen::DenseBase<Derived>::setOnes() [with Derived = Eigen::Diagonal<Eigen::Matrix<double, 8, 8, 1, 8, 8>, 0>]	56	static
../Core/ControllingLib/src/../inc/./Eigen/src/Core/products/TriangularMatrixMatrix.h:109:24:static void Eigen::internal::product_triangular_matrix_matrix<Scalar, Index, Mode, true, LhsStorageOrder, ConjugateLhs, RhsStorageOrder, ConjugateRhs, 0, ResInnerStride, Version>::run(Index, Index, Index, const Scalar*, Index, const Scalar*, Index, Scalar*, Index, Index, const Scalar&, Eigen::internal::level3_blocking<Scalar, Scalar>&) [with Scalar = double; Index = int; int Mode = 2; int LhsStorageOrder = 1; bool ConjugateLhs = false; int RhsStorageOrder = 0; bool ConjugateRhs = false; int ResInnerStride = 1; int Version = 0]	720	dynamic
../Core/ControllingLib/src/../inc/./Eigen/src/Core/AssignEvaluator.h:834:6:void Eigen::internal::call_assignment(Dst&, const Src&) [with Dst = Eigen::Matrix<double, -1, -1>; Src = Eigen::Product<Eigen::TriangularView<Eigen::Matrix<double, -1, -1, 1, -1, -1>, 2>, Eigen::Matrix<double, -1, -1>, 0>]	120	static
../Core/ControllingLib/src/../inc/./Eigen/src/Core/products/TriangularMatrixMatrix.h:109:24:static void Eigen::internal::product_triangular_matrix_matrix<Scalar, Index, Mode, true, LhsStorageOrder, ConjugateLhs, RhsStorageOrder, ConjugateRhs, 0, ResInnerStride, Version>::run(Index, Index, Index, const Scalar*, Index, const Scalar*, Index, Scalar*, Index, Index, const Scalar&, Eigen::internal::level3_blocking<Scalar, Scalar>&) [with Scalar = double; Index = int; int Mode = 6; int LhsStorageOrder = 1; bool ConjugateLhs = false; int RhsStorageOrder = 0; bool ConjugateRhs = false; int ResInnerStride = 1; int Version = 0]	704	dynamic
../Core/ControllingLib/src/../inc/./Eigen/src/Householder/BlockHouseholder.h:86:6:void Eigen::internal::apply_block_householder_on_the_left(MatrixType&, const VectorsType&, const CoeffsType&, bool) [with MatrixType = Eigen::Block<Eigen::Matrix<double, -1, -1>, -1, -1, false>; VectorsType = Eigen::Block<Eigen::Matrix<double, -1, -1>, -1, -1, false>; CoeffsType = Eigen::VectorBlock<const Eigen::Matrix<double, -1, 1>, -1>]	152	static
../Core/ControllingLib/src/../inc/./Eigen/src/Householder/HouseholderSequence.h:369:17:void Eigen::HouseholderSequence<VectorsType, CoeffsType, Side>::applyThisOnTheLeft(Dest&, Workspace&, bool) const [with Dest = Eigen::Matrix<double, -1, -1>; Workspace = Eigen::Matrix<double, -1, 1>; VectorsType = Eigen::Matrix<double, -1, -1>; CoeffsType = Eigen::Matrix<double, -1, 1>; int Side = 1]	128	static
../Core/ControllingLib/src/../inc/./Eigen/src/Householder/HouseholderSequence.h:290:10:void Eigen::HouseholderSequence<VectorsType, CoeffsType, Side>::evalTo(Dest&, Workspace&) const [with Dest = Eigen::Matrix<double, -1, -1>; Workspace = Eigen::Matrix<double, -1, 1>; VectorsType = Eigen::Matrix<double, -1, -1>; CoeffsType = Eigen::Matrix<double, -1, 1>; int Side = 1]	152	static
../Core/ControllingLib/src/../inc/./Eigen/src/Eigenvalues/EigenSolver.h:147:14:Eigen::EigenSolver<_MatrixType>::EigenSolver(const Eigen::EigenBase<OtherDerived>&, bool) [with InputType = Eigen::Matrix<double, -1, -1>; _MatrixType = Eigen::Matrix<double, -1, -1>]	424	static
../Core/ControllingLib/src/transfer_fcn.cpp:62:10:void DT::TransferFunction::d2c(double, DT::TransferFunction&)	304	static
../Core/ControllingLib/src/transfer_fcn.cpp:139:1:cpp)	0	static
../Core/ControllingLib/src/transfer_fcn.cpp:139:1:cpp)	0	static
