../Core/ControllingLib/src/transfer_fcn.cpp:26:5:DT::TransferFunction::~TransferFunction()	16	static
../Core/ControllingLib/src/transfer_fcn.cpp:30:12:double DT::TransferFunction::step(double)	72	static
/opt/st/stm32cubeide_1.11.2/plugins/com.st.stm32cube.ide.mcu.externaltools.gnu-tools-for-stm32.10.3-2021.10.linux64_1.0.100.202210260954/tools/arm-none-eabi/include/c++/10.3.1/bits/unique_ptr.h:961:5:) [with _Tp = DT::CircleBuffer; _Args = {const Eigen::CwiseNullaryOp<Eigen::internal::scalar_constant_op<double>, Eigen::Matrix<double, -1, 1, 0, -1, 1> >}]	64	static
../Core/ControllingLib/src/transfer_fcn.cpp:92:10:void DT::TransferFunction::set_numerator(Eigen::VectorXd)	80	static
../Core/ControllingLib/src/transfer_fcn.cpp:106:10:void DT::TransferFunction::set_denominator(Eigen::VectorXd)	80	static
../Core/ControllingLib/src/transfer_fcn.cpp:8:5:DT::TransferFunction::TransferFunction()	80	static
../Core/ControllingLib/src/transfer_fcn.cpp:99:10:void DT::TransferFunction::set_numerator(std::vector<double>)	96	static
../Core/ControllingLib/src/transfer_fcn.cpp:113:10:void DT::TransferFunction::set_denominator(std::vector<double>)	96	static
../Core/ControllingLib/src/../inc/./Eigen/src/Core/util/Memory.h:515:45:void Eigen::internal::smart_copy(const T*, const T*, T*) [with T = double]	8	static
../Core/ControllingLib/src/transfer_fcn.cpp:14:5:DT::TransferFunction::TransferFunction(Eigen::VectorXd, Eigen::VectorXd)	32	static
../Core/ControllingLib/src/../inc/./Eigen/src/Core/Dot.h:72:1:typename Eigen::ScalarBinaryOpTraits<typename Eigen::internal::traits<T>::Scalar, typename Eigen::internal::traits<OtherDerived>::Scalar>::ReturnType Eigen::MatrixBase<Derived>::dot(const Eigen::MatrixBase<OtherDerived>&) const [with OtherDerived = Eigen::Block<Eigen::Block<Eigen::Matrix<double, -1, -1>, -1, 1, true>, -1, 1, false>; Derived = Eigen::Block<Eigen::Block<Eigen::Matrix<double, -1, -1>, 1, -1, false>, 1, -1, false>]	216	static
../Core/ControllingLib/src/../inc/./Eigen/src/Core/NoAlias.h:102:47:Eigen::NoAlias<Derived, Eigen::MatrixBase> Eigen::MatrixBase<Derived>::noalias() [with Derived = Eigen::Matrix<double, -1, 1>]	0	static
../Core/ControllingLib/src/../inc/./Eigen/src/Core/util/Memory.h:515:45:void Eigen::internal::smart_copy(const T*, const T*, T*) [with T = std::complex<double>]	8	static
../Core/ControllingLib/src/../inc/./Eigen/src/Core/util/XprHelper.h:695:6:bool Eigen::internal::is_same_dense(const T1&, const T2&, typename Eigen::internal::enable_if<Eigen::internal::possibly_same_dense<T1, T2>::value>::type*) [with T1 = Eigen::Matrix<double, -1, -1>; T2 = Eigen::Matrix<double, -1, -1>]	0	static
../Core/ControllingLib/src/../inc/./Eigen/src/Core/CwiseNullaryOp.h:698:48:Derived& Eigen::DenseBase<Derived>::setOnes() [with Derived = Eigen::Diagonal<Eigen::Matrix<double, -1, -1>, 0>]	128	static
../Core/ControllingLib/src/../inc/./Eigen/src/Core/TriangularMatrix.h:644:1:typename Eigen::MatrixBase<Derived>::TriangularViewReturnType<Mode>::Type Eigen::MatrixBase<Derived>::triangularView() [with unsigned int Mode = 10; Derived = Eigen::Matrix<double, -1, -1>]	0	static
../Core/ControllingLib/src/../inc/./Eigen/src/Core/TriangularMatrix.h:409:25:Eigen::TriangularViewImpl<_MatrixType, _Mode, Eigen::Dense>::TriangularViewType& Eigen::TriangularViewImpl<_MatrixType, _Mode, Eigen::Dense>::setZero() [with _MatrixType = Eigen::Matrix<double, -1, -1>; unsigned int _Mode = 10]	104	static
../Core/ControllingLib/src/../inc/./Eigen/src/Eigenvalues/RealSchur.h:430:13:void Eigen::RealSchur<_MatrixType>::computeShift(Eigen::RealSchur<_MatrixType>::Index, Eigen::RealSchur<_MatrixType>::Index, Eigen::RealSchur<_MatrixType>::Scalar&, Eigen::RealSchur<_MatrixType>::Vector3s&) [with _MatrixType = Eigen::Matrix<double, -1, -1>]	80	static
../Core/ControllingLib/src/../inc/./Eigen/src/Eigenvalues/RealSchur.h:472:13:void Eigen::RealSchur<_MatrixType>::initFrancisQRStep(Eigen::RealSchur<_MatrixType>::Index, Eigen::RealSchur<_MatrixType>::Index, const Vector3s&, Eigen::RealSchur<_MatrixType>::Index&, Eigen::RealSchur<_MatrixType>::Vector3s&) [with _MatrixType = Eigen::Matrix<double, -1, -1>]	136	static
../Core/ControllingLib/src/../inc/./Eigen/src/Core/util/IntegralConstant.h:156:46:Eigen::Index Eigen::internal::get_runtime_value(const T&) [with T = int]	0	static
../Core/ControllingLib/src/../inc/./Eigen/src/Core/NoAlias.h:102:47:Eigen::NoAlias<Derived, Eigen::MatrixBase> Eigen::MatrixBase<Derived>::noalias() [with Derived = Eigen::Map<Eigen::Matrix<double, -1, 1>, 0, Eigen::Stride<0, 0> >]	0	static
../Core/ControllingLib/src/../inc/./Eigen/src/Core/NoAlias.h:102:47:Eigen::NoAlias<Derived, Eigen::MatrixBase> Eigen::MatrixBase<Derived>::noalias() [with Derived = Eigen::Block<Eigen::Block<Eigen::Matrix<double, -1, -1>, -1, -1, false>, -1, -1, false>]	0	static
../Core/ControllingLib/src/../inc/./Eigen/src/Core/NoAlias.h:102:47:Eigen::NoAlias<Derived, Eigen::MatrixBase> Eigen::MatrixBase<Derived>::noalias() [with Derived = Eigen::Map<Eigen::Matrix<double, 1, -1>, 0, Eigen::Stride<0, 0> >]	0	static
../Core/ControllingLib/src/../inc/./Eigen/src/Householder/Householder.h:67:6:void Eigen::MatrixBase<Derived>::makeHouseholder(EssentialPart&, Eigen::MatrixBase<Derived>::Scalar&, Eigen::MatrixBase<Derived>::RealScalar&) const [with EssentialPart = Eigen::Matrix<double, 2, 1>; Derived = Eigen::Matrix<double, 3, 1>]	256	static
../Core/ControllingLib/src/../inc/./Eigen/src/Householder/Householder.h:67:6:void Eigen::MatrixBase<Derived>::makeHouseholder(EssentialPart&, Eigen::MatrixBase<Derived>::Scalar&, Eigen::MatrixBase<Derived>::RealScalar&) const [with EssentialPart = Eigen::Matrix<double, 1, 1, 0, 1, 1>; Derived = Eigen::Matrix<double, 2, 1>]	256	static
../Core/ControllingLib/src/../inc/./Eigen/src/Core/MathFunctions.h:983:1:typename Eigen::internal::enable_if<((! std::is_integral<_Tp>::value) && (! Eigen::NumTraits<T>::IsComplex)), bool>::type Eigen::internal::isfinite_impl(const T&) [with T = double]	16	static
../Core/ControllingLib/src/../inc/./Eigen/src/Core/MathFunctions.h:1372:46:bool Eigen::numext::isfinite(const T&) [with T = double]	8	static
../Core/ControllingLib/src/../inc/./Eigen/src/Core/MathFunctions.h:1852:24:bool Eigen::internal::isfinite_impl(const std::complex<_Tp>&) [with T = double]	24	static
../Core/ControllingLib/src/../inc/./Eigen/src/Core/MathFunctions.h:1372:46:bool Eigen::numext::isfinite(const T&) [with T = std::complex<double>]	8	static
../Core/ControllingLib/src/../inc/./Eigen/src/Core/AssignEvaluator.h:791:44:void Eigen::internal::call_dense_assignment_loop(DstXprType&, const Eigen::CwiseNullaryOp<Eigen::internal::scalar_constant_op<typename DstXprType::Scalar>, DstXprType>&, const Eigen::internal::assign_op<typename DstXprType::Scalar, typename DstXprType::Scalar>&) [with DstXprType = Eigen::Matrix<std::complex<double>, -1, 1>]	16	static
../Core/ControllingLib/src/../inc/Eigen/unsupported/src/Polynomials/PolynomialUtils.h:129:6:void Eigen::roots_to_monicPolynomial(const RootVector&, Polynomial&) [with RootVector = Eigen::Matrix<std::complex<double>, -1, 1>; Polynomial = Eigen::Matrix<std::complex<double>, -1, 1>]	192	static
/opt/st/stm32cubeide_1.11.2/plugins/com.st.stm32cube.ide.mcu.externaltools.gnu-tools-for-stm32.10.3-2021.10.linux64_1.0.100.202210260954/tools/arm-none-eabi/include/c++/10.3.1/bits/stl_iterator.h:1225:5:_Iterator std::__niter_base(__gnu_cxx::__normal_iterator<_Iterator, _Container>) [with _Iterator = const double*; _Container = std::vector<double>]	0	static
../Core/ControllingLib/src/transfer_fcn.cpp:20:5:DT::TransferFunction::TransferFunction(std::vector<double>, std::vector<double>)	56	static
../Core/ControllingLib/src/../inc/./Eigen/src/Householder/Householder.h:67:6:void Eigen::MatrixBase<Derived>::makeHouseholder(EssentialPart&, Eigen::MatrixBase<Derived>::Scalar&, Eigen::MatrixBase<Derived>::RealScalar&) const [with EssentialPart = Eigen::VectorBlock<Eigen::Block<Eigen::Block<Eigen::Matrix<double, -1, -1>, -1, 1, true>, -1, 1, false>, -1>; Derived = Eigen::Block<Eigen::Block<Eigen::Matrix<double, -1, -1>, -1, 1, true>, -1, 1, false>]	368	static
../Core/ControllingLib/src/../inc/./Eigen/src/Householder/Householder.h:43:6:void Eigen::MatrixBase<Derived>::makeHouseholderInPlace(Eigen::MatrixBase<Derived>::Scalar&, Eigen::MatrixBase<Derived>::RealScalar&) [with Derived = Eigen::Block<Eigen::Block<Eigen::Matrix<double, -1, -1>, -1, 1, true>, -1, 1, false>]	104	static
../Core/ControllingLib/src/../inc/./Eigen/src/Core/NoAlias.h:102:47:Eigen::NoAlias<Derived, Eigen::MatrixBase> Eigen::MatrixBase<Derived>::noalias() [with Derived = Eigen::Block<Eigen::Block<Eigen::Matrix<double, -1, -1>, -1, -1, true>, -1, -1, false>]	0	static
../Core/ControllingLib/src/../inc/./Eigen/src/Core/TriangularMatrix.h:644:1:typename Eigen::MatrixBase<Derived>::TriangularViewReturnType<Mode>::Type Eigen::MatrixBase<Derived>::triangularView() [with unsigned int Mode = 2; Derived = Eigen::Matrix<double, -1, -1, 1, -1, -1>]	0	static
../Core/ControllingLib/src/../inc/./Eigen/src/Core/NoAlias.h:102:47:Eigen::NoAlias<Derived, Eigen::MatrixBase> Eigen::MatrixBase<Derived>::noalias() [with Derived = Eigen::Block<Eigen::Matrix<double, -1, -1>, -1, -1, false>]	0	static
../Core/ControllingLib/src/../inc/./Eigen/src/Jacobi/Jacobi.h:231:6:void Eigen::JacobiRotation<Scalar>::makeGivens(const Scalar&, const Scalar&, Scalar*, Eigen::internal::false_type) [with Scalar = double]	48	static
../Core/ControllingLib/src/../inc/./Eigen/src/Jacobi/Jacobi.h:162:6:void Eigen::JacobiRotation<Scalar>::makeGivens(const Scalar&, const Scalar&, Scalar*) [with Scalar = double]	16	static
../Core/ControllingLib/src/../inc/./Eigen/src/Jacobi/Jacobi.h:453:28:void Eigen::internal::apply_rotation_in_the_plane(Eigen::DenseBase<Derived>&, Eigen::DenseBase<Derived>&, const Eigen::JacobiRotation<OtherScalar>&) [with VectorX = Eigen::Block<Eigen::Block<Eigen::Matrix<double, -1, -1>, -1, -1, true>, 1, -1, false>; VectorY = Eigen::Block<Eigen::Block<Eigen::Matrix<double, -1, -1>, -1, -1, true>, 1, -1, false>; OtherScalar = double]	80	static
../Core/ControllingLib/src/../inc/./Eigen/src/Jacobi/Jacobi.h:453:28:void Eigen::internal::apply_rotation_in_the_plane(Eigen::DenseBase<Derived>&, Eigen::DenseBase<Derived>&, const Eigen::JacobiRotation<OtherScalar>&) [with VectorX = Eigen::Block<Eigen::Block<Eigen::Matrix<double, -1, -1>, -1, -1, false>, -1, 1, true>; VectorY = Eigen::Block<Eigen::Block<Eigen::Matrix<double, -1, -1>, -1, -1, false>, -1, 1, true>; OtherScalar = double]	72	static
../Core/ControllingLib/src/../inc/./Eigen/src/Jacobi/Jacobi.h:453:28:void Eigen::internal::apply_rotation_in_the_plane(Eigen::DenseBase<Derived>&, Eigen::DenseBase<Derived>&, const Eigen::JacobiRotation<OtherScalar>&) [with VectorX = Eigen::Block<Eigen::Matrix<double, -1, -1>, -1, 1, true>; VectorY = Eigen::Block<Eigen::Matrix<double, -1, -1>, -1, 1, true>; OtherScalar = double]	72	static
../Core/ControllingLib/src/../inc/./Eigen/src/Eigenvalues/RealSchur.h:395:13:void Eigen::RealSchur<_MatrixType>::splitOffTwoRows(Eigen::RealSchur<_MatrixType>::Index, bool, const Scalar&) [with _MatrixType = Eigen::Matrix<double, -1, -1>]	464	static
../Core/ControllingLib/src/../inc/./Eigen/src/Core/NoAlias.h:102:47:Eigen::NoAlias<Derived, Eigen::MatrixBase> Eigen::MatrixBase<Derived>::noalias() [with Derived = Eigen::Block<Eigen::Block<Eigen::Matrix<double, -1, -1>, -1, -1, false>, 2, -1, false>]	0	static
../Core/ControllingLib/src/../inc/./Eigen/src/Core/NoAlias.h:102:47:Eigen::NoAlias<Derived, Eigen::MatrixBase> Eigen::MatrixBase<Derived>::noalias() [with Derived = Eigen::Block<Eigen::Block<Eigen::Matrix<double, -1, -1>, -1, -1, false>, -1, 2, false>]	0	static
../Core/ControllingLib/src/../inc/./Eigen/src/Core/NoAlias.h:102:47:Eigen::NoAlias<Derived, Eigen::MatrixBase> Eigen::MatrixBase<Derived>::noalias() [with Derived = Eigen::Block<Eigen::Block<Eigen::Matrix<double, -1, -1>, -1, -1, false>, 1, -1, false>]	0	static
../Core/ControllingLib/src/../inc/./Eigen/src/Core/NoAlias.h:102:47:Eigen::NoAlias<Derived, Eigen::MatrixBase> Eigen::MatrixBase<Derived>::noalias() [with Derived = Eigen::Block<Eigen::Block<Eigen::Matrix<double, -1, -1>, -1, -1, false>, -1, 1, false>]	0	static
../Core/ControllingLib/src/../inc/./Eigen/src/Core/NoAlias.h:102:47:Eigen::NoAlias<Derived, Eigen::MatrixBase> Eigen::MatrixBase<Derived>::noalias() [with Derived = Eigen::Block<Eigen::Block<Eigen::Matrix<double, -1, -1, 1, -1, -1>, 1, -1, true>, 1, -1, false>]	0	static
../Core/ControllingLib/src/../inc/./Eigen/src/Core/TriangularMatrix.h:654:1:typename Eigen::MatrixBase<Derived>::ConstTriangularViewReturnType<Mode>::Type Eigen::MatrixBase<Derived>::triangularView() const [with unsigned int Mode = 5; Derived = Eigen::Block<const Eigen::Block<Eigen::Matrix<double, -1, -1>, -1, -1, false>, -1, -1, false>]	8	static
../Core/ControllingLib/src/../inc/./Eigen/src/Core/ProductEvaluators.h:174:8:static void Eigen::internal::Assignment<DstXprType, Eigen::Product<Lhs, Rhs, Options>, Eigen::internal::sub_assign_op<Scalar, Scalar>, Eigen::internal::Dense2Dense, typename Eigen::internal::enable_if<((Options == Eigen::DefaultProduct) || (Options == Eigen::AliasFreeProduct))>::type>::run(DstXprType&, const SrcXprType&, const Eigen::internal::sub_assign_op<Scalar, Scalar>&) [with DstXprType = Eigen::Block<Eigen::Block<Eigen::Matrix<double, -1, -1>, -1, -1, false>, 1, -1, false>; Lhs = Eigen::CwiseBinaryOp<Eigen::internal::scalar_product_op<double, double>, const Eigen::CwiseNullaryOp<Eigen::internal::scalar_constant_op<double>, const Eigen::Matrix<double, 1, 1, 0, 1, 1> >, const Eigen::Matrix<double, 1, 1, 0, 1, 1> >; Rhs = Eigen::Map<Eigen::Matrix<double, 1, -1>, 0, Eigen::Stride<0, 0> >; int Options = 0; Scalar = double]	328	static
../Core/ControllingLib/src/../inc/./Eigen/src/Core/ProductEvaluators.h:174:8:static void Eigen::internal::Assignment<DstXprType, Eigen::Product<Lhs, Rhs, Options>, Eigen::internal::sub_assign_op<Scalar, Scalar>, Eigen::internal::Dense2Dense, typename Eigen::internal::enable_if<((Options == Eigen::DefaultProduct) || (Options == Eigen::AliasFreeProduct))>::type>::run(DstXprType&, const SrcXprType&, const Eigen::internal::sub_assign_op<Scalar, Scalar>&) [with DstXprType = Eigen::Block<Eigen::Block<Eigen::Matrix<double, -1, -1>, -1, -1, false>, -1, 1, false>; Lhs = Eigen::CwiseBinaryOp<Eigen::internal::scalar_product_op<double, double>, const Eigen::CwiseNullaryOp<Eigen::internal::scalar_constant_op<double>, const Eigen::Matrix<double, -1, 1> >, const Eigen::Map<Eigen::Matrix<double, -1, 1>, 0, Eigen::Stride<0, 0> > >; Rhs = Eigen::Transpose<const Eigen::Matrix<double, 1, 1, 0, 1, 1> >; int Options = 0; Scalar = double]	488	static
../Core/ControllingLib/src/../inc/./Eigen/src/Core/AssignEvaluator.h:769:44:void Eigen::internal::call_dense_assignment_loop(DstXprType&, const SrcXprType&, const Functor&) [with DstXprType = Eigen::Matrix<double, -1, -1>; SrcXprType = Eigen::Matrix<double, -1, -1>; Functor = Eigen::internal::assign_op<double, double>]	56	static
../Core/ControllingLib/src/../inc/./Eigen/src/Core/ProductEvaluators.h:272:24:void Eigen::internal::outer_product_selector_run(Dst&, const Lhs&, const Rhs&, const Func&, const Eigen::internal::false_type&) [with Dst = Eigen::Block<Eigen::Block<Eigen::Matrix<double, -1, -1>, -1, -1, false>, -1, -1, false>; Lhs = Eigen::CwiseBinaryOp<Eigen::internal::scalar_product_op<double, double>, const Eigen::CwiseNullaryOp<Eigen::internal::scalar_constant_op<double>, const Eigen::Matrix<double, -1, 1> >, const Eigen::Block<const Eigen::Matrix<double, -1, -1>, -1, 1, false> >; Rhs = Eigen::Map<Eigen::Matrix<double, 1, -1>, 0, Eigen::Stride<0, 0> >; Func = Eigen::internal::generic_product_impl<Eigen::CwiseBinaryOp<Eigen::internal::scalar_product_op<double, double>, const Eigen::CwiseNullaryOp<Eigen::internal::scalar_constant_op<double>, const Eigen::Matrix<double, -1, 1> >, const Eigen::Block<const Eigen::Matrix<double, -1, -1>, -1, 1, false> >, Eigen::Map<Eigen::Matrix<double, 1, -1>, 0, Eigen::Stride<0, 0> >, Eigen::DenseShape, Eigen::DenseShape, 5>::sub]	312	dynamic
../Core/ControllingLib/src/../inc/./Eigen/src/Core/TriangularMatrix.h:644:1:typename Eigen::MatrixBase<Derived>::TriangularViewReturnType<Mode>::Type Eigen::MatrixBase<Derived>::triangularView() [with unsigned int Mode = 1; Derived = Eigen::Block<Eigen::Matrix<double, -1, -1>, -1, -1, false>]	8	static
../Core/ControllingLib/src/../inc/./Eigen/src/Core/TriangularMatrix.h:409:25:Eigen::TriangularViewImpl<_MatrixType, _Mode, Eigen::Dense>::TriangularViewType& Eigen::TriangularViewImpl<_MatrixType, _Mode, Eigen::Dense>::setZero() [with _MatrixType = Eigen::Block<Eigen::Matrix<double, -1, -1>, -1, -1, false>; unsigned int _Mode = 1]	96	static
../Core/ControllingLib/src/../inc/./Eigen/src/Core/Dot.h:72:1:typename Eigen::ScalarBinaryOpTraits<typename Eigen::internal::traits<T>::Scalar, typename Eigen::internal::traits<OtherDerived>::Scalar>::ReturnType Eigen::MatrixBase<Derived>::dot(const Eigen::MatrixBase<OtherDerived>&) const [with OtherDerived = Eigen::Block<const Eigen::Block<Eigen::Block<Eigen::Matrix<double, -1, -1>, -1, 1, true>, -1, 1, false>, -1, 1, true>; Derived = Eigen::Block<const Eigen::Block<Eigen::Matrix<double, -1, -1>, -1, -1, true>, 1, -1, false>]	240	static
../Core/ControllingLib/src/../inc/./Eigen/src/Core/ProductEvaluators.h:272:24:void Eigen::internal::outer_product_selector_run(Dst&, const Lhs&, const Rhs&, const Func&, const Eigen::internal::false_type&) [with Dst = Eigen::Block<Eigen::Block<Eigen::Matrix<double, -1, -1>, -1, -1, false>, -1, -1, false>; Lhs = Eigen::CwiseBinaryOp<Eigen::internal::scalar_product_op<double, double>, const Eigen::CwiseNullaryOp<Eigen::internal::scalar_constant_op<double>, const Eigen::Matrix<double, -1, 1> >, const Eigen::Block<Eigen::Block<Eigen::Matrix<double, -1, -1>, -1, 1, true>, -1, 1, false> >; Rhs = Eigen::Map<Eigen::Matrix<double, 1, -1>, 0, Eigen::Stride<0, 0> >; Func = Eigen::internal::generic_product_impl<Eigen::CwiseBinaryOp<Eigen::internal::scalar_product_op<double, double>, const Eigen::CwiseNullaryOp<Eigen::internal::scalar_constant_op<double>, const Eigen::Matrix<double, -1, 1> >, const Eigen::Block<Eigen::Block<Eigen::Matrix<double, -1, -1>, -1, 1, true>, -1, 1, false> >, Eigen::Map<Eigen::Matrix<double, 1, -1>, 0, Eigen::Stride<0, 0> >, Eigen::DenseShape, Eigen::DenseShape, 5>::sub]	312	dynamic
../Core/ControllingLib/src/../inc/./Eigen/src/Core/util/Memory.h:666:3:Eigen::internal::local_nested_eval_wrapper<Xpr, NbEvaluations, true>::local_nested_eval_wrapper(const Xpr&, Eigen::internal::local_nested_eval_wrapper<Xpr, NbEvaluations, true>::Scalar*) [with Xpr = Eigen::CwiseBinaryOp<Eigen::internal::scalar_product_op<double, double>, const Eigen::CwiseNullaryOp<Eigen::internal::scalar_constant_op<double>, const Eigen::Matrix<double, -1, 1> >, const Eigen::Map<Eigen::Matrix<double, -1, 1>, 0, Eigen::Stride<0, 0> > >; int NbEvaluations = -1]	104	static
../Core/ControllingLib/src/../inc/./Eigen/src/Core/ProductEvaluators.h:272:24:void Eigen::internal::outer_product_selector_run(Dst&, const Lhs&, const Rhs&, const Func&, const Eigen::internal::false_type&) [with Dst = Eigen::Block<Eigen::Block<Eigen::Matrix<double, -1, -1>, -1, -1, false>, -1, -1, false>; Lhs = Eigen::CwiseBinaryOp<Eigen::internal::scalar_product_op<double, double>, const Eigen::CwiseNullaryOp<Eigen::internal::scalar_constant_op<double>, const Eigen::Matrix<double, -1, 1> >, const Eigen::Map<Eigen::Matrix<double, -1, 1>, 0, Eigen::Stride<0, 0> > >; Rhs = Eigen::Transpose<const Eigen::Block<const Eigen::Matrix<double, -1, -1>, -1, 1, false> >; Func = Eigen::internal::generic_product_impl<Eigen::CwiseBinaryOp<Eigen::internal::scalar_product_op<double, double>, const Eigen::CwiseNullaryOp<Eigen::internal::scalar_constant_op<double>, const Eigen::Matrix<double, -1, 1> >, const Eigen::Map<Eigen::Matrix<double, -1, 1>, 0, Eigen::Stride<0, 0> > >, Eigen::Transpose<const Eigen::Block<const Eigen::Matrix<double, -1, -1>, -1, 1, false> >, Eigen::DenseShape, Eigen::DenseShape, 5>::sub]	304	dynamic
../Core/ControllingLib/src/../inc/./Eigen/src/Core/ProductEvaluators.h:272:24:void Eigen::internal::outer_product_selector_run(Dst&, const Lhs&, const Rhs&, const Func&, const Eigen::internal::false_type&) [with Dst = Eigen::Block<Eigen::Block<Eigen::Matrix<double, -1, -1>, -1, -1, true>, -1, -1, false>; Lhs = Eigen::CwiseBinaryOp<Eigen::internal::scalar_product_op<double, double>, const Eigen::CwiseNullaryOp<Eigen::internal::scalar_constant_op<double>, const Eigen::Matrix<double, -1, 1> >, const Eigen::Map<Eigen::Matrix<double, -1, 1>, 0, Eigen::Stride<0, 0> > >; Rhs = Eigen::Transpose<const Eigen::Block<Eigen::Block<Eigen::Matrix<double, -1, -1>, -1, 1, true>, -1, 1, false> >; Func = Eigen::internal::generic_product_impl<Eigen::CwiseBinaryOp<Eigen::internal::scalar_product_op<double, double>, const Eigen::CwiseNullaryOp<Eigen::internal::scalar_constant_op<double>, const Eigen::Matrix<double, -1, 1> >, const Eigen::Map<Eigen::Matrix<double, -1, 1>, 0, Eigen::Stride<0, 0> > >, Eigen::Transpose<const Eigen::Block<Eigen::Block<Eigen::Matrix<double, -1, -1>, -1, 1, true>, -1, 1, false> >, Eigen::DenseShape, Eigen::DenseShape, 5>::sub]	304	dynamic
../Core/ControllingLib/src/../inc/./Eigen/src/Core/products/GeneralMatrixVector.h:108:42:static void Eigen::internal::general_matrix_vector_product<Index, LhsScalar, LhsMapper, 0, ConjugateLhs, RhsScalar, RhsMapper, ConjugateRhs, Version>::run(Index, Index, const LhsMapper&, const RhsMapper&, Eigen::internal::general_matrix_vector_product<Index, LhsScalar, LhsMapper, 0, ConjugateLhs, RhsScalar, RhsMapper, ConjugateRhs, Version>::ResScalar*, Index, RhsScalar) [with Index = int; LhsScalar = double; LhsMapper = Eigen::internal::const_blas_data_mapper<double, int, 0>; bool ConjugateLhs = false; RhsScalar = double; RhsMapper = Eigen::internal::const_blas_data_mapper<double, int, 1>; bool ConjugateRhs = false; int Version = 0]	176	static
../Core/ControllingLib/src/../inc/./Eigen/src/Core/ProductEvaluators.h:141:8:static void Eigen::internal::Assignment<DstXprType, Eigen::Product<Lhs, Rhs, Options>, Eigen::internal::assign_op<Scalar, Scalar>, Eigen::internal::Dense2Dense, typename Eigen::internal::enable_if<((Options == Eigen::DefaultProduct) || (Options == Eigen::AliasFreeProduct))>::type>::run(DstXprType&, const SrcXprType&, const Eigen::internal::assign_op<Scalar, Scalar>&) [with DstXprType = Eigen::Matrix<double, -1, 1>; Lhs = Eigen::Block<Eigen::Matrix<double, -1, -1>, -1, -1, true>; Rhs = Eigen::Block<Eigen::Block<Eigen::Matrix<double, -1, -1>, -1, 1, true>, -1, 1, false>; int Options = 0; Scalar = double]	200	static
../Core/ControllingLib/src/../inc/./Eigen/src/Eigenvalues/EigenSolver.h:458:6:void Eigen::EigenSolver<_MatrixType>::doComputeEigenvectors() [with _MatrixType = Eigen::Matrix<double, -1, -1>]	1016	static
../Core/ControllingLib/src/../inc/./Eigen/src/Core/Dot.h:72:1:typename Eigen::ScalarBinaryOpTraits<typename Eigen::internal::traits<T>::Scalar, typename Eigen::internal::traits<OtherDerived>::Scalar>::ReturnType Eigen::MatrixBase<Derived>::dot(const Eigen::MatrixBase<OtherDerived>&) const [with OtherDerived = Eigen::Block<const Eigen::Block<const Eigen::Matrix<double, -1, -1>, -1, 1, false>, -1, 1, true>; Derived = Eigen::Block<const Eigen::Block<Eigen::Block<Eigen::Matrix<double, -1, -1>, -1, -1, false>, -1, -1, false>, 1, -1, false>]	264	static
../Core/ControllingLib/src/../inc/./Eigen/src/Core/ProductEvaluators.h:141:8:static void Eigen::internal::Assignment<DstXprType, Eigen::Product<Lhs, Rhs, Options>, Eigen::internal::assign_op<Scalar, Scalar>, Eigen::internal::Dense2Dense, typename Eigen::internal::enable_if<((Options == Eigen::DefaultProduct) || (Options == Eigen::AliasFreeProduct))>::type>::run(DstXprType&, const SrcXprType&, const Eigen::internal::assign_op<Scalar, Scalar>&) [with DstXprType = Eigen::Map<Eigen::Matrix<double, -1, 1>, 0, Eigen::Stride<0, 0> >; Lhs = Eigen::Block<Eigen::Block<Eigen::Matrix<double, -1, -1>, -1, -1, false>, -1, -1, false>; Rhs = Eigen::Block<const Eigen::Matrix<double, -1, -1>, -1, 1, false>; int Options = 0; Scalar = double]	216	static
../Core/ControllingLib/src/../inc/./Eigen/src/Householder/Householder.h:154:6:void Eigen::MatrixBase<Derived>::applyHouseholderOnTheRight(const EssentialPart&, const Scalar&, Eigen::MatrixBase<Derived>::Scalar*) [with EssentialPart = Eigen::Block<const Eigen::Matrix<double, -1, -1>, -1, 1, false>; Derived = Eigen::Block<Eigen::Matrix<double, -1, -1>, -1, -1, false>]	440	static
../Core/ControllingLib/src/../inc/./Eigen/src/Core/Dot.h:72:1:typename Eigen::ScalarBinaryOpTraits<typename Eigen::internal::traits<T>::Scalar, typename Eigen::internal::traits<OtherDerived>::Scalar>::ReturnType Eigen::MatrixBase<Derived>::dot(const Eigen::MatrixBase<OtherDerived>&) const [with OtherDerived = Eigen::Block<const Eigen::Block<Eigen::Block<Eigen::Matrix<double, -1, -1>, -1, -1, false>, -1, -1, false>, -1, 1, true>; Derived = Eigen::Block<const Eigen::Transpose<const Eigen::Block<const Eigen::Matrix<double, -1, -1>, -1, 1, false> >, 1, -1, true>]	240	static
../Core/ControllingLib/src/../inc/./Eigen/src/Core/Dot.h:72:1:typename Eigen::ScalarBinaryOpTraits<typename Eigen::internal::traits<T>::Scalar, typename Eigen::internal::traits<OtherDerived>::Scalar>::ReturnType Eigen::MatrixBase<Derived>::dot(const Eigen::MatrixBase<OtherDerived>&) const [with OtherDerived = Eigen::Block<const Eigen::Block<Eigen::Block<Eigen::Matrix<double, -1, -1>, -1, -1, false>, -1, -1, false>, -1, 1, true>; Derived = Eigen::Block<const Eigen::Transpose<const Eigen::Block<Eigen::Block<Eigen::Matrix<double, -1, -1>, -1, 1, true>, -1, 1, false> >, 1, -1, true>]	288	static
../Core/ControllingLib/src/../inc/./Eigen/src/Core/Dot.h:72:1:typename Eigen::ScalarBinaryOpTraits<typename Eigen::internal::traits<T>::Scalar, typename Eigen::internal::traits<OtherDerived>::Scalar>::ReturnType Eigen::MatrixBase<Derived>::dot(const Eigen::MatrixBase<OtherDerived>&) const [with OtherDerived = Eigen::Block<const Eigen::Block<Eigen::Block<Eigen::Matrix<double, -1, -1>, -1, 1, true>, -1, 1, false>, -1, 1, true>; Derived = Eigen::Block<const Eigen::Block<Eigen::Block<Eigen::Matrix<double, -1, -1>, -1, -1, true>, -1, -1, false>, 1, -1, false>]	288	static
../Core/ControllingLib/src/../inc/./Eigen/src/Core/ProductEvaluators.h:376:53:static void Eigen::internal::generic_product_impl<Lhs, Rhs, Eigen::DenseShape, Eigen::DenseShape, 7>::scaleAndAddTo(Dest&, const Lhs&, const Rhs&, const Scalar&) [with Dest = Eigen::Map<Eigen::Matrix<double, -1, 1>, 0, Eigen::Stride<0, 0> >; Lhs = Eigen::Block<Eigen::Block<Eigen::Matrix<double, -1, -1>, -1, -1, true>, -1, -1, false>; Rhs = Eigen::Block<Eigen::Block<Eigen::Matrix<double, -1, -1>, -1, 1, true>, -1, 1, false>]	304	static
../Core/ControllingLib/src/../inc/./Eigen/src/Householder/Householder.h:154:6:void Eigen::MatrixBase<Derived>::applyHouseholderOnTheRight(const EssentialPart&, const Scalar&, Eigen::MatrixBase<Derived>::Scalar*) [with EssentialPart = Eigen::VectorBlock<Eigen::Block<Eigen::Matrix<double, -1, -1>, -1, 1, true>, -1>; Derived = Eigen::Block<Eigen::Matrix<double, -1, -1>, -1, -1, true>]	488	static
../Core/ControllingLib/src/../inc/./Eigen/src/Core/AssignEvaluator.h:769:44:void Eigen::internal::call_dense_assignment_loop(DstXprType&, const SrcXprType&, const Functor&) [with DstXprType = Eigen::Map<Eigen::Matrix<double, -1, 1>, 0, Eigen::Stride<0, 0> >; SrcXprType = Eigen::Product<Eigen::Block<Eigen::Block<Eigen::Matrix<double, -1, -1>, -1, -1, false>, -1, 2, false>, Eigen::Matrix<double, 2, 1>, 1>; Functor = Eigen::internal::assign_op<double, double>]	440	static
../Core/ControllingLib/src/../inc/./Eigen/src/Core/AssignEvaluator.h:769:44:void Eigen::internal::call_dense_assignment_loop(DstXprType&, const SrcXprType&, const Functor&) [with DstXprType = Eigen::Map<Eigen::Matrix<double, -1, 1>, 0, Eigen::Stride<0, 0> >; SrcXprType = Eigen::Product<Eigen::Block<Eigen::Block<Eigen::Matrix<double, -1, -1>, -1, -1, false>, -1, 1, false>, Eigen::Matrix<double, 1, 1, 0, 1, 1>, 1>; Functor = Eigen::internal::assign_op<double, double>]	416	static
../Core/ControllingLib/src/../inc/./Eigen/src/Householder/Householder.h:154:6:void Eigen::MatrixBase<Derived>::applyHouseholderOnTheRight(const EssentialPart&, const Scalar&, Eigen::MatrixBase<Derived>::Scalar*) [with EssentialPart = Eigen::Matrix<double, 1, 1, 0, 1, 1>; Derived = Eigen::Block<Eigen::Matrix<double, -1, -1>, -1, -1, false>]	400	static
../Core/ControllingLib/src/../inc/./Eigen/src/Core/products/GeneralMatrixVector.h:327:42:static void Eigen::internal::general_matrix_vector_product<Index, LhsScalar, LhsMapper, 1, ConjugateLhs, RhsScalar, RhsMapper, ConjugateRhs, Version>::run(Index, Index, const LhsMapper&, const RhsMapper&, Eigen::internal::general_matrix_vector_product<Index, LhsScalar, LhsMapper, 1, ConjugateLhs, RhsScalar, RhsMapper, ConjugateRhs, Version>::ResScalar*, Index, Eigen::internal::general_matrix_vector_product<Index, LhsScalar, LhsMapper, 1, ConjugateLhs, RhsScalar, RhsMapper, ConjugateRhs, Version>::ResScalar) [with Index = int; LhsScalar = double; LhsMapper = Eigen::internal::const_blas_data_mapper<double, int, 1>; bool ConjugateLhs = false; RhsScalar = double; RhsMapper = Eigen::internal::const_blas_data_mapper<double, int, 0>; bool ConjugateRhs = false; int Version = 0]	144	static
../Core/ControllingLib/src/../inc/./Eigen/src/Core/GeneralProduct.h:307:15:static void Eigen::internal::gemv_dense_selector<2, 1, true>::run(const Lhs&, const Rhs&, Dest&, const typename Dest::Scalar&) [with Lhs = Eigen::Transpose<const Eigen::Block<Eigen::Block<Eigen::Matrix<double, -1, -1>, -1, -1, false>, -1, -1, false> >; Rhs = Eigen::Transpose<const Eigen::Transpose<const Eigen::Block<Eigen::Block<Eigen::Matrix<double, -1, -1>, -1, 1, true>, -1, 1, false> > >; Dest = Eigen::Transpose<Eigen::Map<Eigen::Matrix<double, 1, -1>, 0, Eigen::Stride<0, 0> > >]	224	dynamic
../Core/ControllingLib/src/../inc/./Eigen/src/Core/ProductEvaluators.h:376:53:static void Eigen::internal::generic_product_impl<Lhs, Rhs, Eigen::DenseShape, Eigen::DenseShape, 7>::scaleAndAddTo(Dest&, const Lhs&, const Rhs&, const Scalar&) [with Dest = Eigen::Map<Eigen::Matrix<double, 1, -1>, 0, Eigen::Stride<0, 0> >; Lhs = Eigen::Transpose<const Eigen::Block<Eigen::Block<Eigen::Matrix<double, -1, -1>, -1, 1, true>, -1, 1, false> >; Rhs = Eigen::Block<Eigen::Block<Eigen::Matrix<double, -1, -1>, -1, -1, false>, -1, -1, false>]	296	static
../Core/ControllingLib/src/../inc/./Eigen/src/Householder/Householder.h:116:6:void Eigen::MatrixBase<Derived>::applyHouseholderOnTheLeft(const EssentialPart&, const Scalar&, Eigen::MatrixBase<Derived>::Scalar*) [with EssentialPart = Eigen::VectorBlock<Eigen::Block<Eigen::Matrix<double, -1, -1>, -1, 1, true>, -1>; Derived = Eigen::Block<Eigen::Matrix<double, -1, -1>, -1, -1, false>]	504	static
../Core/ControllingLib/src/../inc/./Eigen/src/Eigenvalues/./HessenbergDecomposition.h:294:6:static void Eigen::HessenbergDecomposition<_MatrixType>::_compute(Eigen::HessenbergDecomposition<_MatrixType>::MatrixType&, Eigen::HessenbergDecomposition<_MatrixType>::CoeffVectorType&, Eigen::HessenbergDecomposition<_MatrixType>::VectorType&) [with _MatrixType = Eigen::Matrix<double, -1, -1>]	312	static
../Core/ControllingLib/src/../inc/./Eigen/src/Core/GeneralProduct.h:307:15:static void Eigen::internal::gemv_dense_selector<2, 1, true>::run(const Lhs&, const Rhs&, Dest&, const typename Dest::Scalar&) [with Lhs = Eigen::Transpose<const Eigen::Block<Eigen::Block<Eigen::Matrix<double, -1, -1>, -1, -1, false>, -1, -1, false> >; Rhs = Eigen::Transpose<const Eigen::Transpose<const Eigen::Block<const Eigen::Matrix<double, -1, -1>, -1, 1, false> > >; Dest = Eigen::Transpose<Eigen::Map<Eigen::Matrix<double, 1, -1>, 0, Eigen::Stride<0, 0> > >]	216	dynamic
../Core/ControllingLib/src/../inc/./Eigen/src/Core/ProductEvaluators.h:376:53:static void Eigen::internal::generic_product_impl<Lhs, Rhs, Eigen::DenseShape, Eigen::DenseShape, 7>::scaleAndAddTo(Dest&, const Lhs&, const Rhs&, const Scalar&) [with Dest = Eigen::Map<Eigen::Matrix<double, 1, -1>, 0, Eigen::Stride<0, 0> >; Lhs = Eigen::Transpose<const Eigen::Block<const Eigen::Matrix<double, -1, -1>, -1, 1, false> >; Rhs = Eigen::Block<Eigen::Block<Eigen::Matrix<double, -1, -1>, -1, -1, false>, -1, -1, false>]	264	static
../Core/ControllingLib/src/../inc/./Eigen/src/Householder/Householder.h:116:6:void Eigen::MatrixBase<Derived>::applyHouseholderOnTheLeft(const EssentialPart&, const Scalar&, Eigen::MatrixBase<Derived>::Scalar*) [with EssentialPart = Eigen::Block<const Eigen::Matrix<double, -1, -1>, -1, 1, false>; Derived = Eigen::Block<Eigen::Matrix<double, -1, -1>, -1, -1, false>]	488	static
../Core/ControllingLib/src/../inc/./Eigen/src/Core/AssignEvaluator.h:514:53:static void Eigen::internal::dense_assignment_loop<Kernel, 1, 0>::run(Kernel&) [with Kernel = Eigen::internal::generic_dense_assignment_kernel<Eigen::internal::evaluator<Eigen::Map<Eigen::Matrix<double, 1, -1>, 0, Eigen::Stride<0, 0> > >, Eigen::internal::evaluator<Eigen::Product<Eigen::Transpose<const Eigen::Matrix<double, 2, 1> >, Eigen::Block<Eigen::Block<Eigen::Matrix<double, -1, -1>, -1, -1, false>, 2, -1, false>, 1> >, Eigen::internal::assign_op<double, double>, 0>]	288	static
../Core/ControllingLib/src/../inc/./Eigen/src/Core/AssignEvaluator.h:343:53:static void Eigen::internal::dense_assignment_loop<Kernel, 0, 0>::run(Kernel&) [with Kernel = Eigen::internal::generic_dense_assignment_kernel<Eigen::internal::evaluator<Eigen::Block<Eigen::Block<Eigen::Matrix<double, -1, -1>, -1, -1, false>, -1, 2, false> >, Eigen::internal::evaluator<Eigen::Product<Eigen::CwiseBinaryOp<Eigen::internal::scalar_product_op<double, double>, const Eigen::CwiseNullaryOp<Eigen::internal::scalar_constant_op<double>, const Eigen::Matrix<double, -1, 1> >, const Eigen::Map<Eigen::Matrix<double, -1, 1>, 0, Eigen::Stride<0, 0> > >, Eigen::Transpose<const Eigen::Matrix<double, 2, 1> >, 1> >, Eigen::internal::sub_assign_op<double, double>, 0>]	328	static
../Core/ControllingLib/src/../inc/./Eigen/src/Householder/Householder.h:154:6:void Eigen::MatrixBase<Derived>::applyHouseholderOnTheRight(const EssentialPart&, const Scalar&, Eigen::MatrixBase<Derived>::Scalar*) [with EssentialPart = Eigen::Matrix<double, 2, 1>; Derived = Eigen::Block<Eigen::Matrix<double, -1, -1>, -1, -1, false>]	480	static
../Core/ControllingLib/src/../inc/./Eigen/src/Core/AssignEvaluator.h:514:53:static void Eigen::internal::dense_assignment_loop<Kernel, 1, 0>::run(Kernel&) [with Kernel = Eigen::internal::generic_dense_assignment_kernel<Eigen::internal::evaluator<Eigen::Map<Eigen::Matrix<double, 1, -1>, 0, Eigen::Stride<0, 0> > >, Eigen::internal::evaluator<Eigen::Product<Eigen::Transpose<const Eigen::Matrix<double, 1, 1, 0, 1, 1> >, Eigen::Block<Eigen::Block<Eigen::Matrix<double, -1, -1>, -1, -1, false>, 1, -1, false>, 1> >, Eigen::internal::assign_op<double, double>, 0>]	264	static
../Core/ControllingLib/src/../inc/./Eigen/src/Householder/Householder.h:116:6:void Eigen::MatrixBase<Derived>::applyHouseholderOnTheLeft(const EssentialPart&, const Scalar&, Eigen::MatrixBase<Derived>::Scalar*) [with EssentialPart = Eigen::Matrix<double, 1, 1, 0, 1, 1>; Derived = Eigen::Block<Eigen::Matrix<double, -1, -1>, -1, -1, false>]	416	static
../Core/ControllingLib/src/../inc/./Eigen/src/Core/products/GeneralBlockPanelKernel.h:2386:24:void Eigen::internal::gemm_pack_rhs<Scalar, Index, DataMapper, nr, 0, Conjugate, PanelMode>::operator()(Scalar*, const DataMapper&, Index, Index, Index, Index) [with Scalar = double; Index = int; DataMapper = Eigen::internal::const_blas_data_mapper<double, int, 0>; int nr = 4; bool Conjugate = false; bool PanelMode = false]	40	static,ignoring_inline_asm
../Core/ControllingLib/src/../inc/./Eigen/src/Core/products/GeneralBlockPanelKernel.h:2096:24:void Eigen::internal::gemm_pack_lhs<Scalar, Index, DataMapper, Pack1, Pack2, Packet, 0, Conjugate, PanelMode>::operator()(Scalar*, const DataMapper&, Index, Index, Index, Index) [with Scalar = double; Index = int; DataMapper = Eigen::internal::const_blas_data_mapper<double, int, 0>; int Pack1 = 1; int Pack2 = 1; Packet = double; bool Conjugate = false; bool PanelMode = false]	24	static,ignoring_inline_asm
../Core/ControllingLib/src/../inc/./Eigen/src/Core/products/GeneralBlockPanelKernel.h:1210:28:void Eigen::internal::lhs_process_one_packet<nr, LhsProgress, RhsProgress, LhsScalar, RhsScalar, ResScalar, AccPacket, LhsPacket, RhsPacket, ResPacket, GEBPTraits, LinearMapper, DataMapper>::operator()(const DataMapper&, const LhsScalar*, const RhsScalar*, ResScalar, Eigen::Index, Eigen::Index, Eigen::Index, Eigen::Index, Eigen::Index, Eigen::Index, int, Eigen::Index, Eigen::Index, Eigen::Index, Eigen::Index, Eigen::Index) [with int nr = 4; int LhsProgress = 1; int RhsProgress = 1; LhsScalar = double; RhsScalar = double; ResScalar = double; AccPacket = double; LhsPacket = double; RhsPacket = double; ResPacket = double; GEBPTraits = Eigen::internal::gebp_traits<double, double, false, false, 0, 0>; LinearMapper = Eigen::internal::BlasLinearMapper<double, int, 0, 1>; DataMapper = Eigen::internal::blas_data_mapper<double, int, 0, 0, 1>]	192	static,ignoring_inline_asm
../Core/ControllingLib/src/../inc/./Eigen/src/Core/products/GeneralBlockPanelKernel.h:1404:6:void Eigen::internal::gebp_kernel<LhsScalar, RhsScalar, Index, DataMapper, mr, nr, ConjugateLhs, ConjugateRhs>::operator()(const DataMapper&, const LhsScalar*, const RhsScalar*, Index, Index, Index, Eigen::internal::gebp_kernel<LhsScalar, RhsScalar, Index, DataMapper, mr, nr, ConjugateLhs, ConjugateRhs>::ResScalar, Index, Index, Index, Index) [with LhsScalar = double; RhsScalar = double; Index = int; DataMapper = Eigen::internal::blas_data_mapper<double, int, 0, 0, 1>; int mr = 1; int nr = 4; bool ConjugateLhs = false; bool ConjugateRhs = false]	80	static
../Core/ControllingLib/src/../inc/./Eigen/src/Core/products/TriangularMatrixMatrix.h:109:24:static void Eigen::internal::product_triangular_matrix_matrix<Scalar, Index, Mode, true, LhsStorageOrder, ConjugateLhs, RhsStorageOrder, ConjugateRhs, 0, ResInnerStride, Version>::run(Index, Index, Index, const Scalar*, Index, const Scalar*, Index, Scalar*, Index, Index, const Scalar&, Eigen::internal::level3_blocking<Scalar, Scalar>&) [with Scalar = double; Index = int; int Mode = 5; int LhsStorageOrder = 0; bool ConjugateLhs = false; int RhsStorageOrder = 0; bool ConjugateRhs = false; int ResInnerStride = 1; int Version = 0]	896	dynamic
../Core/ControllingLib/src/../inc/./Eigen/src/Core/products/GeneralMatrixVector.h:327:42:static void Eigen::internal::general_matrix_vector_product<Index, LhsScalar, LhsMapper, 1, ConjugateLhs, RhsScalar, RhsMapper, ConjugateRhs, Version>::run(Index, Index, const LhsMapper&, const RhsMapper&, Eigen::internal::general_matrix_vector_product<Index, LhsScalar, LhsMapper, 1, ConjugateLhs, RhsScalar, RhsMapper, ConjugateRhs, Version>::ResScalar*, Index, Eigen::internal::general_matrix_vector_product<Index, LhsScalar, LhsMapper, 1, ConjugateLhs, RhsScalar, RhsMapper, ConjugateRhs, Version>::ResScalar) [with Index = int; LhsScalar = double; LhsMapper = Eigen::internal::const_blas_data_mapper<double, int, 1>; bool ConjugateLhs = false; RhsScalar = double; RhsMapper = Eigen::internal::const_blas_data_mapper<double, int, 1>; bool ConjugateRhs = false; int Version = 1]	144	static
../Core/ControllingLib/src/../inc/./Eigen/src/Core/products/TriangularMatrixVector.h:105:24:static void Eigen::internal::triangular_matrix_vector_product<Index, Mode, LhsScalar, ConjLhs, RhsScalar, ConjRhs, 1, Version>::run(Index, Index, const LhsScalar*, Index, const RhsScalar*, Index, Eigen::internal::triangular_matrix_vector_product<Index, Mode, LhsScalar, ConjLhs, RhsScalar, ConjRhs, 1, Version>::ResScalar*, Index, const ResScalar&) [with Index = int; int Mode = 6; LhsScalar = double; bool ConjLhs = false; RhsScalar = double; bool ConjRhs = false; int Version = 0]	504	static
../Core/ControllingLib/src/../inc/./Eigen/src/Core/products/TriangularMatrixVector.h:290:15:static void Eigen::internal::trmv_selector<Mode, 1>::run(const Lhs&, const Rhs&, Dest&, const typename Dest::Scalar&) [with Lhs = Eigen::Transpose<const Eigen::Block<const Eigen::Block<Eigen::Matrix<double, -1, -1>, -1, -1, false>, -1, -1, false> >; Rhs = Eigen::Transpose<const Eigen::CwiseBinaryOp<Eigen::internal::scalar_product_op<double, double>, const Eigen::CwiseNullaryOp<Eigen::internal::scalar_constant_op<double>, const Eigen::Matrix<double, 1, -1> >, const Eigen::Transpose<const Eigen::Block<const Eigen::Block<const Eigen::Block<Eigen::Matrix<double, -1, -1>, -1, -1, false>, -1, 1, true>, -1, 1, false> > > >; Dest = Eigen::Transpose<Eigen::Block<Eigen::Block<Eigen::Matrix<double, -1, -1, 1, -1, -1>, 1, -1, true>, 1, -1, false> >; int Mode = 6]	272	dynamic
../Core/ControllingLib/src/../inc/./Eigen/src/Core/ProductEvaluators.h:141:8:static void Eigen::internal::Assignment<DstXprType, Eigen::Product<Lhs, Rhs, Options>, Eigen::internal::assign_op<Scalar, Scalar>, Eigen::internal::Dense2Dense, typename Eigen::internal::enable_if<((Options == Eigen::DefaultProduct) || (Options == Eigen::AliasFreeProduct))>::type>::run(DstXprType&, const SrcXprType&, const Eigen::internal::assign_op<Scalar, Scalar>&) [with DstXprType = Eigen::Block<Eigen::Block<Eigen::Matrix<double, -1, -1, 1, -1, -1>, 1, -1, true>, 1, -1, false>; Lhs = Eigen::CwiseBinaryOp<Eigen::internal::scalar_product_op<double, double>, const Eigen::CwiseNullaryOp<Eigen::internal::scalar_constant_op<double>, const Eigen::Matrix<double, 1, -1> >, const Eigen::Transpose<const Eigen::Block<const Eigen::Block<const Eigen::Block<Eigen::Matrix<double, -1, -1>, -1, -1, false>, -1, 1, true>, -1, 1, false> > >; Rhs = Eigen::TriangularView<const Eigen::Block<const Eigen::Block<Eigen::Matrix<double, -1, -1>, -1, -1, false>, -1, -1, false>, 5>; int Options = 0; Scalar = double]	272	static
../Core/ControllingLib/src/../inc/./Eigen/src/Householder/BlockHouseholder.h:51:6:void Eigen::internal::make_block_householder_triangular_factor(TriangularFactorType&, const VectorsType&, const CoeffsType&) [with TriangularFactorType = Eigen::Matrix<double, -1, -1, 1, -1, -1>; VectorsType = Eigen::Block<Eigen::Matrix<double, -1, -1>, -1, -1, false>; CoeffsType = Eigen::VectorBlock<const Eigen::Matrix<double, -1, 1>, -1>]	904	static
../Core/ControllingLib/src/../inc/./Eigen/src/Householder/BlockHouseholder.h:51:6:void Eigen::internal::make_block_householder_triangular_factor(TriangularFactorType&, const VectorsType&, const CoeffsType&) [with TriangularFactorType = Eigen::Matrix<double, -1, -1, 1, -1, -1>; VectorsType = Eigen::Block<Eigen::Matrix<double, -1, -1>, -1, -1, false>; CoeffsType = Eigen::Block<const Eigen::Matrix<double, -1, 1>, -1, 1, false>]	904	static
../Core/ControllingLib/src/../inc/./Eigen/src/Core/products/GeneralBlockPanelKernel.h:2252:24:void Eigen::internal::gemm_pack_lhs<Scalar, Index, DataMapper, Pack1, Pack2, Packet, 1, Conjugate, PanelMode>::operator()(Scalar*, const DataMapper&, Index, Index, Index, Index) [with Scalar = double; Index = int; DataMapper = Eigen::internal::const_blas_data_mapper<double, int, 1>; int Pack1 = 1; int Pack2 = 1; Packet = double; bool Conjugate = false; bool PanelMode = false]	56	static,ignoring_inline_asm
../Core/ControllingLib/src/../inc/./Eigen/src/Core/products/TriangularMatrixMatrix.h:109:24:static void Eigen::internal::product_triangular_matrix_matrix<Scalar, Index, Mode, true, LhsStorageOrder, ConjugateLhs, RhsStorageOrder, ConjugateRhs, 0, ResInnerStride, Version>::run(Index, Index, Index, const Scalar*, Index, const Scalar*, Index, Scalar*, Index, Index, const Scalar&, Eigen::internal::level3_blocking<Scalar, Scalar>&) [with Scalar = double; Index = int; int Mode = 6; int LhsStorageOrder = 1; bool ConjugateLhs = false; int RhsStorageOrder = 0; bool ConjugateRhs = false; int ResInnerStride = 1; int Version = 0]	896	dynamic
../Core/ControllingLib/src/../inc/./Eigen/src/Core/util/Meta.h:779:3:T Eigen::numext::div_ceil(const T&, const T&) [with T = int]	0	static
../Core/ControllingLib/src/../inc/./Eigen/src/Core/products/GeneralBlockPanelKernel.h:124:6:void Eigen::internal::evaluateProductBlockingSizesHeuristic(Index&, Index&, Index&, Index) [with LhsScalar = double; RhsScalar = double; int KcFactor = 4; Index = int]	96	static
../Core/ControllingLib/src/../inc/./Eigen/src/Core/products/GeneralBlockPanelKernel.h:339:6:void Eigen::internal::computeProductBlockingSizes(Index&, Index&, Index&, Index) [with LhsScalar = double; RhsScalar = double; int KcFactor = 4; Index = int]	8	static
../Core/ControllingLib/src/../inc/./Eigen/src/Core/AssignEvaluator.h:652:46:void Eigen::internal::generic_dense_assignment_kernel<DstEvaluatorTypeT, SrcEvaluatorTypeT, Functor, Version>::assignCoeff(Eigen::Index, Eigen::Index) [with DstEvaluatorTypeT = Eigen::internal::evaluator<Eigen::Block<Eigen::Block<Eigen::Matrix<double, -1, -1>, -1, -1, false>, 2, -1, false> >; SrcEvaluatorTypeT = Eigen::internal::evaluator<Eigen::Product<Eigen::CwiseBinaryOp<Eigen::internal::scalar_product_op<double, double>, const Eigen::CwiseNullaryOp<Eigen::internal::scalar_constant_op<double>, const Eigen::Matrix<double, 2, 1> >, const Eigen::Matrix<double, 2, 1> >, Eigen::Map<Eigen::Matrix<double, 1, -1>, 0, Eigen::Stride<0, 0> >, 1> >; Functor = Eigen::internal::sub_assign_op<double, double>; int Version = 0]	200	static
../Core/ControllingLib/src/../inc/./Eigen/src/Core/ProductEvaluators.h:174:8:static void Eigen::internal::Assignment<DstXprType, Eigen::Product<Lhs, Rhs, Options>, Eigen::internal::sub_assign_op<Scalar, Scalar>, Eigen::internal::Dense2Dense, typename Eigen::internal::enable_if<((Options == Eigen::DefaultProduct) || (Options == Eigen::AliasFreeProduct))>::type>::run(DstXprType&, const SrcXprType&, const Eigen::internal::sub_assign_op<Scalar, Scalar>&) [with DstXprType = Eigen::Block<Eigen::Block<Eigen::Matrix<double, -1, -1>, -1, -1, false>, 2, -1, false>; Lhs = Eigen::CwiseBinaryOp<Eigen::internal::scalar_product_op<double, double>, const Eigen::CwiseNullaryOp<Eigen::internal::scalar_constant_op<double>, const Eigen::Matrix<double, 2, 1> >, const Eigen::Matrix<double, 2, 1> >; Rhs = Eigen::Map<Eigen::Matrix<double, 1, -1>, 0, Eigen::Stride<0, 0> >; int Options = 0; Scalar = double]	200	static
../Core/ControllingLib/src/../inc/./Eigen/src/Householder/Householder.h:116:6:void Eigen::MatrixBase<Derived>::applyHouseholderOnTheLeft(const EssentialPart&, const Scalar&, Eigen::MatrixBase<Derived>::Scalar*) [with EssentialPart = Eigen::Matrix<double, 2, 1>; Derived = Eigen::Block<Eigen::Matrix<double, -1, -1>, -1, -1, false>]	416	static
../Core/ControllingLib/src/../inc/./Eigen/src/Eigenvalues/RealSchur.h:497:13:void Eigen::RealSchur<_MatrixType>::performFrancisQRStep(Eigen::RealSchur<_MatrixType>::Index, Eigen::RealSchur<_MatrixType>::Index, Eigen::RealSchur<_MatrixType>::Index, bool, const Vector3s&, Eigen::RealSchur<_MatrixType>::Scalar*) [with _MatrixType = Eigen::Matrix<double, -1, -1>]	408	static
../Core/ControllingLib/src/../inc/./Eigen/src/Eigenvalues/RealSchur.h:287:24:Eigen::RealSchur<MatrixType>& Eigen::RealSchur<_MatrixType>::computeFromHessenberg(const HessMatrixType&, const OrthMatrixType&, bool) [with HessMatrixType = Eigen::internal::HessenbergDecompositionMatrixHReturnType<Eigen::Matrix<double, -1, -1> >; OrthMatrixType = Eigen::Matrix<double, -1, -1>; _MatrixType = Eigen::Matrix<double, -1, -1>]	424	static
../Core/ControllingLib/src/../inc/./Eigen/src/Core/products/TriangularMatrixMatrix.h:109:24:static void Eigen::internal::product_triangular_matrix_matrix<Scalar, Index, Mode, true, LhsStorageOrder, ConjugateLhs, RhsStorageOrder, ConjugateRhs, 0, ResInnerStride, Version>::run(Index, Index, Index, const Scalar*, Index, const Scalar*, Index, Scalar*, Index, Index, const Scalar&, Eigen::internal::level3_blocking<Scalar, Scalar>&) [with Scalar = double; Index = int; int Mode = 2; int LhsStorageOrder = 1; bool ConjugateLhs = false; int RhsStorageOrder = 0; bool ConjugateRhs = false; int ResInnerStride = 1; int Version = 0]	896	dynamic
../Core/ControllingLib/src/../inc/./Eigen/src/Core/products/TriangularMatrixMatrix.h:109:24:static void Eigen::internal::product_triangular_matrix_matrix<Scalar, Index, Mode, true, LhsStorageOrder, ConjugateLhs, RhsStorageOrder, ConjugateRhs, 0, ResInnerStride, Version>::run(Index, Index, Index, const Scalar*, Index, const Scalar*, Index, Scalar*, Index, Index, const Scalar&, Eigen::internal::level3_blocking<Scalar, Scalar>&) [with Scalar = double; Index = int; int Mode = 1; int LhsStorageOrder = 0; bool ConjugateLhs = false; int RhsStorageOrder = 0; bool ConjugateRhs = false; int ResInnerStride = 1; int Version = 0]	896	dynamic
../Core/ControllingLib/src/../inc/./Eigen/src/Householder/BlockHouseholder.h:86:6:void Eigen::internal::apply_block_householder_on_the_left(MatrixType&, const VectorsType&, const CoeffsType&, bool) [with MatrixType = Eigen::Block<Eigen::Matrix<double, -1, -1>, -1, -1, false>; VectorsType = Eigen::Block<Eigen::Matrix<double, -1, -1>, -1, -1, false>; CoeffsType = Eigen::VectorBlock<const Eigen::Matrix<double, -1, 1>, -1>]	432	static
../Core/ControllingLib/src/../inc/./Eigen/src/Householder/HouseholderSequence.h:369:17:void Eigen::HouseholderSequence<VectorsType, CoeffsType, Side>::applyThisOnTheLeft(Dest&, Workspace&, bool) const [with Dest = Eigen::Matrix<double, -1, -1>; Workspace = Eigen::Matrix<double, -1, 1>; VectorsType = Eigen::Matrix<double, -1, -1>; CoeffsType = Eigen::Matrix<double, -1, 1>; int Side = 1]	208	static
../Core/ControllingLib/src/../inc/./Eigen/src/Householder/HouseholderSequence.h:290:10:void Eigen::HouseholderSequence<VectorsType, CoeffsType, Side>::evalTo(Dest&, Workspace&) const [with Dest = Eigen::Matrix<double, -1, -1>; Workspace = Eigen::Matrix<double, -1, 1>; VectorsType = Eigen::Matrix<double, -1, -1>; CoeffsType = Eigen::Matrix<double, -1, 1>; int Side = 1]	536	static
../Core/ControllingLib/src/../inc/./Eigen/src/Eigenvalues/RealSchur.h:249:24:Eigen::RealSchur<MatrixType>& Eigen::RealSchur<_MatrixType>::compute(const Eigen::EigenBase<OtherDerived>&, bool) [with InputType = Eigen::Matrix<double, -1, -1>; _MatrixType = Eigen::Matrix<double, -1, -1>]	320	static
../Core/ControllingLib/src/../inc/./Eigen/src/Eigenvalues/EigenSolver.h:379:1:Eigen::EigenSolver<MatrixType>& Eigen::EigenSolver<_MatrixType>::compute(const Eigen::EigenBase<OtherDerived>&, bool) [with InputType = Eigen::Matrix<double, -1, -1>; _MatrixType = Eigen::Matrix<double, -1, -1>]	184	static
../Core/ControllingLib/src/transfer_fcn.cpp:57:10:void DT::TransferFunction::d2c(double, DT::TransferFunction&)	544	static
