/opt/st/stm32cubeide_1.11.2/plugins/com.st.stm32cube.ide.mcu.externaltools.gnu-tools-for-stm32.10.3-2021.10.linux64_1.0.100.202210260954/tools/arm-none-eabi/include/c++/10.3.1/bits/basic_string.h:456:7:std::__cxx11::basic_string<_CharT, _Traits, _Alloc>::basic_string(const std::__cxx11::basic_string<_CharT, _Traits, _Alloc>&) [with _CharT = char; _Traits = std::char_traits<char>; _Alloc = std::allocator<char>]	24	static
../Core/Src/main.cpp:246:6:void SystemClock_Config()	88	static,ignoring_inline_asm
../Core/Src/main.cpp:178:5:int main()	72	static,ignoring_inline_asm
../Core/Src/main.cpp:698:6:void HAL_ADC_ConvCpltCallback(ADC_HandleTypeDef*)	8	static
../Core/Src/main.cpp:710:6:void HAL_GPIO_EXTI_Callback(uint16_t)	8	static,ignoring_inline_asm
../Core/Src/main.cpp:834:6:void set_motor_direction(int32_t)	8	static
../Core/Src/main.cpp:840:6:void phase_to_direction()	0	static
../Core/Src/main.cpp:791:6:void compute_hal_freq(int32_t*, uint16_t*, HalState*, uint16_t*, TIM_TypeDef*, int32_t*, uint32_t*, uint32_t*, uint16_t*, GPIO_TypeDef*, uint16_t)	48	static
../Core/Src/main.cpp:681:6:void HAL_TIM_IC_CaptureCallback(TIM_HandleTypeDef*)	40	static
../Core/Src/main.cpp:847:6:void update_abs_position()	8	static
../Core/Src/main.cpp:876:6:void send_data_usart(SimData)	48	static
../Core/Src/main.cpp:888:10:uint32_t get_absolute_value(int32_t)	0	static
../Core/Src/main.cpp:902:6:void Error_Handler()	0	static,ignoring_inline_asm
/opt/st/stm32cubeide_1.11.2/plugins/com.st.stm32cube.ide.mcu.externaltools.gnu-tools-for-stm32.10.3-2021.10.linux64_1.0.100.202210260954/tools/arm-none-eabi/include/c++/10.3.1/bits/basic_string.h:533:7:std::__cxx11::basic_string<_CharT, _Traits, _Alloc>::basic_string(const _CharT*, const _Alloc&) [with <template-parameter-2-1> = std::allocator<char>; _CharT = char; _Traits = std::char_traits<char>; _Alloc = std::allocator<char>]	24	static
../Core/Src/../ControllingLib/inc/./Eigen/src/Core/DenseStorage.h:621:23:Eigen::DenseStorage<T, -1, -1, _Cols, _Options>::~DenseStorage() [with T = double; int _Cols = 1; int _Options = 0]	8	static
../Core/Src/../ControllingLib/inc/./Eigen/src/Core/DenseCoeffsBase.h:406:5:Eigen::DenseCoeffsBase<Derived, 1>::Scalar& Eigen::DenseCoeffsBase<Derived, 1>::operator[](Eigen::Index) [with Derived = Eigen::Matrix<double, -1, 1>]	8	static
../Core/Src/../ControllingLib/inc/./circle_buffer.h:28:16:double DT::CircleBuffer::at(uint)	16	static
../Core/Src/../ControllingLib/inc/./circle_buffer.h:21:14:void DT::CircleBuffer::add(double)	16	static
../Core/Src/main.cpp:854:6:void check_zero_speed()	16	static
../Core/Src/../ControllingLib/inc/./Eigen/src/Core/DenseCoeffsBase.h:159:5:Eigen::DenseCoeffsBase<Derived, 0>::CoeffReturnType Eigen::DenseCoeffsBase<Derived, 0>::operator[](Eigen::Index) const [with Derived = Eigen::Matrix<double, -1, 1>]	8	static
../Core/Src/../ControllingLib/inc/./Eigen/src/Core/util/Memory.h:399:62:T* Eigen::internal::conditional_aligned_new_auto(std::size_t) [with T = double; bool Align = true]	8	static
../Core/Src/../ControllingLib/inc/./Eigen/src/Core/DenseStorage.h:588:23:Eigen::DenseStorage<T, -1, -1, _Cols, _Options>::DenseStorage(const Eigen::DenseStorage<T, -1, -1, _Cols, _Options>&) [with T = double; int _Cols = 1; int _Options = 0]	16	static
../Core/Src/../ControllingLib/inc/pole_placement.h:30:21:DT::PIVRegCoefs DT::PolePlacement::PIV_0z_1p(const DT::TransferFunction&, DT::AproximationType, double, double, double)	120	static
../Core/Src/../ControllingLib/inc/pole_placement.h:50:21:DT::PIDRegCoefs DT::PolePlacement::PID_0z_2p(const DT::TransferFunction&, DT::AproximationType, double, double, double)	128	static
../Core/Src/../ControllingLib/inc/./Eigen/src/Core/PlainObjectBase.h:271:30:void Eigen::PlainObjectBase<Derived>::resize(Eigen::Index, Eigen::Index) [with Derived = Eigen::Matrix<double, -1, 1>]	16	static
../Core/Src/../ControllingLib/inc/./circle_buffer.h:15:9:DT::CircleBuffer::CircleBuffer(Eigen::VectorXd)	24	static
../Core/Src/../ControllingLib/inc/./Eigen/src/Core/PlainObjectBase.h:589:25:Eigen::PlainObjectBase<Derived>::PlainObjectBase(const Eigen::DenseBase<OtherDerived>&) [with OtherDerived = Eigen::CwiseNullaryOp<Eigen::internal::scalar_constant_op<double>, Eigen::Matrix<double, -1, 1> >; Derived = Eigen::Matrix<double, -1, 1>]	16	static
../Core/Src/main.cpp:730:9:SimData automatic_system_loop()	176	static
../Core/Src/main.cpp:636:6:void HAL_TIM_PeriodElapsedCallback(TIM_HandleTypeDef*)	32	static
../Core/Src/main.cpp:911:1:cpp)	192	static
../Core/Src/main.cpp:911:1:cpp)	8	static
