../Core/Src/main.cpp:605:13:void MX_GPIO_Init()	56	static
../Core/Src/../ControllingLib/inc/././circle_buffer.h:14:9:DT::CircleBuffer::CircleBuffer(Eigen::VectorXd)	48	static
../Core/Src/../ControllingLib/inc/././circle_buffer.h:27:16:double DT::CircleBuffer::at(uint)	16	static
../Core/Src/main.cpp:716:6:void HAL_ADC_ConvCpltCallback(ADC_HandleTypeDef*)	8	static
../Core/Src/main.cpp:728:6:void HAL_GPIO_EXTI_Callback(uint16_t)	8	static,ignoring_inline_asm
../Core/Src/main.cpp:866:6:void set_motor_direction(int32_t)	16	static
../Core/Src/main.cpp:872:6:void phase_to_direction()	0	static
../Core/Src/main.cpp:823:6:void compute_hal_freq(int32_t*, uint16_t*, HalState*, uint16_t*, TIM_TypeDef*, int32_t*, uint32_t*, uint32_t*, uint16_t*, GPIO_TypeDef*, uint16_t)	24	static
../Core/Src/main.cpp:699:6:void HAL_TIM_IC_CaptureCallback(TIM_HandleTypeDef*)	40	static
../Core/Src/main.cpp:879:6:void update_abs_position()	0	static
../Core/Src/main.cpp:886:6:void check_zero_speed()	80	static
../Core/Src/main.cpp:908:6:void send_data_usart(SimData)	48	static
../Core/Src/main.cpp:920:10:uint32_t get_absolute_value(int32_t)	0	static
../Core/Src/main.cpp:934:6:void Error_Handler()	0	static,ignoring_inline_asm
../Core/Src/main.cpp:352:13:void MX_TIM2_Init()	64	static
../Core/Src/main.cpp:300:13:void MX_ADC1_Init()	24	static
../Core/Src/main.cpp:411:13:void MX_TIM3_Init()	48	static
../Core/Src/main.cpp:572:13:void MX_USART2_UART_Init()	8	static
../Core/Src/main.cpp:469:13:void MX_TIM4_Init()	48	static
../Core/Src/main.cpp:527:13:void MX_TIM5_Init()	32	static
../Core/Src/main.cpp:258:6:void SystemClock_Config()	88	static
../Core/Src/main.cpp:189:5:int main()	8	static
../Core/Src/../ControllingLib/inc/./Eigen/src/Core/DenseStorage.h:621:23:Eigen::DenseStorage<T, -1, -1, _Cols, _Options>::~DenseStorage() [with T = double; int _Cols = 1; int _Options = 0]	8	static
../Core/Src/../ControllingLib/inc/./Eigen/src/Core/PlainObjectBase.h:589:25:Eigen::PlainObjectBase<Derived>::PlainObjectBase(const Eigen::DenseBase<OtherDerived>&) [with OtherDerived = Eigen::CwiseNullaryOp<Eigen::internal::scalar_constant_op<double>, Eigen::Matrix<double, -1, 1> >; Derived = Eigen::Matrix<double, -1, 1>]	16	static
../Core/Src/main.cpp:943:1:void __static_initialization_and_destruction_0(int, int)	88	static
../Core/Src/../ControllingLib/inc/./Eigen/src/Core/PlainObjectBase.h:552:34:Eigen::PlainObjectBase<Derived>::PlainObjectBase(const std::initializer_list<std::initializer_list<typename Eigen::internal::traits<T>::Scalar> >&) [with Derived = Eigen::Matrix<double, -1, 1>]	24	static
../Core/Src/../ControllingLib/inc/./Eigen/src/Core/util/Memory.h:515:45:void Eigen::internal::smart_copy(const T*, const T*, T*) [with T = double]	8	static
../Core/Src/../ControllingLib/inc/pole_placement.h:12:21:DT::PIVRegCoefs DT::PolePlacement::PIV_0z_1p(const DT::TransferFunction&, DT::AproximationType, double, double, double)	144	static
../Core/Src/../ControllingLib/inc/pole_placement.h:44:21:DT::PIDRegCoefs DT::PolePlacement::PID_0z_2p(const DT::TransferFunction&, DT::AproximationType, double, double, double)	136	static
../Core/Src/main.cpp:752:9:SimData automatic_system_loop()	264	static
../Core/Src/main.cpp:654:6:void HAL_TIM_PeriodElapsedCallback(TIM_HandleTypeDef*)	48	static
../Core/Src/main.cpp:943:1:cpp)	8	static
../Core/Src/main.cpp:943:1:cpp)	8	static
