../Core/Src/main.c:112:5:main	8	static
../Core/Src/main.c:187:6:SystemClock_Config	88	static
../Core/Src/main.c:229:13:MX_ADC1_Init	24	static
../Core/Src/main.c:281:13:MX_TIM2_Init	64	static
../Core/Src/main.c:340:13:MX_TIM3_Init	48	static
../Core/Src/main.c:398:13:MX_TIM4_Init	48	static
../Core/Src/main.c:456:13:MX_TIM5_Init	32	static
../Core/Src/main.c:501:13:MX_USART2_UART_Init	8	static
../Core/Src/main.c:534:13:MX_GPIO_Init	40	static
../Core/Src/main.c:557:6:HAL_ADC_ConvCpltCallback	16	static
../Core/Src/main.c:579:6:HAL_TIM_IC_CaptureCallback	32	static
../Core/Src/main.c:593:6:HAL_TIM_PeriodElapsedCallback	16	static
../Core/Src/main.c:609:6:compute_hal_freq	24	static
../Core/Src/main.c:627:6:compute_ticks	24	static
../Core/Src/main.c:637:10:get_absolute_value	24	static
../Core/Src/main.c:645:6:send_data_usart	32	static
../Core/Src/main.c:655:6:set_motor_direction	16	static
../Core/Src/main.c:668:6:Error_Handler	4	static,ignoring_inline_asm
