../Core/Src/main.c:97:5:main	8	static
../Core/Src/main.c:169:6:SystemClock_Config	88	static
../Core/Src/main.c:211:13:MX_ADC1_Init	24	static
../Core/Src/main.c:263:13:MX_TIM2_Init	64	static
../Core/Src/main.c:322:13:MX_TIM3_Init	48	static
../Core/Src/main.c:380:13:MX_TIM4_Init	48	static
../Core/Src/main.c:438:13:MX_USART2_UART_Init	8	static
../Core/Src/main.c:471:13:MX_GPIO_Init	40	static
../Core/Src/main.c:494:6:HAL_ADC_ConvCpltCallback	24	static
../Core/Src/main.c:506:6:HAL_TIM_IC_CaptureCallback	16	static
../Core/Src/main.c:547:6:compute_ticks	24	static
../Core/Src/main.c:558:6:HAL_TIM_PeriodElapsedCallback	16	static
../Core/Src/main.c:571:10:get_absolute_value	24	static
../Core/Src/main.c:585:6:Error_Handler	4	static,ignoring_inline_asm
