../Core/Src/main.c:97:5:main	8	static
../Core/Src/main.c:169:6:SystemClock_Config	88	static
../Core/Src/main.c:211:13:MX_ADC1_Init	24	static
../Core/Src/main.c:263:13:MX_TIM2_Init	64	static
../Core/Src/main.c:322:13:MX_TIM3_Init	48	static
../Core/Src/main.c:380:13:MX_TIM4_Init	48	static
../Core/Src/main.c:438:13:MX_USART2_UART_Init	8	static
../Core/Src/main.c:471:13:MX_GPIO_Init	40	static
../Core/Src/main.c:493:6:HAL_ADC_ConvCpltCallback	16	static
../Core/Src/main.c:502:6:HAL_TIM_IC_CaptureCallback	16	static
../Core/Src/main.c:551:6:HAL_TIM_PeriodElapsedCallback	16	static
../Core/Src/main.c:570:6:Error_Handler	4	static,ignoring_inline_asm
