../Core/Src/main.c:113:5:main	8	static
../Core/Src/main.c:182:6:SystemClock_Config	88	static
../Core/Src/main.c:224:13:MX_ADC1_Init	24	static
../Core/Src/main.c:276:13:MX_TIM2_Init	64	static
../Core/Src/main.c:335:13:MX_TIM3_Init	48	static
../Core/Src/main.c:393:13:MX_TIM4_Init	48	static
../Core/Src/main.c:451:13:MX_TIM5_Init	32	static
../Core/Src/main.c:496:13:MX_USART2_UART_Init	8	static
../Core/Src/main.c:529:13:MX_GPIO_Init	40	static
../Core/Src/main.c:552:6:HAL_ADC_ConvCpltCallback	16	static
../Core/Src/main.c:574:6:HAL_TIM_IC_CaptureCallback	32	static
../Core/Src/main.c:591:6:HAL_TIM_PeriodElapsedCallback	16	static
../Core/Src/main.c:610:6:compute_hal_freq	24	static
../Core/Src/main.c:632:6:compute_ticks	24	static
../Core/Src/main.c:642:10:get_absolute_value	24	static
../Core/Src/main.c:650:6:send_data_usart	32	static
../Core/Src/main.c:660:6:set_motor_direction	16	static
../Core/Src/main.c:673:6:Error_Handler	4	static,ignoring_inline_asm
