../Core/Src/main.c:100:5:main	8	static
../Core/Src/main.c:176:6:SystemClock_Config	88	static
../Core/Src/main.c:218:13:MX_ADC1_Init	24	static
../Core/Src/main.c:270:13:MX_TIM2_Init	64	static
../Core/Src/main.c:329:13:MX_TIM3_Init	48	static
../Core/Src/main.c:387:13:MX_TIM4_Init	48	static
../Core/Src/main.c:445:13:MX_TIM5_Init	32	static
../Core/Src/main.c:490:13:MX_USART2_UART_Init	8	static
../Core/Src/main.c:523:13:MX_GPIO_Init	40	static
../Core/Src/main.c:546:6:HAL_ADC_ConvCpltCallback	16	static
../Core/Src/main.c:555:6:HAL_TIM_IC_CaptureCallback	32	static
../Core/Src/main.c:569:6:HAL_TIM_PeriodElapsedCallback	16	static
../Core/Src/main.c:585:6:compute_hal_freq	24	static
../Core/Src/main.c:603:6:compute_ticks	24	static
../Core/Src/main.c:613:10:get_absolute_value	24	static
../Core/Src/main.c:621:6:send_data_usart	32	static
../Core/Src/main.c:637:6:Error_Handler	4	static,ignoring_inline_asm
