../Core/Src/main.c:111:5:main	8	static
../Core/Src/main.c:179:6:SystemClock_Config	88	static
../Core/Src/main.c:221:13:MX_ADC1_Init	24	static
../Core/Src/main.c:273:13:MX_TIM2_Init	64	static
../Core/Src/main.c:332:13:MX_TIM3_Init	48	static
../Core/Src/main.c:390:13:MX_TIM4_Init	48	static
../Core/Src/main.c:448:13:MX_TIM5_Init	32	static
../Core/Src/main.c:493:13:MX_USART2_UART_Init	8	static
../Core/Src/main.c:526:13:MX_GPIO_Init	40	static
../Core/Src/main.c:549:6:HAL_ADC_ConvCpltCallback	16	static
../Core/Src/main.c:571:6:HAL_TIM_IC_CaptureCallback	32	static
../Core/Src/main.c:588:6:HAL_TIM_PeriodElapsedCallback	16	static
../Core/Src/main.c:604:6:compute_hal_freq	24	static
../Core/Src/main.c:626:6:compute_ticks	24	static
../Core/Src/main.c:636:10:get_absolute_value	24	static
../Core/Src/main.c:644:6:set_motor_direction	16	static
../Core/Src/main.c:657:6:Error_Handler	4	static,ignoring_inline_asm
