../Core/Src/main.c:140:5:main	8	static
../Core/Src/main.c:208:6:SystemClock_Config	88	static
../Core/Src/main.c:250:13:MX_ADC1_Init	24	static
../Core/Src/main.c:302:13:MX_TIM2_Init	64	static
../Core/Src/main.c:361:13:MX_TIM3_Init	48	static
../Core/Src/main.c:419:13:MX_TIM4_Init	48	static
../Core/Src/main.c:477:13:MX_TIM5_Init	32	static
../Core/Src/main.c:522:13:MX_USART2_UART_Init	8	static
../Core/Src/main.c:555:13:MX_GPIO_Init	40	static
../Core/Src/main.c:589:6:HAL_TIM_PeriodElapsedCallback	24	static
../Core/Src/main.c:624:6:HAL_TIM_IC_CaptureCallback	40	static
../Core/Src/main.c:639:6:HAL_ADC_ConvCpltCallback	16	static
../Core/Src/main.c:651:6:HAL_GPIO_EXTI_Callback	16	static,ignoring_inline_asm
../Core/Src/main.c:661:6:automatic_system_loop	4	static
../Core/Src/main.c:685:6:compute_hal_freq	24	static
../Core/Src/main.c:729:6:set_motor_direction	16	static
../Core/Src/main.c:735:6:check_zero_speed	4	static
../Core/Src/main.c:748:6:send_data_usart	32	static
../Core/Src/main.c:758:10:get_absolute_value	24	static
../Core/Src/main.c:772:6:Error_Handler	4	static,ignoring_inline_asm
