../Core/Src/main.cpp:605:13:void MX_GPIO_Init()	48	static
../Core/Src/../ControllingLib/inc/./circle_buffer.h:15:9:DT::CircleBuffer::CircleBuffer(Eigen::VectorXd)	48	static
../Core/Src/../ControllingLib/inc/./circle_buffer.h:28:16:double DT::CircleBuffer::at(uint)	16	static
../Core/Src/main.cpp:710:6:void HAL_ADC_ConvCpltCallback(ADC_HandleTypeDef*)	8	static
../Core/Src/main.cpp:722:6:void HAL_GPIO_EXTI_Callback(uint16_t)	8	static,ignoring_inline_asm
../Core/Src/main.cpp:856:6:void set_motor_direction(int32_t)	16	static
../Core/Src/main.cpp:862:6:void phase_to_direction()	0	static
../Core/Src/main.cpp:813:6:void compute_hal_freq(int32_t*, uint16_t*, HalState*, uint16_t*, TIM_TypeDef*, int32_t*, uint32_t*, uint32_t*, uint16_t*, GPIO_TypeDef*, uint16_t)	24	static
../Core/Src/main.cpp:693:6:void HAL_TIM_IC_CaptureCallback(TIM_HandleTypeDef*)	40	static
../Core/Src/main.cpp:869:6:void update_abs_position()	0	static
../Core/Src/main.cpp:876:6:void check_zero_speed()	80	static
../Core/Src/main.cpp:898:6:void send_data_usart(SimData)	48	static
../Core/Src/main.cpp:910:10:uint32_t get_absolute_value(int32_t)	0	static
../Core/Src/main.cpp:924:6:void Error_Handler()	0	static,ignoring_inline_asm
../Core/Src/main.cpp:352:13:void MX_TIM2_Init()	64	static
../Core/Src/main.cpp:300:13:void MX_ADC1_Init()	24	static
../Core/Src/main.cpp:411:13:void MX_TIM3_Init()	48	static
../Core/Src/main.cpp:572:13:void MX_USART2_UART_Init()	8	static
../Core/Src/main.cpp:469:13:void MX_TIM4_Init()	48	static
../Core/Src/main.cpp:527:13:void MX_TIM5_Init()	32	static
../Core/Src/main.cpp:258:6:void SystemClock_Config()	88	static
../Core/Src/main.cpp:189:5:int main()	8	static
../Core/Src/../ControllingLib/inc/./Eigen/src/Core/DenseStorage.h:621:23:Eigen::DenseStorage<T, -1, -1, _Cols, _Options>::~DenseStorage() [with T = double; int _Cols = 1; int _Options = 0]	8	static
/opt/st/stm32cubeide_1.11.2/plugins/com.st.stm32cube.ide.mcu.externaltools.gnu-tools-for-stm32.10.3-2021.10.linux64_1.0.100.202210260954/tools/arm-none-eabi/include/c++/10.3.1/bits/basic_string.tcc:206:7:void std::__cxx11::basic_string<_CharT, _Traits, _Alloc>::_M_construct(_InIterator, _InIterator, std::forward_iterator_tag) [with _FwdIterator = const char*; _CharT = char; _Traits = std::char_traits<char>; _Alloc = std::allocator<char>]	24	static
/opt/st/stm32cubeide_1.11.2/plugins/com.st.stm32cube.ide.mcu.externaltools.gnu-tools-for-stm32.10.3-2021.10.linux64_1.0.100.202210260954/tools/arm-none-eabi/include/c++/10.3.1/bits/basic_string.h:533:7:std::__cxx11::basic_string<_CharT, _Traits, _Alloc>::basic_string(const _CharT*, const _Alloc&) [with <template-parameter-2-1> = std::allocator<char>; _CharT = char; _Traits = std::char_traits<char>; _Alloc = std::allocator<char>]	16	static
../Core/Src/../ControllingLib/inc/./Eigen/src/Core/PlainObjectBase.h:589:25:Eigen::PlainObjectBase<Derived>::PlainObjectBase(const Eigen::DenseBase<OtherDerived>&) [with OtherDerived = Eigen::CwiseNullaryOp<Eigen::internal::scalar_constant_op<double>, Eigen::Matrix<double, -1, 1> >; Derived = Eigen::Matrix<double, -1, 1>]	16	static
../Core/Src/../ControllingLib/inc/./Eigen/src/Core/PlainObjectBase.h:552:34:Eigen::PlainObjectBase<Derived>::PlainObjectBase(const std::initializer_list<std::initializer_list<typename Eigen::internal::traits<T>::Scalar> >&) [with Derived = Eigen::Matrix<double, -1, 1>]	24	static
/opt/st/stm32cubeide_1.11.2/plugins/com.st.stm32cube.ide.mcu.externaltools.gnu-tools-for-stm32.10.3-2021.10.linux64_1.0.100.202210260954/tools/arm-none-eabi/include/c++/10.3.1/bits/basic_string.tcc:206:7:void std::__cxx11::basic_string<_CharT, _Traits, _Alloc>::_M_construct(_InIterator, _InIterator, std::forward_iterator_tag) [with _FwdIterator = char*; _CharT = char; _Traits = std::char_traits<char>; _Alloc = std::allocator<char>]	24	static
../Core/Src/main.cpp:933:1:void __static_initialization_and_destruction_0(int, int)	264	static
../Core/Src/../ControllingLib/inc/./Eigen/src/Core/util/Memory.h:515:45:void Eigen::internal::smart_copy(const T*, const T*, T*) [with T = double]	8	static
../Core/Src/../ControllingLib/inc/pole_placement.h:28:25:DT::PIVRegCoefs DT::PolePlacement::PIV_0z_1p(const DT::TransferFunction&, DT::AproximationType, double, double, double)	136	static
../Core/Src/../ControllingLib/inc/pole_placement.h:50:21:DT::PIDRegCoefs DT::PolePlacement::PID_0z_2p(const DT::TransferFunction&, DT::AproximationType, double, double, double)	136	static
../Core/Src/main.cpp:742:9:SimData automatic_system_loop()	264	static
../Core/Src/main.cpp:648:6:void HAL_TIM_PeriodElapsedCallback(TIM_HandleTypeDef*)	48	static
../Core/Src/main.cpp:933:1:cpp)	8	static
../Core/Src/main.cpp:933:1:cpp)	8	static
