../Core/Src/main.c:98:5:main	8	static
../Core/Src/main.c:170:6:SystemClock_Config	88	static
../Core/Src/main.c:212:13:MX_ADC1_Init	24	static
../Core/Src/main.c:264:13:MX_TIM2_Init	64	static
../Core/Src/main.c:323:13:MX_TIM3_Init	48	static
../Core/Src/main.c:381:13:MX_TIM4_Init	48	static
../Core/Src/main.c:439:13:MX_USART2_UART_Init	8	static
../Core/Src/main.c:472:13:MX_GPIO_Init	40	static
../Core/Src/main.c:494:6:HAL_ADC_ConvCpltCallback	16	static
../Core/Src/main.c:503:6:HAL_TIM_IC_CaptureCallback	16	static
../Core/Src/main.c:552:6:HAL_TIM_PeriodElapsedCallback	16	static
../Core/Src/main.c:571:6:Error_Handler	4	static,ignoring_inline_asm
