../Core/Src/stm32f4xx_it.c:80:6:NMI_Handler	4	static
../Core/Src/stm32f4xx_it.c:95:6:HardFault_Handler	4	static
../Core/Src/stm32f4xx_it.c:110:6:MemManage_Handler	4	static
../Core/Src/stm32f4xx_it.c:125:6:BusFault_Handler	4	static
../Core/Src/stm32f4xx_it.c:140:6:UsageFault_Handler	4	static
../Core/Src/stm32f4xx_it.c:155:6:SVC_Handler	4	static
../Core/Src/stm32f4xx_it.c:168:6:DebugMon_Handler	4	static
../Core/Src/stm32f4xx_it.c:181:6:PendSV_Handler	4	static
../Core/Src/stm32f4xx_it.c:194:6:SysTick_Handler	8	static
../Core/Src/stm32f4xx_it.c:215:6:ADC_IRQHandler	8	static
../Core/Src/stm32f4xx_it.c:229:6:TIM2_IRQHandler	8	static
../Core/Src/stm32f4xx_it.c:243:6:TIM3_IRQHandler	8	static
../Core/Src/stm32f4xx_it.c:255:6:TIM4_IRQHandler	8	static
../Core/Src/stm32f4xx_it.c:268:6:TIM5_IRQHandler	8	static
../Core/Src/stm32f4xx_it.c:281:6:send_data_usart	32	static
